Archive member included because of file (symbol)

arduino.ar(variant.cpp.o)     .\.ino.cpp.o (Serial3)
arduino.ar(Print.cpp.o)       .\.ino.cpp.o (Print::print(String const&))
arduino.ar(RingBuffer.cpp.o)  arduino.ar(variant.cpp.o) (RingBuffer::RingBuffer())
arduino.ar(UARTClass.cpp.o)   .\.ino.cpp.o (UARTClass::available())
arduino.ar(USARTClass.cpp.o)  .\.ino.cpp.o (USARTClass::begin(unsigned long))
arduino.ar(WMath.cpp.o)       .\.ino.cpp.o (map(long, long, long, long, long))
arduino.ar(WString.cpp.o)     .\.ino.cpp.o (String::~String())
arduino.ar(abi.cpp.o)         arduino.ar(Print.cpp.o) (__cxa_pure_virtual)
arduino.ar(itoa.c.o)          arduino.ar(WString.cpp.o) (ltoa)
arduino.ar(main.cpp.o)        c:/users/roberto/eclipse/arduinoplugin/tools/arduino/arm-none-eabi-gcc/4.8.3-2014q1/bin/../lib/gcc/arm-none-eabi/4.8.3/../../../../arm-none-eabi/lib/armv7-m/crt0.o (main)
arduino.ar(watchdog.cpp.o)    arduino.ar(main.cpp.o) (watchdogSetup())
arduino.ar(wiring.c.o)        arduino.ar(main.cpp.o) (delay)
arduino.ar(wiring_analog.c.o)
                              .\.ino.cpp.o (analogRead)
arduino.ar(wiring_digital.c.o)
                              .\.ino.cpp.o (pinMode)
arduino.ar(dtostrf.c.o)       arduino.ar(WString.cpp.o) (dtostrf)
arduino.ar(USBCore.cpp.o)     arduino.ar(main.cpp.o) (USBDevice_::attach())
arduino.ar(hooks.c.o)         arduino.ar(wiring.c.o) (yield)
arduino.ar(CDC.cpp.o)         arduino.ar(USBCore.cpp.o) (Serial_::accept())
arduino.ar(PluggableUSB.cpp.o)
                              arduino.ar(USBCore.cpp.o) (PluggableUSB_::getInterface(unsigned char*))
arduino.ar(Reset.cpp.o)       arduino.ar(CDC.cpp.o) (initiateReset)
C:/Users/Roberto/eclipse/arduinoPlugin/packages/arduino/hardware/sam/1.6.7/variants/arduino_due_x/libsam_sam3x8e_gcc_rel.a(pio.o)
                              arduino.ar(wiring_digital.c.o) (PIO_PullUp)
C:/Users/Roberto/eclipse/arduinoPlugin/packages/arduino/hardware/sam/1.6.7/variants/arduino_due_x/libsam_sam3x8e_gcc_rel.a(pmc.o)
                              arduino.ar(variant.cpp.o) (pmc_enable_periph_clk)
C:/Users/Roberto/eclipse/arduinoPlugin/packages/arduino/hardware/sam/1.6.7/variants/arduino_due_x/libsam_sam3x8e_gcc_rel.a(pwmc.o)
                              arduino.ar(wiring_analog.c.o) (PWMC_ConfigureChannel)
C:/Users/Roberto/eclipse/arduinoPlugin/packages/arduino/hardware/sam/1.6.7/variants/arduino_due_x/libsam_sam3x8e_gcc_rel.a(tc.o)
                              arduino.ar(wiring_analog.c.o) (TC_Configure)
C:/Users/Roberto/eclipse/arduinoPlugin/packages/arduino/hardware/sam/1.6.7/variants/arduino_due_x/libsam_sam3x8e_gcc_rel.a(timetick.o)
                              arduino.ar(wiring.c.o) (GetTickCount)
C:/Users/Roberto/eclipse/arduinoPlugin/packages/arduino/hardware/sam/1.6.7/variants/arduino_due_x/libsam_sam3x8e_gcc_rel.a(wdt.o)
                              arduino.ar(watchdog.cpp.o) (WDT_Enable)
C:/Users/Roberto/eclipse/arduinoPlugin/packages/arduino/hardware/sam/1.6.7/variants/arduino_due_x/libsam_sam3x8e_gcc_rel.a(system_sam3xa.o)
                              arduino.ar(variant.cpp.o) (SystemInit)
C:/Users/Roberto/eclipse/arduinoPlugin/packages/arduino/hardware/sam/1.6.7/variants/arduino_due_x/libsam_sam3x8e_gcc_rel.a(startup_sam3xa.o)
                              (Reset_Handler)
C:/Users/Roberto/eclipse/arduinoPlugin/packages/arduino/hardware/sam/1.6.7/variants/arduino_due_x/libsam_sam3x8e_gcc_rel.a(adc.o)
                              arduino.ar(variant.cpp.o) (adc_init)
C:/Users/Roberto/eclipse/arduinoPlugin/packages/arduino/hardware/sam/1.6.7/variants/arduino_due_x/libsam_sam3x8e_gcc_rel.a(uotghs.o)
                              C:/Users/Roberto/eclipse/arduinoPlugin/packages/arduino/hardware/sam/1.6.7/variants/arduino_due_x/libsam_sam3x8e_gcc_rel.a(startup_sam3xa.o) (UOTGHS_Handler)
C:/Users/Roberto/eclipse/arduinoPlugin/packages/arduino/hardware/sam/1.6.7/variants/arduino_due_x/libsam_sam3x8e_gcc_rel.a(interrupt_sam_nvic.o)
                              arduino.ar(USBCore.cpp.o) (g_interrupt_enabled)
C:/Users/Roberto/eclipse/arduinoPlugin/packages/arduino/hardware/sam/1.6.7/variants/arduino_due_x/libsam_sam3x8e_gcc_rel.a(uotghs_device.o)
                              arduino.ar(USBCore.cpp.o) (UDD_SetStack)
C:/Users/Roberto/eclipse/arduinoPlugin/packages/arduino/hardware/sam/1.6.7/variants/arduino_due_x/libsam_sam3x8e_gcc_rel.a(dacc.o)
                              arduino.ar(wiring_analog.c.o) (dacc_reset)
arduino.ar(WInterrupts.c.o)   C:/Users/Roberto/eclipse/arduinoPlugin/packages/arduino/hardware/sam/1.6.7/variants/arduino_due_x/libsam_sam3x8e_gcc_rel.a(startup_sam3xa.o) (PIOA_Handler)
arduino.ar(cortex_handlers.c.o)
                              C:/Users/Roberto/eclipse/arduinoPlugin/packages/arduino/hardware/sam/1.6.7/variants/arduino_due_x/libsam_sam3x8e_gcc_rel.a(startup_sam3xa.o) (NMI_Handler)
[...]
Memory Configuration

Name             Origin             Length             Attributes
rom              0x00080000         0x00080000         xr
sram0            0x20000000         0x00010000         xrw
sram1            0x20080000         0x00008000         xrw
ram              0x20070000         0x00018000         xrw
*default*        0x00000000         0xffffffff

Linker script and memory map

LOAD c:/users/roberto/eclipse/arduinoplugin/tools/arduino/arm-none-eabi-gcc/4.8.3-2014q1/bin/../lib/gcc/arm-none-eabi/4.8.3/armv7-m/crti.o
LOAD c:/users/roberto/eclipse/arduinoplugin/tools/arduino/arm-none-eabi-gcc/4.8.3-2014q1/bin/../lib/gcc/arm-none-eabi/4.8.3/armv7-m/crtbegin.o
LOAD c:/users/roberto/eclipse/arduinoplugin/tools/arduino/arm-none-eabi-gcc/4.8.3-2014q1/bin/../lib/gcc/arm-none-eabi/4.8.3/../../../../arm-none-eabi/lib/armv7-m/crt0.o
START GROUP
LOAD C:/Users/Roberto/Documents/GitHub/SeniorDesign406/DueReadTempsStringOut/Release/core/syscalls_sam3.c.o
LOAD .\.ino.cpp.o
LOAD arduino.ar
LOAD C:/Users/Roberto/eclipse/arduinoPlugin/packages/arduino/hardware/sam/1.6.7/variants/arduino_due_x/libsam_sam3x8e_gcc_rel.a
END GROUP
LOAD c:/users/roberto/eclipse/arduinoplugin/tools/arduino/arm-none-eabi-gcc/4.8.3-2014q1/bin/../lib/gcc/arm-none-eabi/4.8.3/../../../../arm-none-eabi/lib/armv7-m\libm.a
START GROUP
LOAD c:/users/roberto/eclipse/arduinoplugin/tools/arduino/arm-none-eabi-gcc/4.8.3-2014q1/bin/../lib/gcc/arm-none-eabi/4.8.3/armv7-m\libgcc.a
LOAD c:/users/roberto/eclipse/arduinoplugin/tools/arduino/arm-none-eabi-gcc/4.8.3-2014q1/bin/../lib/gcc/arm-none-eabi/4.8.3/../../../../arm-none-eabi/lib/armv7-m\libg.a
LOAD c:/users/roberto/eclipse/arduinoplugin/tools/arduino/arm-none-eabi-gcc/4.8.3-2014q1/bin/../lib/gcc/arm-none-eabi/4.8.3/../../../../arm-none-eabi/lib/armv7-m\libc.a
END GROUP
LOAD c:/users/roberto/eclipse/arduinoplugin/tools/arduino/arm-none-eabi-gcc/4.8.3-2014q1/bin/../lib/gcc/arm-none-eabi/4.8.3/armv7-m/crtend.o
LOAD c:/users/roberto/eclipse/arduinoplugin/tools/arduino/arm-none-eabi-gcc/4.8.3-2014q1/bin/../lib/gcc/arm-none-eabi/4.8.3/armv7-m/crtn.o

.text           0x00080000     0xa254
                0x00080000                . = ALIGN (0x4)
                0x00080000                _sfixed = .
 *(.vectors .vectors.*)
 .vectors       0x00080000       0xf4 C:/Users/Roberto/eclipse/arduinoPlugin/packages/arduino/hardware/sam/1.6.7/variants/arduino_due_x/libsam_sam3x8e_gcc_rel.a(startup_sam3xa.o)
                0x00080000                exception_table
 *(.text .text.* .gnu.linkonce.t.*)
 .text          0x000800f4       0x54 c:/users/roberto/eclipse/arduinoplugin/tools/arduino/arm-none-eabi-gcc/4.8.3-2014q1/bin/../lib/gcc/arm-none-eabi/4.8.3/armv7-m/crtbegin.o
 .text._sbrk    0x00080148       0x1c C:/Users/Roberto/Documents/GitHub/SeniorDesign406/DueReadTempsStringOut/Release/core/syscalls_sam3.c.o
                0x00080148                _sbrk
 .text._close   0x00080164        0x6 C:/Users/Roberto/Documents/GitHub/SeniorDesign406/DueReadTempsStringOut/Release/core/syscalls_sam3.c.o
                0x00080164                _close
 .text._fstat   0x0008016a        0xa C:/Users/Roberto/Documents/GitHub/SeniorDesign406/DueReadTempsStringOut/Release/core/syscalls_sam3.c.o
                0x0008016a                _fstat
 .text._isatty  0x00080174        0x4 C:/Users/Roberto/Documents/GitHub/SeniorDesign406/DueReadTempsStringOut/Release/core/syscalls_sam3.c.o
                0x00080174                _isatty
 .text._lseek   0x00080178        0x4 C:/Users/Roberto/Documents/GitHub/SeniorDesign406/DueReadTempsStringOut/Release/core/syscalls_sam3.c.o
                0x00080178                _lseek
 .text._read    0x0008017c        0x4 C:/Users/Roberto/Documents/GitHub/SeniorDesign406/DueReadTempsStringOut/Release/core/syscalls_sam3.c.o
                0x0008017c                _read
 .text._write   0x00080180       0x24 C:/Users/Roberto/Documents/GitHub/SeniorDesign406/DueReadTempsStringOut/Release/core/syscalls_sam3.c.o
                0x00080180                _write
 .text._exit    0x000801a4       0x10 C:/Users/Roberto/Documents/GitHub/SeniorDesign406/DueReadTempsStringOut/Release/core/syscalls_sam3.c.o
                0x000801a4                _exit
 .text._kill    0x000801b4        0x2 C:/Users/Roberto/Documents/GitHub/SeniorDesign406/DueReadTempsStringOut/Release/core/syscalls_sam3.c.o
                0x000801b4                _kill
 .text._getpid  0x000801b6        0x6 C:/Users/Roberto/Documents/GitHub/SeniorDesign406/DueReadTempsStringOut/Release/core/syscalls_sam3.c.o
                0x000801b6                _getpid
 .text.setup    0x000801bc       0x90 .\.ino.cpp.o
                0x000801bc                setup
 .text.loop     0x0008024c      0x1b4 .\.ino.cpp.o
                0x0008024c                loop
 .text._Z11serialEventv
                0x00080400        0x2 arduino.ar(variant.cpp.o)
                0x00080400                serialEvent()
 *fill*         0x00080402        0x2 
 .text.UART_Handler
                0x00080404        0xc arduino.ar(variant.cpp.o)
                0x00080404                UART_Handler
 .text._Z12serialEvent1v
                0x00080410        0x2 arduino.ar(variant.cpp.o)
                0x00080410                serialEvent1()
 .text._Z12serialEvent2v
                0x00080412        0x2 arduino.ar(variant.cpp.o)
                0x00080412                serialEvent2()
 .text._Z12serialEvent3v
                0x00080414        0x2 arduino.ar(variant.cpp.o)
                0x00080414                serialEvent3()
 *fill*         0x00080416        0x2 
 .text.USART0_Handler
                0x00080418        0xc arduino.ar(variant.cpp.o)
                0x00080418                USART0_Handler
 .text.USART1_Handler
                0x00080424        0xc arduino.ar(variant.cpp.o)
                0x00080424                USART1_Handler
 .text.USART3_Handler
                0x00080430        0xc arduino.ar(variant.cpp.o)
                0x00080430                USART3_Handler
 .text.init     0x0008043c      0x128 arduino.ar(variant.cpp.o)
                0x0008043c                init
 .text.startup._GLOBAL__sub_I_g_APinDescription
                0x00080564       0xd4 arduino.ar(variant.cpp.o)
 .text._Z14serialEventRunv
                0x00080638       0x44 arduino.ar(variant.cpp.o)
                0x00080638                serialEventRun()
 .text._ZN5Print5writeEPKhj
                0x0008067c       0x22 arduino.ar(Print.cpp.o)
                0x0008067c                Print::write(unsigned char const*, unsigned int)
 .text._ZN5Print5printERK6String
                0x0008069e       0x10 arduino.ar(Print.cpp.o)
                0x0008069e                Print::print(String const&)
 .text._ZN10RingBufferC2Ev
                0x000806ae       0x1a arduino.ar(RingBuffer.cpp.o)
                0x000806ae                RingBuffer::RingBuffer()
                0x000806ae                RingBuffer::RingBuffer()
 .text._ZN10RingBuffer10store_charEh
                0x000806c8       0x1e arduino.ar(RingBuffer.cpp.o)
                0x000806c8                RingBuffer::store_char(unsigned char)
 .text._ZN9UARTClasscvbEv
                0x000806e6        0x4 arduino.ar(UARTClass.cpp.o)
                0x000806e6                UARTClass::operator bool()
 .text._ZN9UARTClass9availableEv
                0x000806ea       0x12 arduino.ar(UARTClass.cpp.o)
                0x000806ea                UARTClass::available()
 .text._ZN9UARTClass4peekEv
                0x000806fc       0x1c arduino.ar(UARTClass.cpp.o)
                0x000806fc                UARTClass::peek()
 .text._ZN9UARTClass4readEv
                0x00080718       0x2a arduino.ar(UARTClass.cpp.o)
                0x00080718                UARTClass::read()
 .text._ZN9UARTClass5flushEv
                0x00080742       0x18 arduino.ar(UARTClass.cpp.o)
                0x00080742                UARTClass::flush()
 *fill*         0x0008075a        0x2 
 .text._ZN9UARTClass5writeEh
                0x0008075c       0x54 arduino.ar(UARTClass.cpp.o)
                0x0008075c                UARTClass::write(unsigned char)
 .text._ZN9UARTClass3endEv
                0x000807b0       0x3c arduino.ar(UARTClass.cpp.o)
                0x000807b0                UARTClass::end()
 .text._ZN9UARTClassC2EP4Uart4IRQnmP10RingBufferS4_
                0x000807ec       0x24 arduino.ar(UARTClass.cpp.o)
                0x000807ec                UARTClass::UARTClass(Uart*, IRQn, unsigned long, RingBuffer*, RingBuffer*)
                0x000807ec                UARTClass::UARTClass(Uart*, IRQn, unsigned long, RingBuffer*, RingBuffer*)
 .text._ZN9UARTClass4initEmm
                0x00080810       0x70 arduino.ar(UARTClass.cpp.o)
                0x00080810                UARTClass::init(unsigned long, unsigned long)
 .text._ZN9UARTClass5beginEm
                0x00080880        0x8 arduino.ar(UARTClass.cpp.o)
                0x00080880                UARTClass::begin(unsigned long)
 .text._ZN9UARTClass10IrqHandlerEv
                0x00080888       0x5a arduino.ar(UARTClass.cpp.o)
                0x00080888                UARTClass::IrqHandler()
 .text._ZN10USARTClass5beginEm
                0x000808e2        0x8 arduino.ar(USARTClass.cpp.o)
                0x000808e2                USARTClass::begin(unsigned long)
 *fill*         0x000808ea        0x2 
 .text._ZN10USARTClassC2EP5Usart4IRQnmP10RingBufferS4_
                0x000808ec       0x24 arduino.ar(USARTClass.cpp.o)
                0x000808ec                USARTClass::USARTClass(Usart*, IRQn, unsigned long, RingBuffer*, RingBuffer*)
                0x000808ec                USARTClass::USARTClass(Usart*, IRQn, unsigned long, RingBuffer*, RingBuffer*)
 .text._Z3maplllll
                0x00080910       0x14 arduino.ar(WMath.cpp.o)
                0x00080910                map(long, long, long, long, long)
 .text._ZN6StringD2Ev
                0x00080924        0xe arduino.ar(WString.cpp.o)
                0x00080924                String::~String()
                0x00080924                String::~String()
 .text._ZN6String10invalidateEv
                0x00080932       0x16 arduino.ar(WString.cpp.o)
                0x00080932                String::invalidate()
 .text._ZN6String12changeBufferEj
                0x00080948       0x18 arduino.ar(WString.cpp.o)
                0x00080948                String::changeBuffer(unsigned int)
 .text._ZN6String7reserveEj
                0x00080960       0x22 arduino.ar(WString.cpp.o)
                0x00080960                String::reserve(unsigned int)
 .text._ZN6String4copyEPKcj
                0x00080982       0x26 arduino.ar(WString.cpp.o)
                0x00080982                String::copy(char const*, unsigned int)
 .text._ZN6StringC2EPKc
                0x000809a8       0x24 arduino.ar(WString.cpp.o)
                0x000809a8                String::String(char const*)
                0x000809a8                String::String(char const*)
 .text._ZN6StringaSERKS_
                0x000809cc       0x1e arduino.ar(WString.cpp.o)
                0x000809cc                String::operator=(String const&)
 .text._ZN6StringC2ERKS_
                0x000809ea       0x14 arduino.ar(WString.cpp.o)
                0x000809ea                String::String(String const&)
                0x000809ea                String::String(String const&)
 .text._ZN6StringaSEPKc
                0x000809fe       0x22 arduino.ar(WString.cpp.o)
                0x000809fe                String::operator=(char const*)
 .text._ZN6StringC2Ec
                0x00080a20       0x20 arduino.ar(WString.cpp.o)
                0x00080a20                String::String(char)
                0x00080a20                String::String(char)
 .text._ZN6StringC2Efh
                0x00080a40       0x32 arduino.ar(WString.cpp.o)
                0x00080a40                String::String(float, unsigned char)
                0x00080a40                String::String(float, unsigned char)
 .text._ZN6String6concatEPKcj
                0x00080a72       0x2e arduino.ar(WString.cpp.o)
                0x00080a72                String::concat(char const*, unsigned int)
 .text._ZN6String6concatERKS_
                0x00080aa0        0xa arduino.ar(WString.cpp.o)
                0x00080aa0                String::concat(String const&)
 .text._ZN6String6concatEc
                0x00080aaa       0x1a arduino.ar(WString.cpp.o)
                0x00080aaa                String::concat(char)
 .text._ZplRK15StringSumHelperc
                0x00080ac4       0x14 arduino.ar(WString.cpp.o)
                0x00080ac4                operator+(StringSumHelper const&, char)
 .text.initVariant
                0x00080ad8        0x2 arduino.ar(main.cpp.o)
                0x00080ad8                initVariant
 *fill*         0x00080ada        0x2 
 .text.startup.main
                0x00080adc       0x38 arduino.ar(main.cpp.o)
                0x00080adc                main
 .text._watchdogDefaultSetup
                0x00080b14        0xc arduino.ar(watchdog.cpp.o)
                0x00080b14                _watchdogDefaultSetup
                0x00080b14                watchdogSetup()
 .text.delay    0x00080b20       0x1c arduino.ar(wiring.c.o)
                0x00080b20                delay
 .text.mapResolution
                0x00080b3c       0x12 arduino.ar(wiring_analog.c.o)
 *fill*         0x00080b4e        0x2 
 .text.analogRead
                0x00080b50       0x9c arduino.ar(wiring_analog.c.o)
                0x00080b50                analogRead
 .text.analogOutputInit
                0x00080bec        0x2 arduino.ar(wiring_analog.c.o)
                0x00080bec                analogOutputInit
 *fill*         0x00080bee        0x2 
 .text.analogWrite
                0x00080bf0      0x2c0 arduino.ar(wiring_analog.c.o)
                0x00080bf0                analogWrite
 .text.pinMode  0x00080eb0      0x108 arduino.ar(wiring_digital.c.o)
                0x00080eb0                pinMode
 .text.digitalWrite
                0x00080fb8       0x70 arduino.ar(wiring_digital.c.o)
                0x00080fb8                digitalWrite
 .text.dtostrf  0x00081028       0x28 arduino.ar(dtostrf.c.o)
                0x00081028                dtostrf
 .text.unlikely._ZL11USB_SendZlpv
                0x00081050       0x20 arduino.ar(USBCore.cpp.o)
 .text._Z14USBD_Availablem
                0x00081070       0x2c arduino.ar(USBCore.cpp.o)
                0x00081070                USBD_Available(unsigned long)
 .text._Z9USBD_RecvmPvm
                0x0008109c       0x7c arduino.ar(USBCore.cpp.o)
                0x0008109c                USBD_Recv(unsigned long, void*, unsigned long)
 .text._Z9USBD_Recvm
                0x00081118       0x22 arduino.ar(USBCore.cpp.o)
                0x00081118                USBD_Recv(unsigned long)
 *fill*         0x0008113a        0x2 
 .text._Z9USBD_SendmPKvm
                0x0008113c       0x4c arduino.ar(USBCore.cpp.o)
                0x0008113c                USBD_Send(unsigned long, void const*, unsigned long)
 .text._Z16USBD_SendControlhPKvm
                0x00081188       0x40 arduino.ar(USBCore.cpp.o)
                0x00081188                USBD_SendControl(unsigned char, void const*, unsigned long)
 .text.unlikely._ZL24USB_SendStringDescriptorPKhi
                0x000811c8       0x64 arduino.ar(USBCore.cpp.o)
 .text._Z16USBD_RecvControlPvm
                0x0008122c       0x1c arduino.ar(USBCore.cpp.o)
                0x0008122c                USBD_RecvControl(void*, unsigned long)
 .text._Z26USBD_ClassInterfaceRequestR8USBSetup
                0x00081248       0x1e arduino.ar(USBCore.cpp.o)
                0x00081248                USBD_ClassInterfaceRequest(USBSetup&)
 .text._Z19USBD_SendInterfacesv
                0x00081266       0x22 arduino.ar(USBCore.cpp.o)
                0x00081266                USBD_SendInterfaces()
 .text._Z24USBD_SendOtherInterfacesv
                0x00081288       0x22 arduino.ar(USBCore.cpp.o)
                0x00081288                USBD_SendOtherInterfaces()
 .text._Z10USBD_Flushm
                0x000812aa       0x16 arduino.ar(USBCore.cpp.o)
                0x000812aa                USBD_Flush(unsigned long)
 .text._ZN10USBDevice_C2Ev
                0x000812c0       0x24 arduino.ar(USBCore.cpp.o)
                0x000812c0                USBDevice_::USBDevice_()
                0x000812c0                USBDevice_::USBDevice_()
 .text._ZN10USBDevice_6attachEv
                0x000812e4       0x20 arduino.ar(USBCore.cpp.o)
                0x000812e4                USBDevice_::attach()
 .text.startup._GLOBAL__sub_I_EndPoints
                0x00081304        0xc arduino.ar(USBCore.cpp.o)
 .text._ZL7USB_ISRv
                0x00081310      0x454 arduino.ar(USBCore.cpp.o)
 .text.__empty  0x00081764        0x2 arduino.ar(hooks.c.o)
                0x00081764                yield
 .text.__false  0x00081766        0x4 arduino.ar(hooks.c.o)
                0x00081766                sysTickHook
 .text.__halt   0x0008176a        0x2 arduino.ar(hooks.c.o)
                0x0008176a                svcHook
                0x0008176a                pendSVHook
 .text._ZN7Serial_9availableEv
                0x0008176c       0x18 arduino.ar(CDC.cpp.o)
                0x0008176c                Serial_::available()
 .text._ZN7Serial_4peekEv
                0x00081784       0x20 arduino.ar(CDC.cpp.o)
                0x00081784                Serial_::peek()
 .text._ZN7Serial_5writeEh
                0x000817a4       0x16 arduino.ar(CDC.cpp.o)
                0x000817a4                Serial_::write(unsigned char)
 *fill*         0x000817ba        0x2 
 .text._ZN7Serial_4readEv
                0x000817bc       0x44 arduino.ar(CDC.cpp.o)
                0x000817bc                Serial_::read()
 .text._ZN7Serial_5flushEv
                0x00081800        0x6 arduino.ar(CDC.cpp.o)
                0x00081800                Serial_::flush()
 *fill*         0x00081806        0x2 
 .text._ZN7Serial_6acceptEv
                0x00081808       0x70 arduino.ar(CDC.cpp.o)
                0x00081808                Serial_::accept()
 .text._ZN7Serial_5writeEPKhj
                0x00081878       0x2c arduino.ar(CDC.cpp.o)
                0x00081878                Serial_::write(unsigned char const*, unsigned int)
 .text._Z16CDC_GetInterfacePh
                0x000818a4       0x14 arduino.ar(CDC.cpp.o)
                0x000818a4                CDC_GetInterface(unsigned char*)
 .text._Z21CDC_GetOtherInterfacePh
                0x000818b8       0x14 arduino.ar(CDC.cpp.o)
                0x000818b8                CDC_GetOtherInterface(unsigned char*)
 .text._Z9CDC_SetupR8USBSetup
                0x000818cc       0x78 arduino.ar(CDC.cpp.o)
                0x000818cc                CDC_Setup(USBSetup&)
 .text.startup._GLOBAL__sub_I_cdc_rx_buffer
                0x00081944       0x1c arduino.ar(CDC.cpp.o)
 .text._ZN13PluggableUSB_12getInterfaceEPh
                0x00081960       0x28 arduino.ar(PluggableUSB.cpp.o)
                0x00081960                PluggableUSB_::getInterface(unsigned char*)
 .text._ZN13PluggableUSB_13getDescriptorER8USBSetup
                0x00081988       0x1c arduino.ar(PluggableUSB.cpp.o)
                0x00081988                PluggableUSB_::getDescriptor(USBSetup&)
 .text._ZN13PluggableUSB_12getShortNameEPc
                0x000819a4       0x1c arduino.ar(PluggableUSB.cpp.o)
                0x000819a4                PluggableUSB_::getShortName(char*)
 .text._ZN13PluggableUSB_5setupER8USBSetup
                0x000819c0       0x20 arduino.ar(PluggableUSB.cpp.o)
                0x000819c0                PluggableUSB_::setup(USBSetup&)
 .text._Z12PluggableUSBv
                0x000819e0       0x28 arduino.ar(PluggableUSB.cpp.o)
                0x000819e0                PluggableUSB()
 .text.initiateReset
                0x00081a08        0xc arduino.ar(Reset.cpp.o)
                0x00081a08                initiateReset
 .text.cancelReset
                0x00081a14       0x10 arduino.ar(Reset.cpp.o)
                0x00081a14                cancelReset
 .text.tickReset
                0x00081a24       0x20 arduino.ar(Reset.cpp.o)
                0x00081a24                tickReset
 .text.PIO_PullUp
                0x00081a44        0xa C:/Users/Roberto/eclipse/arduinoPlugin/packages/arduino/hardware/sam/1.6.7/variants/arduino_due_x/libsam_sam3x8e_gcc_rel.a(pio.o)
                0x00081a44                PIO_PullUp
 .text.PIO_SetPeripheral
                0x00081a4e       0x26 C:/Users/Roberto/eclipse/arduinoPlugin/packages/arduino/hardware/sam/1.6.7/variants/arduino_due_x/libsam_sam3x8e_gcc_rel.a(pio.o)
                0x00081a4e                PIO_SetPeripheral
 .text.PIO_SetInput
                0x00081a74       0x26 C:/Users/Roberto/eclipse/arduinoPlugin/packages/arduino/hardware/sam/1.6.7/variants/arduino_due_x/libsam_sam3x8e_gcc_rel.a(pio.o)
                0x00081a74                PIO_SetInput
 .text.PIO_SetOutput
                0x00081a9a       0x24 C:/Users/Roberto/eclipse/arduinoPlugin/packages/arduino/hardware/sam/1.6.7/variants/arduino_due_x/libsam_sam3x8e_gcc_rel.a(pio.o)
                0x00081a9a                PIO_SetOutput
 *fill*         0x00081abe        0x2 
 .text.PIO_Configure
                0x00081ac0       0x64 C:/Users/Roberto/eclipse/arduinoPlugin/packages/arduino/hardware/sam/1.6.7/variants/arduino_due_x/libsam_sam3x8e_gcc_rel.a(pio.o)
                0x00081ac0                PIO_Configure
 .text.PIO_GetOutputDataStatus
                0x00081b24       0x14 C:/Users/Roberto/eclipse/arduinoPlugin/packages/arduino/hardware/sam/1.6.7/variants/arduino_due_x/libsam_sam3x8e_gcc_rel.a(pio.o)
                0x00081b24                PIO_GetOutputDataStatus
 .text.pmc_enable_upll_clock
                0x00081b38       0x14 C:/Users/Roberto/eclipse/arduinoPlugin/packages/arduino/hardware/sam/1.6.7/variants/arduino_due_x/libsam_sam3x8e_gcc_rel.a(pmc.o)
                0x00081b38                pmc_enable_upll_clock
 .text.pmc_enable_periph_clk
                0x00081b4c       0x44 C:/Users/Roberto/eclipse/arduinoPlugin/packages/arduino/hardware/sam/1.6.7/variants/arduino_due_x/libsam_sam3x8e_gcc_rel.a(pmc.o)
                0x00081b4c                pmc_enable_periph_clk
 .text.pmc_disable_periph_clk
                0x00081b90       0x40 C:/Users/Roberto/eclipse/arduinoPlugin/packages/arduino/hardware/sam/1.6.7/variants/arduino_due_x/libsam_sam3x8e_gcc_rel.a(pmc.o)
                0x00081b90                pmc_disable_periph_clk
 .text.pmc_switch_udpck_to_upllck
                0x00081bd0       0x14 C:/Users/Roberto/eclipse/arduinoPlugin/packages/arduino/hardware/sam/1.6.7/variants/arduino_due_x/libsam_sam3x8e_gcc_rel.a(pmc.o)
                0x00081bd0                pmc_switch_udpck_to_upllck
 .text.pmc_enable_udpck
                0x00081be4        0xc C:/Users/Roberto/eclipse/arduinoPlugin/packages/arduino/hardware/sam/1.6.7/variants/arduino_due_x/libsam_sam3x8e_gcc_rel.a(pmc.o)
                0x00081be4                pmc_enable_udpck
 .text.FindClockConfiguration
                0x00081bf0       0x7c C:/Users/Roberto/eclipse/arduinoPlugin/packages/arduino/hardware/sam/1.6.7/variants/arduino_due_x/libsam_sam3x8e_gcc_rel.a(pwmc.o)
 .text.PWMC_ConfigureChannel
                0x00081c6c       0x60 C:/Users/Roberto/eclipse/arduinoPlugin/packages/arduino/hardware/sam/1.6.7/variants/arduino_due_x/libsam_sam3x8e_gcc_rel.a(pwmc.o)
                0x00081c6c                PWMC_ConfigureChannel
 .text.PWMC_ConfigureClocks
                0x00081ccc       0x54 C:/Users/Roberto/eclipse/arduinoPlugin/packages/arduino/hardware/sam/1.6.7/variants/arduino_due_x/libsam_sam3x8e_gcc_rel.a(pwmc.o)
                0x00081ccc                PWMC_ConfigureClocks
 .text.PWMC_SetPeriod
                0x00081d20       0x1a C:/Users/Roberto/eclipse/arduinoPlugin/packages/arduino/hardware/sam/1.6.7/variants/arduino_due_x/libsam_sam3x8e_gcc_rel.a(pwmc.o)
                0x00081d20                PWMC_SetPeriod
 *fill*         0x00081d3a        0x2 
 .text.PWMC_SetDutyCycle
                0x00081d3c       0x44 C:/Users/Roberto/eclipse/arduinoPlugin/packages/arduino/hardware/sam/1.6.7/variants/arduino_due_x/libsam_sam3x8e_gcc_rel.a(pwmc.o)
                0x00081d3c                PWMC_SetDutyCycle
 .text.PWMC_EnableChannel
                0x00081d80        0xa C:/Users/Roberto/eclipse/arduinoPlugin/packages/arduino/hardware/sam/1.6.7/variants/arduino_due_x/libsam_sam3x8e_gcc_rel.a(pwmc.o)
                0x00081d80                PWMC_EnableChannel
 *fill*         0x00081d8a        0x2 
 .text.TC_Configure
                0x00081d8c       0x38 C:/Users/Roberto/eclipse/arduinoPlugin/packages/arduino/hardware/sam/1.6.7/variants/arduino_due_x/libsam_sam3x8e_gcc_rel.a(tc.o)
                0x00081d8c                TC_Configure
 .text.TC_Start
                0x00081dc4       0x2c C:/Users/Roberto/eclipse/arduinoPlugin/packages/arduino/hardware/sam/1.6.7/variants/arduino_due_x/libsam_sam3x8e_gcc_rel.a(tc.o)
                0x00081dc4                TC_Start
 .text.TC_SetRA
                0x00081df0        0x8 C:/Users/Roberto/eclipse/arduinoPlugin/packages/arduino/hardware/sam/1.6.7/variants/arduino_due_x/libsam_sam3x8e_gcc_rel.a(tc.o)
                0x00081df0                TC_SetRA
 .text.TC_SetRB
                0x00081df8        0x8 C:/Users/Roberto/eclipse/arduinoPlugin/packages/arduino/hardware/sam/1.6.7/variants/arduino_due_x/libsam_sam3x8e_gcc_rel.a(tc.o)
                0x00081df8                TC_SetRB
 .text.TC_SetRC
                0x00081e00        0x8 C:/Users/Roberto/eclipse/arduinoPlugin/packages/arduino/hardware/sam/1.6.7/variants/arduino_due_x/libsam_sam3x8e_gcc_rel.a(tc.o)
                0x00081e00                TC_SetRC
 .text.TimeTick_Increment
                0x00081e08       0x10 C:/Users/Roberto/eclipse/arduinoPlugin/packages/arduino/hardware/sam/1.6.7/variants/arduino_due_x/libsam_sam3x8e_gcc_rel.a(timetick.o)
                0x00081e08                TimeTick_Increment
 .text.GetTickCount
                0x00081e18        0xc C:/Users/Roberto/eclipse/arduinoPlugin/packages/arduino/hardware/sam/1.6.7/variants/arduino_due_x/libsam_sam3x8e_gcc_rel.a(timetick.o)
                0x00081e18                GetTickCount
 .text.WDT_Disable
                0x00081e24        0x8 C:/Users/Roberto/eclipse/arduinoPlugin/packages/arduino/hardware/sam/1.6.7/variants/arduino_due_x/libsam_sam3x8e_gcc_rel.a(wdt.o)
                0x00081e24                WDT_Disable
 .text.SystemInit
                0x00081e2c       0x88 C:/Users/Roberto/eclipse/arduinoPlugin/packages/arduino/hardware/sam/1.6.7/variants/arduino_due_x/libsam_sam3x8e_gcc_rel.a(system_sam3xa.o)
                0x00081e2c                SystemInit
 .text.Reset_Handler
                0x00081eb4       0x78 C:/Users/Roberto/eclipse/arduinoPlugin/packages/arduino/hardware/sam/1.6.7/variants/arduino_due_x/libsam_sam3x8e_gcc_rel.a(startup_sam3xa.o)
                0x00081eb4                Reset_Handler
 .text.adc_init
                0x00081f2c       0x98 C:/Users/Roberto/eclipse/arduinoPlugin/packages/arduino/hardware/sam/1.6.7/variants/arduino_due_x/libsam_sam3x8e_gcc_rel.a(adc.o)
                0x00081f2c                adc_init
 .text.adc_configure_trigger
                0x00081fc4        0xe C:/Users/Roberto/eclipse/arduinoPlugin/packages/arduino/hardware/sam/1.6.7/variants/arduino_due_x/libsam_sam3x8e_gcc_rel.a(adc.o)
                0x00081fc4                adc_configure_trigger
 .text.adc_configure_timing
                0x00081fd2       0x1a C:/Users/Roberto/eclipse/arduinoPlugin/packages/arduino/hardware/sam/1.6.7/variants/arduino_due_x/libsam_sam3x8e_gcc_rel.a(adc.o)
                0x00081fd2                adc_configure_timing
 .text.adc_start
                0x00081fec        0x6 C:/Users/Roberto/eclipse/arduinoPlugin/packages/arduino/hardware/sam/1.6.7/variants/arduino_due_x/libsam_sam3x8e_gcc_rel.a(adc.o)
                0x00081fec                adc_start
 .text.adc_enable_channel
                0x00081ff2        0xa C:/Users/Roberto/eclipse/arduinoPlugin/packages/arduino/hardware/sam/1.6.7/variants/arduino_due_x/libsam_sam3x8e_gcc_rel.a(adc.o)
                0x00081ff2                adc_enable_channel
 .text.adc_disable_channel
                0x00081ffc        0xa C:/Users/Roberto/eclipse/arduinoPlugin/packages/arduino/hardware/sam/1.6.7/variants/arduino_due_x/libsam_sam3x8e_gcc_rel.a(adc.o)
                0x00081ffc                adc_disable_channel
 .text.adc_disable_all_channel
                0x00082006        0x8 C:/Users/Roberto/eclipse/arduinoPlugin/packages/arduino/hardware/sam/1.6.7/variants/arduino_due_x/libsam_sam3x8e_gcc_rel.a(adc.o)
                0x00082006                adc_disable_all_channel
 .text.adc_get_channel_status
                0x0008200e        0xa C:/Users/Roberto/eclipse/arduinoPlugin/packages/arduino/hardware/sam/1.6.7/variants/arduino_due_x/libsam_sam3x8e_gcc_rel.a(adc.o)
                0x0008200e                adc_get_channel_status
 .text.adc_get_latest_value
                0x00082018        0x4 C:/Users/Roberto/eclipse/arduinoPlugin/packages/arduino/hardware/sam/1.6.7/variants/arduino_due_x/libsam_sam3x8e_gcc_rel.a(adc.o)
                0x00082018                adc_get_latest_value
 .text.adc_disable_interrupt
                0x0008201c        0x4 C:/Users/Roberto/eclipse/arduinoPlugin/packages/arduino/hardware/sam/1.6.7/variants/arduino_due_x/libsam_sam3x8e_gcc_rel.a(adc.o)
                0x0008201c                adc_disable_interrupt
 .text.adc_get_status
                0x00082020        0x4 C:/Users/Roberto/eclipse/arduinoPlugin/packages/arduino/hardware/sam/1.6.7/variants/arduino_due_x/libsam_sam3x8e_gcc_rel.a(adc.o)
                0x00082020                adc_get_status
 .text.UOTGHS_Handler
                0x00082024       0x10 C:/Users/Roberto/eclipse/arduinoPlugin/packages/arduino/hardware/sam/1.6.7/variants/arduino_due_x/libsam_sam3x8e_gcc_rel.a(uotghs.o)
                0x00082024                UOTGHS_Handler
 .text.UDD_SetStack
                0x00082034        0xc C:/Users/Roberto/eclipse/arduinoPlugin/packages/arduino/hardware/sam/1.6.7/variants/arduino_due_x/libsam_sam3x8e_gcc_rel.a(uotghs_device.o)
                0x00082034                UDD_SetStack
 .text.UDD_Init
                0x00082040       0xd0 C:/Users/Roberto/eclipse/arduinoPlugin/packages/arduino/hardware/sam/1.6.7/variants/arduino_due_x/libsam_sam3x8e_gcc_rel.a(uotghs_device.o)
                0x00082040                UDD_Init
 .text.UDD_Attach
                0x00082110       0x50 C:/Users/Roberto/eclipse/arduinoPlugin/packages/arduino/hardware/sam/1.6.7/variants/arduino_due_x/libsam_sam3x8e_gcc_rel.a(uotghs_device.o)
                0x00082110                UDD_Attach
 .text.UDD_InitEP
                0x00082160       0x2c C:/Users/Roberto/eclipse/arduinoPlugin/packages/arduino/hardware/sam/1.6.7/variants/arduino_due_x/libsam_sam3x8e_gcc_rel.a(uotghs_device.o)
                0x00082160                UDD_InitEP
 .text.UDD_InitEndpoints
                0x0008218c       0x3c C:/Users/Roberto/eclipse/arduinoPlugin/packages/arduino/hardware/sam/1.6.7/variants/arduino_due_x/libsam_sam3x8e_gcc_rel.a(uotghs_device.o)
                0x0008218c                UDD_InitEndpoints
 .text.UDD_WaitIN
                0x000821c8       0x10 C:/Users/Roberto/eclipse/arduinoPlugin/packages/arduino/hardware/sam/1.6.7/variants/arduino_due_x/libsam_sam3x8e_gcc_rel.a(uotghs_device.o)
                0x000821c8                UDD_WaitIN
 .text.UDD_WaitOUT
                0x000821d8       0x10 C:/Users/Roberto/eclipse/arduinoPlugin/packages/arduino/hardware/sam/1.6.7/variants/arduino_due_x/libsam_sam3x8e_gcc_rel.a(uotghs_device.o)
                0x000821d8                UDD_WaitOUT
 .text.UDD_ClearIN
                0x000821e8       0x18 C:/Users/Roberto/eclipse/arduinoPlugin/packages/arduino/hardware/sam/1.6.7/variants/arduino_due_x/libsam_sam3x8e_gcc_rel.a(uotghs_device.o)
                0x000821e8                UDD_ClearIN
 .text.UDD_ClearOUT
                0x00082200       0x18 C:/Users/Roberto/eclipse/arduinoPlugin/packages/arduino/hardware/sam/1.6.7/variants/arduino_due_x/libsam_sam3x8e_gcc_rel.a(uotghs_device.o)
                0x00082200                UDD_ClearOUT
 .text.UDD_ReceivedSetupInt
                0x00082218       0x10 C:/Users/Roberto/eclipse/arduinoPlugin/packages/arduino/hardware/sam/1.6.7/variants/arduino_due_x/libsam_sam3x8e_gcc_rel.a(uotghs_device.o)
                0x00082218                UDD_ReceivedSetupInt
 .text.UDD_ClearSetupInt
                0x00082228       0x10 C:/Users/Roberto/eclipse/arduinoPlugin/packages/arduino/hardware/sam/1.6.7/variants/arduino_due_x/libsam_sam3x8e_gcc_rel.a(uotghs_device.o)
                0x00082228                UDD_ClearSetupInt
 .text.UDD_Send
                0x00082238       0x88 C:/Users/Roberto/eclipse/arduinoPlugin/packages/arduino/hardware/sam/1.6.7/variants/arduino_due_x/libsam_sam3x8e_gcc_rel.a(uotghs_device.o)
                0x00082238                UDD_Send
 .text.UDD_Send8
                0x000822c0       0x24 C:/Users/Roberto/eclipse/arduinoPlugin/packages/arduino/hardware/sam/1.6.7/variants/arduino_due_x/libsam_sam3x8e_gcc_rel.a(uotghs_device.o)
                0x000822c0                UDD_Send8
 .text.UDD_Recv8
                0x000822e4       0x28 C:/Users/Roberto/eclipse/arduinoPlugin/packages/arduino/hardware/sam/1.6.7/variants/arduino_due_x/libsam_sam3x8e_gcc_rel.a(uotghs_device.o)
                0x000822e4                UDD_Recv8
 .text.UDD_Recv
                0x0008230c       0x34 C:/Users/Roberto/eclipse/arduinoPlugin/packages/arduino/hardware/sam/1.6.7/variants/arduino_due_x/libsam_sam3x8e_gcc_rel.a(uotghs_device.o)
                0x0008230c                UDD_Recv
 .text.UDD_Stall
                0x00082340       0x14 C:/Users/Roberto/eclipse/arduinoPlugin/packages/arduino/hardware/sam/1.6.7/variants/arduino_due_x/libsam_sam3x8e_gcc_rel.a(uotghs_device.o)
                0x00082340                UDD_Stall
 .text.UDD_FifoByteCount
                0x00082354       0x14 C:/Users/Roberto/eclipse/arduinoPlugin/packages/arduino/hardware/sam/1.6.7/variants/arduino_due_x/libsam_sam3x8e_gcc_rel.a(uotghs_device.o)
                0x00082354                UDD_FifoByteCount
 .text.UDD_ReleaseRX
                0x00082368       0x28 C:/Users/Roberto/eclipse/arduinoPlugin/packages/arduino/hardware/sam/1.6.7/variants/arduino_due_x/libsam_sam3x8e_gcc_rel.a(uotghs_device.o)
                0x00082368                UDD_ReleaseRX
 .text.UDD_ReleaseTX
                0x00082390       0x28 C:/Users/Roberto/eclipse/arduinoPlugin/packages/arduino/hardware/sam/1.6.7/variants/arduino_due_x/libsam_sam3x8e_gcc_rel.a(uotghs_device.o)
                0x00082390                UDD_ReleaseTX
 .text.UDD_SetAddress
                0x000823b8       0x20 C:/Users/Roberto/eclipse/arduinoPlugin/packages/arduino/hardware/sam/1.6.7/variants/arduino_due_x/libsam_sam3x8e_gcc_rel.a(uotghs_device.o)
                0x000823b8                UDD_SetAddress
 .text.dacc_reset
                0x000823d8        0x6 C:/Users/Roberto/eclipse/arduinoPlugin/packages/arduino/hardware/sam/1.6.7/variants/arduino_due_x/libsam_sam3x8e_gcc_rel.a(dacc.o)
                0x000823d8                dacc_reset
 .text.dacc_set_transfer_mode
                0x000823de       0x14 C:/Users/Roberto/eclipse/arduinoPlugin/packages/arduino/hardware/sam/1.6.7/variants/arduino_due_x/libsam_sam3x8e_gcc_rel.a(dacc.o)
                0x000823de                dacc_set_transfer_mode
 .text.dacc_get_interrupt_status
                0x000823f2        0x4 C:/Users/Roberto/eclipse/arduinoPlugin/packages/arduino/hardware/sam/1.6.7/variants/arduino_due_x/libsam_sam3x8e_gcc_rel.a(dacc.o)
                0x000823f2                dacc_get_interrupt_status
 .text.dacc_write_conversion_data
                0x000823f6        0x4 C:/Users/Roberto/eclipse/arduinoPlugin/packages/arduino/hardware/sam/1.6.7/variants/arduino_due_x/libsam_sam3x8e_gcc_rel.a(dacc.o)
                0x000823f6                dacc_write_conversion_data
 .text.dacc_set_channel_selection
                0x000823fa       0x18 C:/Users/Roberto/eclipse/arduinoPlugin/packages/arduino/hardware/sam/1.6.7/variants/arduino_due_x/libsam_sam3x8e_gcc_rel.a(dacc.o)
                0x000823fa                dacc_set_channel_selection
 .text.dacc_set_power_save
                0x00082412       0x24 C:/Users/Roberto/eclipse/arduinoPlugin/packages/arduino/hardware/sam/1.6.7/variants/arduino_due_x/libsam_sam3x8e_gcc_rel.a(dacc.o)
                0x00082412                dacc_set_power_save
 .text.dacc_set_timing
                0x00082436       0x2c C:/Users/Roberto/eclipse/arduinoPlugin/packages/arduino/hardware/sam/1.6.7/variants/arduino_due_x/libsam_sam3x8e_gcc_rel.a(dacc.o)
                0x00082436                dacc_set_timing
 .text.dacc_enable_channel
                0x00082462       0x12 C:/Users/Roberto/eclipse/arduinoPlugin/packages/arduino/hardware/sam/1.6.7/variants/arduino_due_x/libsam_sam3x8e_gcc_rel.a(dacc.o)
                0x00082462                dacc_enable_channel
 .text.dacc_get_channel_status
                0x00082474        0x4 C:/Users/Roberto/eclipse/arduinoPlugin/packages/arduino/hardware/sam/1.6.7/variants/arduino_due_x/libsam_sam3x8e_gcc_rel.a(dacc.o)
                0x00082474                dacc_get_channel_status
 .text.dacc_set_analog_control
                0x00082478        0x8 C:/Users/Roberto/eclipse/arduinoPlugin/packages/arduino/hardware/sam/1.6.7/variants/arduino_due_x/libsam_sam3x8e_gcc_rel.a(dacc.o)
                0x00082478                dacc_set_analog_control
 .text.PIOA_Handler
                0x00082480       0x38 arduino.ar(WInterrupts.c.o)
                0x00082480                PIOA_Handler
 .text.PIOB_Handler
                0x000824b8       0x38 arduino.ar(WInterrupts.c.o)
                0x000824b8                PIOB_Handler
 .text.PIOC_Handler
                0x000824f0       0x38 arduino.ar(WInterrupts.c.o)
                0x000824f0                PIOC_Handler
 .text.PIOD_Handler
                0x00082528       0x38 arduino.ar(WInterrupts.c.o)
                0x00082528                PIOD_Handler
 .text.__halt   0x00082560        0x2 arduino.ar(cortex_handlers.c.o)
                0x00082560                DACC_Handler
                0x00082560                DebugMon_Handler
                0x00082560                DMAC_Handler
                0x00082560                TRNG_Handler
                0x00082560                HardFault_Handler
                0x00082560                TC2_Handler
                0x00082560                TWI1_Handler
                0x00082560                NMI_Handler
                0x00082560                TC7_Handler
                0x00082560                ADC_Handler
                0x00082560                SMC_Handler
                0x00082560                RTT_Handler
                0x00082560                EFC1_Handler
                0x00082560                RTC_Handler
                0x00082560                UsageFault_Handler
                0x00082560                TC6_Handler
                0x00082560                WDT_Handler
                0x00082560                CAN0_Handler
                0x00082560                TC4_Handler
                0x00082560                TC1_Handler
                0x00082560                HSMCI_Handler
                0x00082560                TC3_Handler
                0x00082560                TWI0_Handler
                0x00082560                SSC_Handler
                0x00082560                EFC0_Handler
                0x00082560                PMC_Handler
                0x00082560                PWM_Handler
                0x00082560                CAN1_Handler
                0x00082560                MemManage_Handler
                0x00082560                SUPC_Handler
                0x00082560                TC8_Handler
                0x00082560                USART2_Handler
                0x00082560                EMAC_Handler
                0x00082560                BusFault_Handler
                0x00082560                RSTC_Handler
                0x00082560                TC0_Handler
                0x00082560                TC5_Handler
                0x00082560                SPI0_Handler
 .text.SVC_Handler
                0x00082562        0x4 arduino.ar(cortex_handlers.c.o)
                0x00082562                SVC_Handler
 .text.PendSV_Handler
                0x00082566        0x4 arduino.ar(cortex_handlers.c.o)
                0x00082566                PendSV_Handler
 .text.SysTick_Handler
                0x0008256a       0x16 arduino.ar(cortex_handlers.c.o)
                0x0008256a                SysTick_Handler
 .text.__fpclassifyd
                0x00082580       0x50 c:/users/roberto/eclipse/arduinoplugin/tools/arduino/arm-none-eabi-gcc/4.8.3-2014q1/bin/../lib/gcc/arm-none-eabi/4.8.3/../../../../arm-none-eabi/lib/armv7-m\libm.a(lib_a-s_fpclassify.o)
                0x00082580                __fpclassifyd
 .text          0x000825d0      0x370 c:/users/roberto/eclipse/arduinoplugin/tools/arduino/arm-none-eabi-gcc/4.8.3-2014q1/bin/../lib/gcc/arm-none-eabi/4.8.3/armv7-m\libgcc.a(_arm_addsubdf3.o)
                0x000825d0                __aeabi_drsub
                0x000825d8                __aeabi_dsub
                0x000825d8                __subdf3
                0x000825dc                __aeabi_dadd
                0x000825dc                __adddf3
                0x00082854                __floatunsidf
                0x00082854                __aeabi_ui2d
                0x00082874                __floatsidf
                0x00082874                __aeabi_i2d
                0x00082898                __aeabi_f2d
                0x00082898                __extendsfdf2
                0x000828d4                __floatundidf
                0x000828d4                __aeabi_ul2d
                0x000828e4                __floatdidf
                0x000828e4                __aeabi_l2d
 .text          0x00082940      0x424 c:/users/roberto/eclipse/arduinoplugin/tools/arduino/arm-none-eabi-gcc/4.8.3-2014q1/bin/../lib/gcc/arm-none-eabi/4.8.3/armv7-m\libgcc.a(_arm_muldivdf3.o)
                0x00082940                __aeabi_dmul
                0x00082940                __muldf3
                0x00082b94                __divdf3
                0x00082b94                __aeabi_ddiv
 .text          0x00082d64      0x110 c:/users/roberto/eclipse/arduinoplugin/tools/arduino/arm-none-eabi-gcc/4.8.3-2014q1/bin/../lib/gcc/arm-none-eabi/4.8.3/armv7-m\libgcc.a(_arm_cmpdf2.o)
                0x00082d64                __gtdf2
                0x00082d64                __gedf2
                0x00082d6c                __ltdf2
                0x00082d6c                __ledf2
                0x00082d74                __nedf2
                0x00082d74                __eqdf2
                0x00082d74                __cmpdf2
                0x00082df0                __aeabi_cdrcmple
                0x00082e00                __aeabi_cdcmpeq
                0x00082e00                __aeabi_cdcmple
                0x00082e10                __aeabi_dcmpeq
                0x00082e24                __aeabi_dcmplt
                0x00082e38                __aeabi_dcmple
                0x00082e4c                __aeabi_dcmpge
                0x00082e60                __aeabi_dcmpgt
 .text          0x00082e74       0x50 c:/users/roberto/eclipse/arduinoplugin/tools/arduino/arm-none-eabi-gcc/4.8.3-2014q1/bin/../lib/gcc/arm-none-eabi/4.8.3/armv7-m\libgcc.a(_arm_fixdfsi.o)
                0x00082e74                __aeabi_d2iz
                0x00082e74                __fixdfsi
 .text          0x00082ec4      0x21c c:/users/roberto/eclipse/arduinoplugin/tools/arduino/arm-none-eabi-gcc/4.8.3-2014q1/bin/../lib/gcc/arm-none-eabi/4.8.3/armv7-m\libgcc.a(_arm_addsubsf3.o)
                0x00082ec4                __aeabi_frsub
                0x00082ecc                __subsf3
                0x00082ecc                __aeabi_fsub
                0x00082ed0                __aeabi_fadd
                0x00082ed0                __addsf3
                0x00083030                __aeabi_ui2f
                0x00083030                __floatunsisf
                0x00083038                __aeabi_i2f
                0x00083038                __floatsisf
                0x00083054                __aeabi_ul2f
                0x00083054                __floatundisf
                0x00083064                __aeabi_l2f
                0x00083064                __floatdisf
 .text          0x000830e0      0x2a0 c:/users/roberto/eclipse/arduinoplugin/tools/arduino/arm-none-eabi-gcc/4.8.3-2014q1/bin/../lib/gcc/arm-none-eabi/4.8.3/armv7-m\libgcc.a(_arm_muldivsf3.o)
                0x000830e0                __mulsf3
                0x000830e0                __aeabi_fmul
                0x00083248                __aeabi_fdiv
                0x00083248                __divsf3
 .text.__assert_func
                0x00083380       0x3c c:/users/roberto/eclipse/arduinoplugin/tools/arduino/arm-none-eabi-gcc/4.8.3-2014q1/bin/../lib/gcc/arm-none-eabi/4.8.3/../../../../arm-none-eabi/lib/armv7-m\libg.a(lib_a-assert.o)
                0x00083380                __assert_func
 .text.fiprintf
                0x000833bc       0x28 c:/users/roberto/eclipse/arduinoplugin/tools/arduino/arm-none-eabi-gcc/4.8.3-2014q1/bin/../lib/gcc/arm-none-eabi/4.8.3/../../../../arm-none-eabi/lib/armv7-m\libg.a(lib_a-fiprintf.o)
                0x000833bc                fiprintf
 .text.__libc_init_array
                0x000833e4       0x50 c:/users/roberto/eclipse/arduinoplugin/tools/arduino/arm-none-eabi-gcc/4.8.3-2014q1/bin/../lib/gcc/arm-none-eabi/4.8.3/../../../../arm-none-eabi/lib/armv7-m\libg.a(lib_a-init.o)
                0x000833e4                __libc_init_array
 .text.iprintf  0x00083434       0x28 c:/users/roberto/eclipse/arduinoplugin/tools/arduino/arm-none-eabi-gcc/4.8.3-2014q1/bin/../lib/gcc/arm-none-eabi/4.8.3/../../../../arm-none-eabi/lib/armv7-m\libg.a(lib_a-iprintf.o)
                0x00083434                iprintf
 .text.malloc   0x0008345c       0x10 c:/users/roberto/eclipse/arduinoplugin/tools/arduino/arm-none-eabi-gcc/4.8.3-2014q1/bin/../lib/gcc/arm-none-eabi/4.8.3/../../../../arm-none-eabi/lib/armv7-m\libg.a(lib_a-malloc.o)
                0x0008345c                malloc
 .text.free     0x0008346c       0x10 c:/users/roberto/eclipse/arduinoplugin/tools/arduino/arm-none-eabi-gcc/4.8.3-2014q1/bin/../lib/gcc/arm-none-eabi/4.8.3/../../../../arm-none-eabi/lib/armv7-m\libg.a(lib_a-malloc.o)
                0x0008346c                free
 .text._malloc_r
                0x0008347c      0x538 c:/users/roberto/eclipse/arduinoplugin/tools/arduino/arm-none-eabi-gcc/4.8.3-2014q1/bin/../lib/gcc/arm-none-eabi/4.8.3/../../../../arm-none-eabi/lib/armv7-m\libg.a(lib_a-mallocr.o)
                0x0008347c                _malloc_r
 .text          0x000839b4       0xec c:/users/roberto/eclipse/arduinoplugin/tools/arduino/arm-none-eabi-gcc/4.8.3-2014q1/bin/../lib/gcc/arm-none-eabi/4.8.3/../../../../arm-none-eabi/lib/armv7-m\libg.a(lib_a-memcpy.o)
                0x000839b4                memcpy
 .text.memmove  0x00083aa0       0xcc c:/users/roberto/eclipse/arduinoplugin/tools/arduino/arm-none-eabi-gcc/4.8.3-2014q1/bin/../lib/gcc/arm-none-eabi/4.8.3/../../../../arm-none-eabi/lib/armv7-m\libg.a(lib_a-memmove.o)
                0x00083aa0                memmove
 .text.memset   0x00083b6c       0x94 c:/users/roberto/eclipse/arduinoplugin/tools/arduino/arm-none-eabi-gcc/4.8.3-2014q1/bin/../lib/gcc/arm-none-eabi/4.8.3/../../../../arm-none-eabi/lib/armv7-m\libg.a(lib_a-memset.o)
                0x00083b6c                memset
 .text.__malloc_lock
                0x00083c00        0x4 c:/users/roberto/eclipse/arduinoplugin/tools/arduino/arm-none-eabi-gcc/4.8.3-2014q1/bin/../lib/gcc/arm-none-eabi/4.8.3/../../../../arm-none-eabi/lib/armv7-m\libg.a(lib_a-mlock.o)
                0x00083c00                __malloc_lock
 .text.__malloc_unlock
                0x00083c04        0x4 c:/users/roberto/eclipse/arduinoplugin/tools/arduino/arm-none-eabi-gcc/4.8.3-2014q1/bin/../lib/gcc/arm-none-eabi/4.8.3/../../../../arm-none-eabi/lib/armv7-m\libg.a(lib_a-mlock.o)
                0x00083c04                __malloc_unlock
 .text.realloc  0x00083c08       0x10 c:/users/roberto/eclipse/arduinoplugin/tools/arduino/arm-none-eabi-gcc/4.8.3-2014q1/bin/../lib/gcc/arm-none-eabi/4.8.3/../../../../arm-none-eabi/lib/armv7-m\libg.a(lib_a-realloc.o)
                0x00083c08                realloc
 .text._realloc_r
                0x00083c18      0x3c0 c:/users/roberto/eclipse/arduinoplugin/tools/arduino/arm-none-eabi-gcc/4.8.3-2014q1/bin/../lib/gcc/arm-none-eabi/4.8.3/../../../../arm-none-eabi/lib/armv7-m\libg.a(lib_a-reallocr.o)
                0x00083c18                _realloc_r
 .text._sbrk_r  0x00083fd8       0x24 c:/users/roberto/eclipse/arduinoplugin/tools/arduino/arm-none-eabi-gcc/4.8.3-2014q1/bin/../lib/gcc/arm-none-eabi/4.8.3/../../../../arm-none-eabi/lib/armv7-m\libg.a(lib_a-sbrkr.o)
                0x00083fd8                _sbrk_r
 .text.sprintf  0x00083ffc       0x4c c:/users/roberto/eclipse/arduinoplugin/tools/arduino/arm-none-eabi-gcc/4.8.3-2014q1/bin/../lib/gcc/arm-none-eabi/4.8.3/../../../../arm-none-eabi/lib/armv7-m\libg.a(lib_a-sprintf.o)
                0x00083ffc                sprintf
 .text.strcpy   0x00084048       0xbc c:/users/roberto/eclipse/arduinoplugin/tools/arduino/arm-none-eabi-gcc/4.8.3-2014q1/bin/../lib/gcc/arm-none-eabi/4.8.3/../../../../arm-none-eabi/lib/armv7-m\libg.a(lib_a-strcpy.o)
                0x00084048                strcpy
 .text.strlen   0x00084104       0x60 c:/users/roberto/eclipse/arduinoplugin/tools/arduino/arm-none-eabi-gcc/4.8.3-2014q1/bin/../lib/gcc/arm-none-eabi/4.8.3/../../../../arm-none-eabi/lib/armv7-m\libg.a(lib_a-strlen.o)
                0x00084104                strlen
 .text._svfprintf_r
                0x00084164     0x14e0 c:/users/roberto/eclipse/arduinoplugin/tools/arduino/arm-none-eabi-gcc/4.8.3-2014q1/bin/../lib/gcc/arm-none-eabi/4.8.3/../../../../arm-none-eabi/lib/armv7-m\libg.a(lib_a-svfprintf.o)
                0x00084164                _svfprintf_r
 .text.__sprint_r.part.0
                0x00085644       0x78 c:/users/roberto/eclipse/arduinoplugin/tools/arduino/arm-none-eabi-gcc/4.8.3-2014q1/bin/../lib/gcc/arm-none-eabi/4.8.3/../../../../arm-none-eabi/lib/armv7-m\libg.a(lib_a-vfiprintf.o)
 .text._vfiprintf_r
                0x000856bc      0xc54 c:/users/roberto/eclipse/arduinoplugin/tools/arduino/arm-none-eabi-gcc/4.8.3-2014q1/bin/../lib/gcc/arm-none-eabi/4.8.3/../../../../arm-none-eabi/lib/armv7-m\libg.a(lib_a-vfiprintf.o)
                0x000856bc                _vfiprintf_r
 .text.__sbprintf
                0x00086310       0x7c c:/users/roberto/eclipse/arduinoplugin/tools/arduino/arm-none-eabi-gcc/4.8.3-2014q1/bin/../lib/gcc/arm-none-eabi/4.8.3/../../../../arm-none-eabi/lib/armv7-m\libg.a(lib_a-vfiprintf.o)
 .text.__swsetup_r
                0x0008638c       0xc4 c:/users/roberto/eclipse/arduinoplugin/tools/arduino/arm-none-eabi-gcc/4.8.3-2014q1/bin/../lib/gcc/arm-none-eabi/4.8.3/../../../../arm-none-eabi/lib/armv7-m\libg.a(lib_a-wsetup.o)
                0x0008638c                __swsetup_r
 .text.startup.register_fini
                0x00086450       0x14 c:/users/roberto/eclipse/arduinoplugin/tools/arduino/arm-none-eabi-gcc/4.8.3-2014q1/bin/../lib/gcc/arm-none-eabi/4.8.3/../../../../arm-none-eabi/lib/armv7-m\libg.a(lib_a-__call_atexit.o)
 .text.abort    0x00086464       0x10 c:/users/roberto/eclipse/arduinoplugin/tools/arduino/arm-none-eabi-gcc/4.8.3-2014q1/bin/../lib/gcc/arm-none-eabi/4.8.3/../../../../arm-none-eabi/lib/armv7-m\libg.a(lib_a-abort.o)
                0x00086464                abort
 .text.atexit   0x00086474        0xc c:/users/roberto/eclipse/arduinoplugin/tools/arduino/arm-none-eabi-gcc/4.8.3-2014q1/bin/../lib/gcc/arm-none-eabi/4.8.3/../../../../arm-none-eabi/lib/armv7-m\libg.a(lib_a-atexit.o)
                0x00086474                atexit
 .text.quorem   0x00086480      0x134 c:/users/roberto/eclipse/arduinoplugin/tools/arduino/arm-none-eabi-gcc/4.8.3-2014q1/bin/../lib/gcc/arm-none-eabi/4.8.3/../../../../arm-none-eabi/lib/armv7-m\libg.a(lib_a-dtoa.o)
 *fill*         0x000865b4        0x4 
 .text._dtoa_r  0x000865b8      0xe38 c:/users/roberto/eclipse/arduinoplugin/tools/arduino/arm-none-eabi-gcc/4.8.3-2014q1/bin/../lib/gcc/arm-none-eabi/4.8.3/../../../../arm-none-eabi/lib/armv7-m\libg.a(lib_a-dtoa.o)
                0x000865b8                _dtoa_r
 .text.__sflush_r
                0x000873f0      0x148 c:/users/roberto/eclipse/arduinoplugin/tools/arduino/arm-none-eabi-gcc/4.8.3-2014q1/bin/../lib/gcc/arm-none-eabi/4.8.3/../../../../arm-none-eabi/lib/armv7-m\libg.a(lib_a-fflush.o)
                0x000873f0                __sflush_r
 .text._fflush_r
                0x00087538       0x2c c:/users/roberto/eclipse/arduinoplugin/tools/arduino/arm-none-eabi-gcc/4.8.3-2014q1/bin/../lib/gcc/arm-none-eabi/4.8.3/../../../../arm-none-eabi/lib/armv7-m\libg.a(lib_a-fflush.o)
                0x00087538                _fflush_r
 .text._cleanup_r
                0x00087564        0xc c:/users/roberto/eclipse/arduinoplugin/tools/arduino/arm-none-eabi-gcc/4.8.3-2014q1/bin/../lib/gcc/arm-none-eabi/4.8.3/../../../../arm-none-eabi/lib/armv7-m\libg.a(lib_a-findfp.o)
                0x00087564                _cleanup_r
 .text.__sinit  0x00087570       0xf4 c:/users/roberto/eclipse/arduinoplugin/tools/arduino/arm-none-eabi-gcc/4.8.3-2014q1/bin/../lib/gcc/arm-none-eabi/4.8.3/../../../../arm-none-eabi/lib/armv7-m\libg.a(lib_a-findfp.o)
                0x00087570                __sinit
 .text.__sfp_lock_acquire
                0x00087664        0x4 c:/users/roberto/eclipse/arduinoplugin/tools/arduino/arm-none-eabi-gcc/4.8.3-2014q1/bin/../lib/gcc/arm-none-eabi/4.8.3/../../../../arm-none-eabi/lib/armv7-m\libg.a(lib_a-findfp.o)
                0x00087664                __sfp_lock_acquire
 .text.__sfp_lock_release
                0x00087668        0x4 c:/users/roberto/eclipse/arduinoplugin/tools/arduino/arm-none-eabi-gcc/4.8.3-2014q1/bin/../lib/gcc/arm-none-eabi/4.8.3/../../../../arm-none-eabi/lib/armv7-m\libg.a(lib_a-findfp.o)
                0x00087668                __sfp_lock_release
 .text.__libc_fini_array
                0x0008766c       0x30 c:/users/roberto/eclipse/arduinoplugin/tools/arduino/arm-none-eabi-gcc/4.8.3-2014q1/bin/../lib/gcc/arm-none-eabi/4.8.3/../../../../arm-none-eabi/lib/armv7-m\libg.a(lib_a-fini.o)
                0x0008766c                __libc_fini_array
 .text._fputwc_r
                0x0008769c       0xc0 c:/users/roberto/eclipse/arduinoplugin/tools/arduino/arm-none-eabi-gcc/4.8.3-2014q1/bin/../lib/gcc/arm-none-eabi/4.8.3/../../../../arm-none-eabi/lib/armv7-m\libg.a(lib_a-fputwc.o)
                0x0008769c                _fputwc_r
 .text._malloc_trim_r
                0x0008775c       0x9c c:/users/roberto/eclipse/arduinoplugin/tools/arduino/arm-none-eabi-gcc/4.8.3-2014q1/bin/../lib/gcc/arm-none-eabi/4.8.3/../../../../arm-none-eabi/lib/armv7-m\libg.a(lib_a-freer.o)
                0x0008775c                _malloc_trim_r
 .text._free_r  0x000877f8      0x198 c:/users/roberto/eclipse/arduinoplugin/tools/arduino/arm-none-eabi-gcc/4.8.3-2014q1/bin/../lib/gcc/arm-none-eabi/4.8.3/../../../../arm-none-eabi/lib/armv7-m\libg.a(lib_a-freer.o)
                0x000877f8                _free_r
 .text.__sfvwrite_r
                0x00087990      0x314 c:/users/roberto/eclipse/arduinoplugin/tools/arduino/arm-none-eabi-gcc/4.8.3-2014q1/bin/../lib/gcc/arm-none-eabi/4.8.3/../../../../arm-none-eabi/lib/armv7-m\libg.a(lib_a-fvwrite.o)
                0x00087990                __sfvwrite_r
 .text._fwalk   0x00087ca4       0x48 c:/users/roberto/eclipse/arduinoplugin/tools/arduino/arm-none-eabi-gcc/4.8.3-2014q1/bin/../lib/gcc/arm-none-eabi/4.8.3/../../../../arm-none-eabi/lib/armv7-m\libg.a(lib_a-fwalk.o)
                0x00087ca4                _fwalk
 .text.__locale_charset
                0x00087cec        0x8 c:/users/roberto/eclipse/arduinoplugin/tools/arduino/arm-none-eabi-gcc/4.8.3-2014q1/bin/../lib/gcc/arm-none-eabi/4.8.3/../../../../arm-none-eabi/lib/armv7-m\libg.a(lib_a-locale.o)
                0x00087cec                __locale_charset
 .text.__locale_mb_cur_max
                0x00087cf4        0xc c:/users/roberto/eclipse/arduinoplugin/tools/arduino/arm-none-eabi-gcc/4.8.3-2014q1/bin/../lib/gcc/arm-none-eabi/4.8.3/../../../../arm-none-eabi/lib/armv7-m\libg.a(lib_a-locale.o)
                0x00087cf4                __locale_mb_cur_max
 .text._localeconv_r
                0x00087d00        0x8 c:/users/roberto/eclipse/arduinoplugin/tools/arduino/arm-none-eabi-gcc/4.8.3-2014q1/bin/../lib/gcc/arm-none-eabi/4.8.3/../../../../arm-none-eabi/lib/armv7-m\libg.a(lib_a-locale.o)
                0x00087d00                _localeconv_r
 .text.__smakebuf_r
                0x00087d08       0xe0 c:/users/roberto/eclipse/arduinoplugin/tools/arduino/arm-none-eabi-gcc/4.8.3-2014q1/bin/../lib/gcc/arm-none-eabi/4.8.3/../../../../arm-none-eabi/lib/armv7-m\libg.a(lib_a-makebuf.o)
                0x00087d08                __smakebuf_r
 .text.memchr   0x00087de8       0x94 c:/users/roberto/eclipse/arduinoplugin/tools/arduino/arm-none-eabi-gcc/4.8.3-2014q1/bin/../lib/gcc/arm-none-eabi/4.8.3/../../../../arm-none-eabi/lib/armv7-m\libg.a(lib_a-memchr-stub.o)
                0x00087de8                memchr
 .text._Balloc  0x00087e7c       0x4c c:/users/roberto/eclipse/arduinoplugin/tools/arduino/arm-none-eabi-gcc/4.8.3-2014q1/bin/../lib/gcc/arm-none-eabi/4.8.3/../../../../arm-none-eabi/lib/armv7-m\libg.a(lib_a-mprec.o)
                0x00087e7c                _Balloc
 .text._Bfree   0x00087ec8       0x14 c:/users/roberto/eclipse/arduinoplugin/tools/arduino/arm-none-eabi-gcc/4.8.3-2014q1/bin/../lib/gcc/arm-none-eabi/4.8.3/../../../../arm-none-eabi/lib/armv7-m\libg.a(lib_a-mprec.o)
                0x00087ec8                _Bfree
 .text.__multadd
                0x00087edc       0x94 c:/users/roberto/eclipse/arduinoplugin/tools/arduino/arm-none-eabi-gcc/4.8.3-2014q1/bin/../lib/gcc/arm-none-eabi/4.8.3/../../../../arm-none-eabi/lib/armv7-m\libg.a(lib_a-mprec.o)
                0x00087edc                __multadd
 .text.__hi0bits
                0x00087f70       0x40 c:/users/roberto/eclipse/arduinoplugin/tools/arduino/arm-none-eabi-gcc/4.8.3-2014q1/bin/../lib/gcc/arm-none-eabi/4.8.3/../../../../arm-none-eabi/lib/armv7-m\libg.a(lib_a-mprec.o)
                0x00087f70                __hi0bits
 .text.__lo0bits
                0x00087fb0       0x5c c:/users/roberto/eclipse/arduinoplugin/tools/arduino/arm-none-eabi-gcc/4.8.3-2014q1/bin/../lib/gcc/arm-none-eabi/4.8.3/../../../../arm-none-eabi/lib/armv7-m\libg.a(lib_a-mprec.o)
                0x00087fb0                __lo0bits
 .text.__i2b    0x0008800c       0x14 c:/users/roberto/eclipse/arduinoplugin/tools/arduino/arm-none-eabi-gcc/4.8.3-2014q1/bin/../lib/gcc/arm-none-eabi/4.8.3/../../../../arm-none-eabi/lib/armv7-m\libg.a(lib_a-mprec.o)
                0x0008800c                __i2b
 .text.__multiply
                0x00088020      0x13c c:/users/roberto/eclipse/arduinoplugin/tools/arduino/arm-none-eabi-gcc/4.8.3-2014q1/bin/../lib/gcc/arm-none-eabi/4.8.3/../../../../arm-none-eabi/lib/armv7-m\libg.a(lib_a-mprec.o)
                0x00088020                __multiply
 .text.__pow5mult
                0x0008815c       0x9c c:/users/roberto/eclipse/arduinoplugin/tools/arduino/arm-none-eabi-gcc/4.8.3-2014q1/bin/../lib/gcc/arm-none-eabi/4.8.3/../../../../arm-none-eabi/lib/armv7-m\libg.a(lib_a-mprec.o)
                0x0008815c                __pow5mult
 .text.__lshift
                0x000881f8       0xbc c:/users/roberto/eclipse/arduinoplugin/tools/arduino/arm-none-eabi-gcc/4.8.3-2014q1/bin/../lib/gcc/arm-none-eabi/4.8.3/../../../../arm-none-eabi/lib/armv7-m\libg.a(lib_a-mprec.o)
                0x000881f8                __lshift
 .text.__mcmp   0x000882b4       0x48 c:/users/roberto/eclipse/arduinoplugin/tools/arduino/arm-none-eabi-gcc/4.8.3-2014q1/bin/../lib/gcc/arm-none-eabi/4.8.3/../../../../arm-none-eabi/lib/armv7-m\libg.a(lib_a-mprec.o)
                0x000882b4                __mcmp
 .text.__mdiff  0x000882fc       0xd8 c:/users/roberto/eclipse/arduinoplugin/tools/arduino/arm-none-eabi-gcc/4.8.3-2014q1/bin/../lib/gcc/arm-none-eabi/4.8.3/../../../../arm-none-eabi/lib/armv7-m\libg.a(lib_a-mprec.o)
                0x000882fc                __mdiff
 .text.__d2b    0x000883d4       0xbc c:/users/roberto/eclipse/arduinoplugin/tools/arduino/arm-none-eabi-gcc/4.8.3-2014q1/bin/../lib/gcc/arm-none-eabi/4.8.3/../../../../arm-none-eabi/lib/armv7-m\libg.a(lib_a-mprec.o)
                0x000883d4                __d2b
 .text._raise_r
                0x00088490       0x58 c:/users/roberto/eclipse/arduinoplugin/tools/arduino/arm-none-eabi-gcc/4.8.3-2014q1/bin/../lib/gcc/arm-none-eabi/4.8.3/../../../../arm-none-eabi/lib/armv7-m\libg.a(lib_a-signal.o)
                0x00088490                _raise_r
 .text.raise    0x000884e8       0x10 c:/users/roberto/eclipse/arduinoplugin/tools/arduino/arm-none-eabi-gcc/4.8.3-2014q1/bin/../lib/gcc/arm-none-eabi/4.8.3/../../../../arm-none-eabi/lib/armv7-m\libg.a(lib_a-signal.o)
                0x000884e8                raise
 .text._kill_r  0x000884f8       0x28 c:/users/roberto/eclipse/arduinoplugin/tools/arduino/arm-none-eabi-gcc/4.8.3-2014q1/bin/../lib/gcc/arm-none-eabi/4.8.3/../../../../arm-none-eabi/lib/armv7-m\libg.a(lib_a-signalr.o)
                0x000884f8                _kill_r
 .text._getpid_r
                0x00088520        0x4 c:/users/roberto/eclipse/arduinoplugin/tools/arduino/arm-none-eabi-gcc/4.8.3-2014q1/bin/../lib/gcc/arm-none-eabi/4.8.3/../../../../arm-none-eabi/lib/armv7-m\libg.a(lib_a-signalr.o)
                0x00088520                _getpid_r
 .text.__sread  0x00088524       0x24 c:/users/roberto/eclipse/arduinoplugin/tools/arduino/arm-none-eabi-gcc/4.8.3-2014q1/bin/../lib/gcc/arm-none-eabi/4.8.3/../../../../arm-none-eabi/lib/armv7-m\libg.a(lib_a-stdio.o)
                0x00088524                __sread
 .text.__swrite
                0x00088548       0x38 c:/users/roberto/eclipse/arduinoplugin/tools/arduino/arm-none-eabi-gcc/4.8.3-2014q1/bin/../lib/gcc/arm-none-eabi/4.8.3/../../../../arm-none-eabi/lib/armv7-m\libg.a(lib_a-stdio.o)
                0x00088548                __swrite
 .text.__sseek  0x00088580       0x20 c:/users/roberto/eclipse/arduinoplugin/tools/arduino/arm-none-eabi-gcc/4.8.3-2014q1/bin/../lib/gcc/arm-none-eabi/4.8.3/../../../../arm-none-eabi/lib/armv7-m\libg.a(lib_a-stdio.o)
                0x00088580                __sseek
 .text.__sclose
                0x000885a0        0x8 c:/users/roberto/eclipse/arduinoplugin/tools/arduino/arm-none-eabi-gcc/4.8.3-2014q1/bin/../lib/gcc/arm-none-eabi/4.8.3/../../../../arm-none-eabi/lib/armv7-m\libg.a(lib_a-stdio.o)
                0x000885a0                __sclose
 .text.__ssprint_r
                0x000885a8      0x100 c:/users/roberto/eclipse/arduinoplugin/tools/arduino/arm-none-eabi-gcc/4.8.3-2014q1/bin/../lib/gcc/arm-none-eabi/4.8.3/../../../../arm-none-eabi/lib/armv7-m\libg.a(lib_a-svfiprintf.o)
                0x000885a8                __ssprint_r
 .text.__swbuf_r
                0x000886a8       0xa8 c:/users/roberto/eclipse/arduinoplugin/tools/arduino/arm-none-eabi-gcc/4.8.3-2014q1/bin/../lib/gcc/arm-none-eabi/4.8.3/../../../../arm-none-eabi/lib/armv7-m\libg.a(lib_a-wbuf.o)
                0x000886a8                __swbuf_r
 .text._wcrtomb_r
                0x00088750       0x50 c:/users/roberto/eclipse/arduinoplugin/tools/arduino/arm-none-eabi-gcc/4.8.3-2014q1/bin/../lib/gcc/arm-none-eabi/4.8.3/../../../../arm-none-eabi/lib/armv7-m\libg.a(lib_a-wcrtomb.o)
                0x00088750                _wcrtomb_r
 .text.__ascii_wctomb
                0x000887a0       0x1c c:/users/roberto/eclipse/arduinoplugin/tools/arduino/arm-none-eabi-gcc/4.8.3-2014q1/bin/../lib/gcc/arm-none-eabi/4.8.3/../../../../arm-none-eabi/lib/armv7-m\libg.a(lib_a-wctomb_r.o)
                0x000887a0                __ascii_wctomb
 .text._write_r
                0x000887bc       0x28 c:/users/roberto/eclipse/arduinoplugin/tools/arduino/arm-none-eabi-gcc/4.8.3-2014q1/bin/../lib/gcc/arm-none-eabi/4.8.3/../../../../arm-none-eabi/lib/armv7-m\libg.a(lib_a-writer.o)
                0x000887bc                _write_r
 .text.__register_exitproc
                0x000887e4       0xa8 c:/users/roberto/eclipse/arduinoplugin/tools/arduino/arm-none-eabi-gcc/4.8.3-2014q1/bin/../lib/gcc/arm-none-eabi/4.8.3/../../../../arm-none-eabi/lib/armv7-m\libg.a(lib_a-__atexit.o)
                0x000887e4                __register_exitproc
 .text._calloc_r
                0x0008888c       0x60 c:/users/roberto/eclipse/arduinoplugin/tools/arduino/arm-none-eabi-gcc/4.8.3-2014q1/bin/../lib/gcc/arm-none-eabi/4.8.3/../../../../arm-none-eabi/lib/armv7-m\libg.a(lib_a-callocr.o)
                0x0008888c                _calloc_r
 .text._close_r
                0x000888ec       0x24 c:/users/roberto/eclipse/arduinoplugin/tools/arduino/arm-none-eabi-gcc/4.8.3-2014q1/bin/../lib/gcc/arm-none-eabi/4.8.3/../../../../arm-none-eabi/lib/armv7-m\libg.a(lib_a-closer.o)
                0x000888ec                _close_r
 .text._fclose_r
                0x00088910       0x80 c:/users/roberto/eclipse/arduinoplugin/tools/arduino/arm-none-eabi-gcc/4.8.3-2014q1/bin/../lib/gcc/arm-none-eabi/4.8.3/../../../../arm-none-eabi/lib/armv7-m\libg.a(lib_a-fclose.o)
                0x00088910                _fclose_r
 .text.fclose   0x00088990       0x10 c:/users/roberto/eclipse/arduinoplugin/tools/arduino/arm-none-eabi-gcc/4.8.3-2014q1/bin/../lib/gcc/arm-none-eabi/4.8.3/../../../../arm-none-eabi/lib/armv7-m\libg.a(lib_a-fclose.o)
                0x00088990                fclose
 .text._fstat_r
                0x000889a0       0x28 c:/users/roberto/eclipse/arduinoplugin/tools/arduino/arm-none-eabi-gcc/4.8.3-2014q1/bin/../lib/gcc/arm-none-eabi/4.8.3/../../../../arm-none-eabi/lib/armv7-m\libg.a(lib_a-fstatr.o)
                0x000889a0                _fstat_r
 .text._isatty_r
                0x000889c8       0x24 c:/users/roberto/eclipse/arduinoplugin/tools/arduino/arm-none-eabi-gcc/4.8.3-2014q1/bin/../lib/gcc/arm-none-eabi/4.8.3/../../../../arm-none-eabi/lib/armv7-m\libg.a(lib_a-isattyr.o)
                0x000889c8                _isatty_r
 .text._lseek_r
                0x000889ec       0x28 c:/users/roberto/eclipse/arduinoplugin/tools/arduino/arm-none-eabi-gcc/4.8.3-2014q1/bin/../lib/gcc/arm-none-eabi/4.8.3/../../../../arm-none-eabi/lib/armv7-m\libg.a(lib_a-lseekr.o)
                0x000889ec                _lseek_r
 .text._read_r  0x00088a14       0x28 c:/users/roberto/eclipse/arduinoplugin/tools/arduino/arm-none-eabi-gcc/4.8.3-2014q1/bin/../lib/gcc/arm-none-eabi/4.8.3/../../../../arm-none-eabi/lib/armv7-m\libg.a(lib_a-readr.o)
                0x00088a14                _read_r
 .text          0x00088a3c       0x2c c:/users/roberto/eclipse/arduinoplugin/tools/arduino/arm-none-eabi-gcc/4.8.3-2014q1/bin/../lib/gcc/arm-none-eabi/4.8.3/armv7-m\libgcc.a(_aeabi_uldivmod.o)
                0x00088a3c                __aeabi_uldivmod
 .text          0x00088a68       0x60 c:/users/roberto/eclipse/arduinoplugin/tools/arduino/arm-none-eabi-gcc/4.8.3-2014q1/bin/../lib/gcc/arm-none-eabi/4.8.3/armv7-m\libgcc.a(bpabi.o)
                0x00088a68                __gnu_ldivmod_helper
                0x00088a98                __gnu_uldivmod_helper
 .text          0x00088ac8        0x4 c:/users/roberto/eclipse/arduinoplugin/tools/arduino/arm-none-eabi-gcc/4.8.3-2014q1/bin/../lib/gcc/arm-none-eabi/4.8.3/armv7-m\libgcc.a(_dvmd_tls.o)
                0x00088ac8                __aeabi_idiv0
                0x00088ac8                __aeabi_ldiv0
 .text          0x00088acc      0x2a0 c:/users/roberto/eclipse/arduinoplugin/tools/arduino/arm-none-eabi-gcc/4.8.3-2014q1/bin/../lib/gcc/arm-none-eabi/4.8.3/armv7-m\libgcc.a(_divdi3.o)
                0x00088acc                __divdi3
 .text          0x00088d6c      0x290 c:/users/roberto/eclipse/arduinoplugin/tools/arduino/arm-none-eabi-gcc/4.8.3-2014q1/bin/../lib/gcc/arm-none-eabi/4.8.3/armv7-m\libgcc.a(_udivdi3.o)
                0x00088d6c                __udivdi3
 *(.glue_7t)
 .glue_7t       0x00000000        0x0 linker stubs
 *(.glue_7)
 .glue_7        0x00000000        0x0 linker stubs
 *(.rodata .rodata* .gnu.linkonce.r.*)
 .rodata.str1.1
                0x00088ffc       0x19 C:/Users/Roberto/Documents/GitHub/SeniorDesign406/DueReadTempsStringOut/Release/core/syscalls_sam3.c.o
 *fill*         0x00089015        0x3 
 .rodata._ZL17calibrationOffset
                0x00089018       0x14 .\.ino.cpp.o
 .rodata._ZL7fanPins
                0x0008902c       0x10 .\.ino.cpp.o
 .rodata.str1.1
                0x00000000       0x19 .\.ino.cpp.o
                                  0x1 (size before relaxing)
 .rodata._ZL10analogPins
                0x0008903c       0x14 .\.ino.cpp.o
 .rodata._ZL16calibrationScale
                0x00089050       0x14 .\.ino.cpp.o
 .rodata.g_APinDescription
                0x00089064      0xa2c arduino.ar(variant.cpp.o)
                0x00089064                g_APinDescription
 .rodata._ZTV9UARTClass
                0x00089a90       0x30 arduino.ar(UARTClass.cpp.o)
                0x00089a90                vtable for UARTClass
 .rodata._ZTV10USARTClass
                0x00089ac0       0x30 arduino.ar(USARTClass.cpp.o)
                0x00089ac0                vtable for USARTClass
 .rodata.channelToId.9425
                0x00089af0       0x48 arduino.ar(wiring_analog.c.o)
 .rodata.channelToChNo.9422
                0x00089b38       0x48 arduino.ar(wiring_analog.c.o)
 .rodata.channelToTC.9424
                0x00089b80       0x48 arduino.ar(wiring_analog.c.o)
 .rodata.channelToAB.9423
                0x00089bc8       0x48 arduino.ar(wiring_analog.c.o)
 .rodata.str1.1
                0x00089c10        0x9 arduino.ar(dtostrf.c.o)
 .rodata.STRING_PRODUCT
                0x00089c19        0xc arduino.ar(USBCore.cpp.o)
                0x00089c19                STRING_PRODUCT
 .rodata.USB_DeviceDescriptor
                0x00089c25       0x12 arduino.ar(USBCore.cpp.o)
                0x00089c25                USB_DeviceDescriptor
 *fill*         0x00089c37        0x1 
 .rodata.STRING_LANGUAGE
                0x00089c38        0x4 arduino.ar(USBCore.cpp.o)
                0x00089c38                STRING_LANGUAGE
 .rodata._ZL18test_packet_buffer
                0x00089c3c       0x35 arduino.ar(USBCore.cpp.o)
 .rodata.STRING_MANUFACTURER
                0x00089c71        0xc arduino.ar(USBCore.cpp.o)
                0x00089c71                STRING_MANUFACTURER
 .rodata.USB_DeviceDescriptorA
                0x00089c7d       0x12 arduino.ar(USBCore.cpp.o)
                0x00089c7d                USB_DeviceDescriptorA
 .rodata._ZL19USB_DeviceQualifier
                0x00089c8f        0x9 arduino.ar(USBCore.cpp.o)
 .rodata._ZTV7Serial_
                0x00089c98       0x28 arduino.ar(CDC.cpp.o)
                0x00089c98                vtable for Serial_
 .rodata._ZL18_cdcOtherInterface
                0x00089cc0       0x42 arduino.ar(CDC.cpp.o)
 .rodata._ZL13_cdcInterface
                0x00089d02       0x42 arduino.ar(CDC.cpp.o)
 .rodata        0x00089d44       0x2c C:/Users/Roberto/eclipse/arduinoPlugin/packages/arduino/hardware/sam/1.6.7/variants/arduino_due_x/libsam_sam3x8e_gcc_rel.a(pwmc.o)
 .rodata.__func__.6830
                0x00089d70       0x15 C:/Users/Roberto/eclipse/arduinoPlugin/packages/arduino/hardware/sam/1.6.7/variants/arduino_due_x/libsam_sam3x8e_gcc_rel.a(pwmc.o)
 .rodata.__func__.6841
                0x00089d85       0x12 C:/Users/Roberto/eclipse/arduinoPlugin/packages/arduino/hardware/sam/1.6.7/variants/arduino_due_x/libsam_sam3x8e_gcc_rel.a(pwmc.o)
 .rodata.str1.1
                0x00089d97      0x1cc C:/Users/Roberto/eclipse/arduinoPlugin/packages/arduino/hardware/sam/1.6.7/variants/arduino_due_x/libsam_sam3x8e_gcc_rel.a(pwmc.o)
 .rodata.__func__.6804
                0x00089f63       0x16 C:/Users/Roberto/eclipse/arduinoPlugin/packages/arduino/hardware/sam/1.6.7/variants/arduino_due_x/libsam_sam3x8e_gcc_rel.a(pwmc.o)
 .rodata.__func__.6793
                0x00089f79       0x17 C:/Users/Roberto/eclipse/arduinoPlugin/packages/arduino/hardware/sam/1.6.7/variants/arduino_due_x/libsam_sam3x8e_gcc_rel.a(pwmc.o)
 .rodata.__func__.6792
                0x00089f90        0xd C:/Users/Roberto/eclipse/arduinoPlugin/packages/arduino/hardware/sam/1.6.7/variants/arduino_due_x/libsam_sam3x8e_gcc_rel.a(tc.o)
 .rodata.str1.1
                0x00089f9d       0x54 C:/Users/Roberto/eclipse/arduinoPlugin/packages/arduino/hardware/sam/1.6.7/variants/arduino_due_x/libsam_sam3x8e_gcc_rel.a(tc.o)
 .rodata.__func__.6798
                0x00089ff1        0x9 C:/Users/Roberto/eclipse/arduinoPlugin/packages/arduino/hardware/sam/1.6.7/variants/arduino_due_x/libsam_sam3x8e_gcc_rel.a(tc.o)
 *fill*         0x00089ffa        0x2 
 .rodata        0x00089ffc       0x40 C:/Users/Roberto/eclipse/arduinoPlugin/packages/arduino/hardware/sam/1.6.7/variants/arduino_due_x/libsam_sam3x8e_gcc_rel.a(adc.o)
 .rodata.str1.4
                0x0008a03c       0x3f c:/users/roberto/eclipse/arduinoplugin/tools/arduino/arm-none-eabi-gcc/4.8.3-2014q1/bin/../lib/gcc/arm-none-eabi/4.8.3/../../../../arm-none-eabi/lib/armv7-m\libg.a(lib_a-assert.o)
                                 0x44 (size before relaxing)
 *fill*         0x0008a07b        0x1 
 .rodata.str1.4
                0x0008a07c        0x2 c:/users/roberto/eclipse/arduinoplugin/tools/arduino/arm-none-eabi-gcc/4.8.3-2014q1/bin/../lib/gcc/arm-none-eabi/4.8.3/../../../../arm-none-eabi/lib/armv7-m\libg.a(lib_a-impure.o)
                                  0x4 (size before relaxing)
 *fill*         0x0008a07e        0x2 
 .rodata._global_impure_ptr
                0x0008a080        0x4 c:/users/roberto/eclipse/arduinoplugin/tools/arduino/arm-none-eabi-gcc/4.8.3-2014q1/bin/../lib/gcc/arm-none-eabi/4.8.3/../../../../arm-none-eabi/lib/armv7-m\libg.a(lib_a-impure.o)
                0x0008a080                _global_impure_ptr
 .rodata.zeroes.6760
                0x0008a084       0x10 c:/users/roberto/eclipse/arduinoplugin/tools/arduino/arm-none-eabi-gcc/4.8.3-2014q1/bin/../lib/gcc/arm-none-eabi/4.8.3/../../../../arm-none-eabi/lib/armv7-m\libg.a(lib_a-svfprintf.o)
 .rodata.str1.4
                0x0008a094       0x42 c:/users/roberto/eclipse/arduinoplugin/tools/arduino/arm-none-eabi-gcc/4.8.3-2014q1/bin/../lib/gcc/arm-none-eabi/4.8.3/../../../../arm-none-eabi/lib/armv7-m\libg.a(lib_a-svfprintf.o)
                                 0x44 (size before relaxing)
 *fill*         0x0008a0d6        0x2 
 .rodata.blanks.6759
                0x0008a0d8       0x10 c:/users/roberto/eclipse/arduinoplugin/tools/arduino/arm-none-eabi-gcc/4.8.3-2014q1/bin/../lib/gcc/arm-none-eabi/4.8.3/../../../../arm-none-eabi/lib/armv7-m\libg.a(lib_a-svfprintf.o)
 .rodata.blanks.6717
                0x0008a0e8       0x10 c:/users/roberto/eclipse/arduinoplugin/tools/arduino/arm-none-eabi-gcc/4.8.3-2014q1/bin/../lib/gcc/arm-none-eabi/4.8.3/../../../../arm-none-eabi/lib/armv7-m\libg.a(lib_a-vfiprintf.o)
 .rodata.str1.4
                0x00000000       0x30 c:/users/roberto/eclipse/arduinoplugin/tools/arduino/arm-none-eabi-gcc/4.8.3-2014q1/bin/../lib/gcc/arm-none-eabi/4.8.3/../../../../arm-none-eabi/lib/armv7-m\libg.a(lib_a-vfiprintf.o)
 .rodata.zeroes.6718
                0x0008a0f8       0x10 c:/users/roberto/eclipse/arduinoplugin/tools/arduino/arm-none-eabi-gcc/4.8.3-2014q1/bin/../lib/gcc/arm-none-eabi/4.8.3/../../../../arm-none-eabi/lib/armv7-m\libg.a(lib_a-vfiprintf.o)
 .rodata.str1.4
                0x0008a108       0x10 c:/users/roberto/eclipse/arduinoplugin/tools/arduino/arm-none-eabi-gcc/4.8.3-2014q1/bin/../lib/gcc/arm-none-eabi/4.8.3/../../../../arm-none-eabi/lib/armv7-m\libg.a(lib_a-dtoa.o)
                                 0x14 (size before relaxing)
 .rodata.str1.4
                0x0008a118        0xc c:/users/roberto/eclipse/arduinoplugin/tools/arduino/arm-none-eabi-gcc/4.8.3-2014q1/bin/../lib/gcc/arm-none-eabi/4.8.3/../../../../arm-none-eabi/lib/armv7-m\libg.a(lib_a-locale.o)
                                 0x14 (size before relaxing)
 *fill*         0x0008a124        0x4 
 .rodata.__mprec_tens
                0x0008a128       0xc8 c:/users/roberto/eclipse/arduinoplugin/tools/arduino/arm-none-eabi-gcc/4.8.3-2014q1/bin/../lib/gcc/arm-none-eabi/4.8.3/../../../../arm-none-eabi/lib/armv7-m\libg.a(lib_a-mprec.o)
                0x0008a128                __mprec_tens
 .rodata.__mprec_bigtens
                0x0008a1f0       0x28 c:/users/roberto/eclipse/arduinoplugin/tools/arduino/arm-none-eabi-gcc/4.8.3-2014q1/bin/../lib/gcc/arm-none-eabi/4.8.3/../../../../arm-none-eabi/lib/armv7-m\libg.a(lib_a-mprec.o)
                0x0008a1f0                __mprec_bigtens
 .rodata.p05.5266
                0x0008a218        0xc c:/users/roberto/eclipse/arduinoplugin/tools/arduino/arm-none-eabi-gcc/4.8.3-2014q1/bin/../lib/gcc/arm-none-eabi/4.8.3/../../../../arm-none-eabi/lib/armv7-m\libg.a(lib_a-mprec.o)
 *(.ARM.extab* .gnu.linkonce.armextab.*)
                0x0008a224                . = ALIGN (0x4)
 *(.init)
 .init          0x0008a224        0x4 c:/users/roberto/eclipse/arduinoplugin/tools/arduino/arm-none-eabi-gcc/4.8.3-2014q1/bin/../lib/gcc/arm-none-eabi/4.8.3/armv7-m/crti.o
                0x0008a224                _init
 .init          0x0008a228        0x8 c:/users/roberto/eclipse/arduinoplugin/tools/arduino/arm-none-eabi-gcc/4.8.3-2014q1/bin/../lib/gcc/arm-none-eabi/4.8.3/armv7-m/crtn.o
                0x0008a230                . = ALIGN (0x4)
                0x0008a230                __preinit_array_start = .
 *(.preinit_array)
                0x0008a230                __preinit_array_end = .
                0x0008a230                . = ALIGN (0x4)
                0x0008a230                __init_array_start = .
 *(SORT(.init_array.*))
 .init_array.00000
                0x0008a230        0x4 c:/users/roberto/eclipse/arduinoplugin/tools/arduino/arm-none-eabi-gcc/4.8.3-2014q1/bin/../lib/gcc/arm-none-eabi/4.8.3/../../../../arm-none-eabi/lib/armv7-m\libg.a(lib_a-__call_atexit.o)
 *(.init_array)
 .init_array    0x0008a234        0x4 c:/users/roberto/eclipse/arduinoplugin/tools/arduino/arm-none-eabi-gcc/4.8.3-2014q1/bin/../lib/gcc/arm-none-eabi/4.8.3/armv7-m/crtbegin.o
 .init_array    0x0008a238        0x4 arduino.ar(variant.cpp.o)
 .init_array    0x0008a23c        0x4 arduino.ar(USBCore.cpp.o)
 .init_array    0x0008a240        0x4 arduino.ar(CDC.cpp.o)
                0x0008a244                __init_array_end = .
                0x0008a244                . = ALIGN (0x4)
 *crtbegin.o(.ctors)
 *(EXCLUDE_FILE(*crtend.o) .ctors)
 *(SORT(.ctors.*))
 *crtend.o(.ctors)
                0x0008a244                . = ALIGN (0x4)
 *(.fini)
 .fini          0x0008a244        0x4 c:/users/roberto/eclipse/arduinoplugin/tools/arduino/arm-none-eabi-gcc/4.8.3-2014q1/bin/../lib/gcc/arm-none-eabi/4.8.3/armv7-m/crti.o
                0x0008a244                _fini
 .fini          0x0008a248        0x8 c:/users/roberto/eclipse/arduinoplugin/tools/arduino/arm-none-eabi-gcc/4.8.3-2014q1/bin/../lib/gcc/arm-none-eabi/4.8.3/armv7-m/crtn.o
                0x0008a250                . = ALIGN (0x4)
                0x0008a250                __fini_array_start = .
 *(.fini_array)
 .fini_array    0x0008a250        0x4 c:/users/roberto/eclipse/arduinoplugin/tools/arduino/arm-none-eabi-gcc/4.8.3-2014q1/bin/../lib/gcc/arm-none-eabi/4.8.3/armv7-m/crtbegin.o
 *(SORT(.fini_array.*))
                0x0008a254                __fini_array_end = .
 *crtbegin.o(.dtors)
 *(EXCLUDE_FILE(*crtend.o) .dtors)
 *(SORT(.dtors.*))
 *crtend.o(.dtors)
                0x0008a254                . = ALIGN (0x4)
                0x0008a254                _efixed = .
                0x0008a254                PROVIDE (__exidx_start, .)

.vfp11_veneer   0x0008a254        0x0
 .vfp11_veneer  0x00000000        0x0 linker stubs

.v4_bx          0x0008a254        0x0
 .v4_bx         0x00000000        0x0 linker stubs

.iplt           0x0008a254        0x0
 .iplt          0x00000000        0x0 c:/users/roberto/eclipse/arduinoplugin/tools/arduino/arm-none-eabi-gcc/4.8.3-2014q1/bin/../lib/gcc/arm-none-eabi/4.8.3/armv7-m/crtbegin.o

.ARM.exidx      0x0008a254        0x8
 *(.ARM.exidx* .gnu.linkonce.armexidx.*)
 .ARM.exidx     0x0008a254        0x8 c:/users/roberto/eclipse/arduinoplugin/tools/arduino/arm-none-eabi-gcc/4.8.3-2014q1/bin/../lib/gcc/arm-none-eabi/4.8.3/armv7-m\libgcc.a(_divdi3.o)
 .ARM.exidx     0x0008a25c        0x0 c:/users/roberto/eclipse/arduinoplugin/tools/arduino/arm-none-eabi-gcc/4.8.3-2014q1/bin/../lib/gcc/arm-none-eabi/4.8.3/armv7-m\libgcc.a(_udivdi3.o)
                                  0x8 (size before relaxing)
                0x0008a25c                PROVIDE (__exidx_end, .)

.eh_frame       0x0008a25c        0x0
 .eh_frame      0x0008a25c        0x0 c:/users/roberto/eclipse/arduinoplugin/tools/arduino/arm-none-eabi-gcc/4.8.3-2014q1/bin/../lib/gcc/arm-none-eabi/4.8.3/armv7-m/crtbegin.o

.rel.dyn        0x0008a25c        0x0
 .rel.iplt      0x00000000        0x0 c:/users/roberto/eclipse/arduinoplugin/tools/arduino/arm-none-eabi-gcc/4.8.3-2014q1/bin/../lib/gcc/arm-none-eabi/4.8.3/armv7-m/crtbegin.o

.jcr            0x0008a25c        0x0
 .jcr           0x0008a25c        0x0 c:/users/roberto/eclipse/arduinoplugin/tools/arduino/arm-none-eabi-gcc/4.8.3-2014q1/bin/../lib/gcc/arm-none-eabi/4.8.3/armv7-m/crtbegin.o

.igot.plt       0x0008a25c        0x0
 .igot.plt      0x00000000        0x0 c:/users/roberto/eclipse/arduinoplugin/tools/arduino/arm-none-eabi-gcc/4.8.3-2014q1/bin/../lib/gcc/arm-none-eabi/4.8.3/armv7-m/crtbegin.o
                0x0008a25c                . = ALIGN (0x4)
                0x0008a25c                _etext = .

.relocate       0x20070000      0x91c load address 0x0008a25c
                0x20070000                . = ALIGN (0x4)
                0x20070000                _srelocate = .
 *(.ramfunc .ramfunc.*)
 .ramfunc       0x20070000       0x2c arduino.ar(Reset.cpp.o)
                0x20070000                banzai
 *(.data .data.*)
 .data.minTemperature
                0x2007002c        0x4 .\.ino.cpp.o
                0x2007002c                minTemperature
 .data._writeResolution
                0x20070030        0x4 arduino.ar(wiring_analog.c.o)
 .data.latestSelectedChannel.9376
                0x20070034        0x4 arduino.ar(wiring_analog.c.o)
 .data._readResolution
                0x20070038        0x4 arduino.ar(wiring_analog.c.o)
 .data.EndPoints
                0x2007003c       0x28 arduino.ar(USBCore.cpp.o)
                0x2007003c                EndPoints
 .data._ZL10breakValue
                0x20070064        0x4 arduino.ar(CDC.cpp.o)
 .data._ZL12_usbLineInfo
                0x20070068        0x8 arduino.ar(CDC.cpp.o)
 .data._ZL5ticks
                0x20070070        0x4 arduino.ar(Reset.cpp.o)
 .data.SystemCoreClock
                0x20070074        0x4 C:/Users/Roberto/eclipse/arduinoPlugin/packages/arduino/hardware/sam/1.6.7/variants/arduino_due_x/libsam_sam3x8e_gcc_rel.a(system_sam3xa.o)
                0x20070074                SystemCoreClock
 .data.g_interrupt_enabled
                0x20070078        0x4 C:/Users/Roberto/eclipse/arduinoPlugin/packages/arduino/hardware/sam/1.6.7/variants/arduino_due_x/libsam_sam3x8e_gcc_rel.a(interrupt_sam_nvic.o)
                0x20070078                g_interrupt_enabled
 *fill*         0x2007007c        0x4 
 .data.impure_data
                0x20070080      0x428 c:/users/roberto/eclipse/arduinoplugin/tools/arduino/arm-none-eabi-gcc/4.8.3-2014q1/bin/../lib/gcc/arm-none-eabi/4.8.3/../../../../arm-none-eabi/lib/armv7-m\libg.a(lib_a-impure.o)
 .data._impure_ptr
                0x200704a8        0x4 c:/users/roberto/eclipse/arduinoplugin/tools/arduino/arm-none-eabi-gcc/4.8.3-2014q1/bin/../lib/gcc/arm-none-eabi/4.8.3/../../../../arm-none-eabi/lib/armv7-m\libg.a(lib_a-impure.o)
                0x200704a8                _impure_ptr
 .data.__malloc_av_
                0x200704ac      0x408 c:/users/roberto/eclipse/arduinoplugin/tools/arduino/arm-none-eabi-gcc/4.8.3-2014q1/bin/../lib/gcc/arm-none-eabi/4.8.3/../../../../arm-none-eabi/lib/armv7-m\libg.a(lib_a-mallocr.o)
                0x200704ac                __malloc_av_
 .data.__malloc_trim_threshold
                0x200708b4        0x4 c:/users/roberto/eclipse/arduinoplugin/tools/arduino/arm-none-eabi-gcc/4.8.3-2014q1/bin/../lib/gcc/arm-none-eabi/4.8.3/../../../../arm-none-eabi/lib/armv7-m\libg.a(lib_a-mallocr.o)
                0x200708b4                __malloc_trim_threshold
 .data.__malloc_sbrk_base
                0x200708b8        0x4 c:/users/roberto/eclipse/arduinoplugin/tools/arduino/arm-none-eabi-gcc/4.8.3-2014q1/bin/../lib/gcc/arm-none-eabi/4.8.3/../../../../arm-none-eabi/lib/armv7-m\libg.a(lib_a-mallocr.o)
                0x200708b8                __malloc_sbrk_base
 .data.lconv    0x200708bc       0x38 c:/users/roberto/eclipse/arduinoplugin/tools/arduino/arm-none-eabi-gcc/4.8.3-2014q1/bin/../lib/gcc/arm-none-eabi/4.8.3/../../../../arm-none-eabi/lib/armv7-m\libg.a(lib_a-locale.o)
 .data.lc_ctype_charset
                0x200708f4       0x20 c:/users/roberto/eclipse/arduinoplugin/tools/arduino/arm-none-eabi-gcc/4.8.3-2014q1/bin/../lib/gcc/arm-none-eabi/4.8.3/../../../../arm-none-eabi/lib/armv7-m\libg.a(lib_a-locale.o)
 .data.__mb_cur_max
                0x20070914        0x4 c:/users/roberto/eclipse/arduinoplugin/tools/arduino/arm-none-eabi-gcc/4.8.3-2014q1/bin/../lib/gcc/arm-none-eabi/4.8.3/../../../../arm-none-eabi/lib/armv7-m\libg.a(lib_a-locale.o)
                0x20070914                __mb_cur_max
 .data.__wctomb
                0x20070918        0x4 c:/users/roberto/eclipse/arduinoplugin/tools/arduino/arm-none-eabi-gcc/4.8.3-2014q1/bin/../lib/gcc/arm-none-eabi/4.8.3/../../../../arm-none-eabi/lib/armv7-m\libg.a(lib_a-wctomb_r.o)
                0x20070918                __wctomb
                0x2007091c                . = ALIGN (0x4)
                0x2007091c                _erelocate = .

.bss            0x2007091c      0xa60 load address 0x0008ab78
                0x2007091c                . = ALIGN (0x4)
                0x2007091c                _sbss = .
                0x2007091c                _szero = .
 *(.bss .bss.*)
 .bss           0x2007091c       0x1c c:/users/roberto/eclipse/arduinoplugin/tools/arduino/arm-none-eabi-gcc/4.8.3-2014q1/bin/../lib/gcc/arm-none-eabi/4.8.3/armv7-m/crtbegin.o
 .bss.heap.6420
                0x20070938        0x4 C:/Users/Roberto/Documents/GitHub/SeniorDesign406/DueReadTempsStringOut/Release/core/syscalls_sam3.c.o
 .bss._ZL12temperatures
                0x2007093c       0x14 .\.ino.cpp.o
 .bss.maxTemperature
                0x20070950        0x4 .\.ino.cpp.o
                0x20070950                maxTemperature
 .bss._ZL3val   0x20070954       0x14 .\.ino.cpp.o
 .bss.tx_buffer2
                0x20070968       0x88 arduino.ar(variant.cpp.o)
                0x20070968                tx_buffer2
 .bss.tx_buffer1
                0x200709f0       0x88 arduino.ar(variant.cpp.o)
                0x200709f0                tx_buffer1
 .bss.Serial    0x20070a78       0x24 arduino.ar(variant.cpp.o)
                0x20070a78                Serial
 .bss.rx_buffer1
                0x20070a9c       0x88 arduino.ar(variant.cpp.o)
                0x20070a9c                rx_buffer1
 .bss.Serial1   0x20070b24       0x28 arduino.ar(variant.cpp.o)
                0x20070b24                Serial1
 .bss.Serial2   0x20070b4c       0x28 arduino.ar(variant.cpp.o)
                0x20070b4c                Serial2
 .bss.Serial3   0x20070b74       0x28 arduino.ar(variant.cpp.o)
                0x20070b74                Serial3
 .bss.tx_buffer3
                0x20070b9c       0x88 arduino.ar(variant.cpp.o)
                0x20070b9c                tx_buffer3
 .bss.tx_buffer4
                0x20070c24       0x88 arduino.ar(variant.cpp.o)
                0x20070c24                tx_buffer4
 .bss.g_pinStatus
                0x20070cac       0x4f arduino.ar(variant.cpp.o)
                0x20070cac                g_pinStatus
 *fill*         0x20070cfb        0x1 
 .bss.rx_buffer2
                0x20070cfc       0x88 arduino.ar(variant.cpp.o)
                0x20070cfc                rx_buffer2
 .bss.rx_buffer3
                0x20070d84       0x88 arduino.ar(variant.cpp.o)
                0x20070d84                rx_buffer3
 .bss.rx_buffer4
                0x20070e0c       0x88 arduino.ar(variant.cpp.o)
                0x20070e0c                rx_buffer4
 .bss.PWMEnabled
                0x20070e94        0x1 arduino.ar(wiring_analog.c.o)
 .bss.TCChanEnabled
                0x20070e95        0x9 arduino.ar(wiring_analog.c.o)
 .bss._cmark    0x20070e9e        0x2 arduino.ar(USBCore.cpp.o)
                0x20070e9e                _cmark
 .bss._ZL14isEndpointHalt
                0x20070ea0        0x1 arduino.ar(USBCore.cpp.o)
 *fill*         0x20070ea1        0x3 
 .bss._cdcComposite
                0x20070ea4        0x4 arduino.ar(USBCore.cpp.o)
                0x20070ea4                _cdcComposite
 .bss._ZL21isRemoteWakeUpEnabled
                0x20070ea8        0x1 arduino.ar(USBCore.cpp.o)
 *fill*         0x20070ea9        0x3 
 .bss._usbInitialized
                0x20070eac        0x4 arduino.ar(USBCore.cpp.o)
                0x20070eac                _usbInitialized
 .bss.USBDevice
                0x20070eb0        0x1 arduino.ar(USBCore.cpp.o)
                0x20070eb0                USBDevice
 *fill*         0x20070eb1        0x3 
 .bss._usbSetInterface
                0x20070eb4        0x4 arduino.ar(USBCore.cpp.o)
                0x20070eb4                _usbSetInterface
 .bss._cend     0x20070eb8        0x2 arduino.ar(USBCore.cpp.o)
                0x20070eb8                _cend
 *fill*         0x20070eba        0x2 
 .bss._usbConfiguration
                0x20070ebc        0x4 arduino.ar(USBCore.cpp.o)
                0x20070ebc                _usbConfiguration
 .bss.cdc_rx_buffer
                0x20070ec0      0x208 arduino.ar(CDC.cpp.o)
                0x20070ec0                cdc_rx_buffer
 .bss._ZZN7Serial_6acceptEvE5guard
                0x200710c8        0x4 arduino.ar(CDC.cpp.o)
 .bss.SerialUSB
                0x200710cc       0x14 arduino.ar(CDC.cpp.o)
                0x200710cc                SerialUSB
 .bss._ZZ12PluggableUSBvE3obj
                0x200710e0        0x8 arduino.ar(PluggableUSB.cpp.o)
 .bss._ZGVZ12PluggableUSBvE3obj
                0x200710e8        0x4 arduino.ar(PluggableUSB.cpp.o)
 .bss._dwTickCount
                0x200710ec        0x4 C:/Users/Roberto/eclipse/arduinoPlugin/packages/arduino/hardware/sam/1.6.7/variants/arduino_due_x/libsam_sam3x8e_gcc_rel.a(timetick.o)
 .bss.gpf_isr   0x200710f0        0x4 C:/Users/Roberto/eclipse/arduinoPlugin/packages/arduino/hardware/sam/1.6.7/variants/arduino_due_x/libsam_sam3x8e_gcc_rel.a(uotghs.o)
                0x200710f0                gpf_isr
 .bss.ul_recv_fifo_ptr
                0x200710f4       0x28 C:/Users/Roberto/eclipse/arduinoPlugin/packages/arduino/hardware/sam/1.6.7/variants/arduino_due_x/libsam_sam3x8e_gcc_rel.a(uotghs_device.o)
 .bss.ul_send_fifo_ptr
                0x2007111c       0x28 C:/Users/Roberto/eclipse/arduinoPlugin/packages/arduino/hardware/sam/1.6.7/variants/arduino_due_x/libsam_sam3x8e_gcc_rel.a(uotghs_device.o)
 .bss.callbacksPioA
                0x20071144       0x80 arduino.ar(WInterrupts.c.o)
 .bss.callbacksPioB
                0x200711c4       0x80 arduino.ar(WInterrupts.c.o)
 .bss.callbacksPioC
                0x20071244       0x80 arduino.ar(WInterrupts.c.o)
 .bss.callbacksPioD
                0x200712c4       0x80 arduino.ar(WInterrupts.c.o)
 .bss.__malloc_max_total_mem
                0x20071344        0x4 c:/users/roberto/eclipse/arduinoplugin/tools/arduino/arm-none-eabi-gcc/4.8.3-2014q1/bin/../lib/gcc/arm-none-eabi/4.8.3/../../../../arm-none-eabi/lib/armv7-m\libg.a(lib_a-mallocr.o)
                0x20071344                __malloc_max_total_mem
 .bss.__malloc_max_sbrked_mem
                0x20071348        0x4 c:/users/roberto/eclipse/arduinoplugin/tools/arduino/arm-none-eabi-gcc/4.8.3-2014q1/bin/../lib/gcc/arm-none-eabi/4.8.3/../../../../arm-none-eabi/lib/armv7-m\libg.a(lib_a-mallocr.o)
                0x20071348                __malloc_max_sbrked_mem
 .bss.__malloc_top_pad
                0x2007134c        0x4 c:/users/roberto/eclipse/arduinoplugin/tools/arduino/arm-none-eabi-gcc/4.8.3-2014q1/bin/../lib/gcc/arm-none-eabi/4.8.3/../../../../arm-none-eabi/lib/armv7-m\libg.a(lib_a-mallocr.o)
                0x2007134c                __malloc_top_pad
 .bss.__malloc_current_mallinfo
                0x20071350       0x28 c:/users/roberto/eclipse/arduinoplugin/tools/arduino/arm-none-eabi-gcc/4.8.3-2014q1/bin/../lib/gcc/arm-none-eabi/4.8.3/../../../../arm-none-eabi/lib/armv7-m\libg.a(lib_a-mallocr.o)
                0x20071350                __malloc_current_mallinfo
 *(COMMON)
 COMMON         0x20071378        0x4 c:/users/roberto/eclipse/arduinoplugin/tools/arduino/arm-none-eabi-gcc/4.8.3-2014q1/bin/../lib/gcc/arm-none-eabi/4.8.3/../../../../arm-none-eabi/lib/armv7-m\libg.a(lib_a-reent.o)
                0x20071378                errno
                0x2007137c                . = ALIGN (0x4)
                0x2007137c                _ebss = .
                0x2007137c                _ezero = .
                0x2007137c                . = ALIGN (0x4)
                0x2007137c                _end = .

.stack_dummy    0x2007137c        0x0
 *(.stack*)
                0x20088000                __StackTop = (ORIGIN (ram) + 0x18000)
                0x20088000                __StackLimit = (__StackTop - SIZEOF (.stack_dummy))
                0x20088000                PROVIDE (_sstack, __StackLimit)
                0x20088000                PROVIDE (_estack, __StackTop)
OUTPUT(C:/Users/Roberto/Documents/GitHub/SeniorDesign406/DueReadTempsStringOut/Release/DueReadTempsStringOut.elf elf32-littlearm)

.ARM.attributes
                0x00000000       0x29
 .ARM.attributes