Archive member included because of file (symbol)

arduino.ar(variant.cpp.o)     ./.ino.cpp.o (Serial3)
arduino.ar(Print.cpp.o)       ./.ino.cpp.o (Print::print(String const&))
arduino.ar(RingBuffer.cpp.o)  arduino.ar(variant.cpp.o) (RingBuffer::RingBuffer())
arduino.ar(Stream.cpp.o)      ./.ino.cpp.o (Stream::readStringUntil(char))
arduino.ar(UARTClass.cpp.o)   ./.ino.cpp.o (UARTClass::available())
arduino.ar(USARTClass.cpp.o)  ./.ino.cpp.o (USARTClass::begin(unsigned long))
arduino.ar(WString.cpp.o)     ./.ino.cpp.o (String::~String())
arduino.ar(abi.cpp.o)         arduino.ar(Print.cpp.o) (__cxa_pure_virtual)
arduino.ar(itoa.c.o)          arduino.ar(WString.cpp.o) (ltoa)
arduino.ar(main.cpp.o)        /usr/lib64/eclipse/arduinoPlugin/tools/arduino/arm-none-eabi-gcc/4.8.3-2014q1/bin/../lib/gcc/arm-none-eabi/4.8.3/../../../../arm-none-eabi/lib/armv7-m/crt0.o (main)
arduino.ar(watchdog.cpp.o)    arduino.ar(main.cpp.o) (watchdogSetup())
arduino.ar(wiring.c.o)        arduino.ar(Stream.cpp.o) (millis)
arduino.ar(wiring_analog.c.o)
                              ./.ino.cpp.o (analogWriteResolution)
arduino.ar(wiring_digital.c.o)
                              ./.ino.cpp.o (pinMode)
arduino.ar(dtostrf.c.o)       arduino.ar(WString.cpp.o) (dtostrf)
arduino.ar(USBCore.cpp.o)     arduino.ar(main.cpp.o) (USBDevice_::attach())
arduino.ar(hooks.c.o)         arduino.ar(wiring.c.o) (yield)
arduino.ar(CDC.cpp.o)         arduino.ar(USBCore.cpp.o) (Serial_::accept())
arduino.ar(PluggableUSB.cpp.o)
                              arduino.ar(USBCore.cpp.o) (PluggableUSB_::getInterface(unsigned char*))
arduino.ar(Reset.cpp.o)       arduino.ar(CDC.cpp.o) (initiateReset)
/usr/lib64/eclipse/arduinoPlugin/packages/arduino/hardware/sam/1.6.7/variants/arduino_due_x/libsam_sam3x8e_gcc_rel.a(pio.o)
                              arduino.ar(wiring_digital.c.o) (PIO_PullUp)
/usr/lib64/eclipse/arduinoPlugin/packages/arduino/hardware/sam/1.6.7/variants/arduino_due_x/libsam_sam3x8e_gcc_rel.a(pmc.o)
                              ./.ino.cpp.o (pmc_enable_periph_clk)
/usr/lib64/eclipse/arduinoPlugin/packages/arduino/hardware/sam/1.6.7/variants/arduino_due_x/libsam_sam3x8e_gcc_rel.a(pwmc.o)
                              arduino.ar(wiring_analog.c.o) (PWMC_ConfigureChannel)
/usr/lib64/eclipse/arduinoPlugin/packages/arduino/hardware/sam/1.6.7/variants/arduino_due_x/libsam_sam3x8e_gcc_rel.a(tc.o)
                              ./.ino.cpp.o (TC_Configure)
/usr/lib64/eclipse/arduinoPlugin/packages/arduino/hardware/sam/1.6.7/variants/arduino_due_x/libsam_sam3x8e_gcc_rel.a(timetick.o)
                              arduino.ar(wiring.c.o) (GetTickCount)
/usr/lib64/eclipse/arduinoPlugin/packages/arduino/hardware/sam/1.6.7/variants/arduino_due_x/libsam_sam3x8e_gcc_rel.a(wdt.o)
                              arduino.ar(watchdog.cpp.o) (WDT_Enable)
/usr/lib64/eclipse/arduinoPlugin/packages/arduino/hardware/sam/1.6.7/variants/arduino_due_x/libsam_sam3x8e_gcc_rel.a(system_sam3xa.o)
                              arduino.ar(variant.cpp.o) (SystemInit)
/usr/lib64/eclipse/arduinoPlugin/packages/arduino/hardware/sam/1.6.7/variants/arduino_due_x/libsam_sam3x8e_gcc_rel.a(startup_sam3xa.o)
                              (Reset_Handler)
/usr/lib64/eclipse/arduinoPlugin/packages/arduino/hardware/sam/1.6.7/variants/arduino_due_x/libsam_sam3x8e_gcc_rel.a(adc.o)
                              arduino.ar(variant.cpp.o) (adc_init)
/usr/lib64/eclipse/arduinoPlugin/packages/arduino/hardware/sam/1.6.7/variants/arduino_due_x/libsam_sam3x8e_gcc_rel.a(uotghs.o)
                              /usr/lib64/eclipse/arduinoPlugin/packages/arduino/hardware/sam/1.6.7/variants/arduino_due_x/libsam_sam3x8e_gcc_rel.a(startup_sam3xa.o) (UOTGHS_Handler)
/usr/lib64/eclipse/arduinoPlugin/packages/arduino/hardware/sam/1.6.7/variants/arduino_due_x/libsam_sam3x8e_gcc_rel.a(interrupt_sam_nvic.o)
                              arduino.ar(USBCore.cpp.o) (g_interrupt_enabled)
/usr/lib64/eclipse/arduinoPlugin/packages/arduino/hardware/sam/1.6.7/variants/arduino_due_x/libsam_sam3x8e_gcc_rel.a(uotghs_device.o)
                              arduino.ar(USBCore.cpp.o) (UDD_SetStack)
/usr/lib64/eclipse/arduinoPlugin/packages/arduino/hardware/sam/1.6.7/variants/arduino_due_x/libsam_sam3x8e_gcc_rel.a(dacc.o)
                              arduino.ar(wiring_analog.c.o) (dacc_reset)
arduino.ar(WInterrupts.c.o)   /usr/lib64/eclipse/arduinoPlugin/packages/arduino/hardware/sam/1.6.7/variants/arduino_due_x/libsam_sam3x8e_gcc_rel.a(startup_sam3xa.o) (PIOA_Handler)
arduino.ar(cortex_handlers.c.o)
                              /usr/lib64/eclipse/arduinoPlugin/packages/arduino/hardware/sam/1.6.7/variants/arduino_due_x/libsam_sam3x8e_gcc_rel.a(startup_sam3xa.o) (NMI_Handler)
/usr/lib64/eclipse/arduinoPlugin/tools/arduino/arm-none-eabi-gcc/4.8.3-2014q1/bin/../lib/gcc/arm-none-eabi/4.8.3/../../../../arm-none-eabi/lib/armv7-m/libm.a(lib_a-s_cos.o)
                              ./libraries/UTFT/UTFT.cpp.o (cos)
[...]
Memory Configuration

Name             Origin             Length             Attributes
rom              0x0000000000080000 0x0000000000080000 xr
sram0            0x0000000020000000 0x0000000000010000 xrw
sram1            0x0000000020080000 0x0000000000008000 xrw
ram              0x0000000020070000 0x0000000000018000 xrw
*default*        0x0000000000000000 0xffffffffffffffff

Linker script and memory map

LOAD /usr/lib64/eclipse/arduinoPlugin/tools/arduino/arm-none-eabi-gcc/4.8.3-2014q1/bin/../lib/gcc/arm-none-eabi/4.8.3/armv7-m/crti.o
LOAD /usr/lib64/eclipse/arduinoPlugin/tools/arduino/arm-none-eabi-gcc/4.8.3-2014q1/bin/../lib/gcc/arm-none-eabi/4.8.3/armv7-m/crtbegin.o
LOAD /usr/lib64/eclipse/arduinoPlugin/tools/arduino/arm-none-eabi-gcc/4.8.3-2014q1/bin/../lib/gcc/arm-none-eabi/4.8.3/../../../../arm-none-eabi/lib/armv7-m/crt0.o
START GROUP
LOAD /home/rmelendez/git/SeniorDesign406/TFTGraphicDisplay01_01ReadTempString/Release/core/syscalls_sam3.c.o
LOAD ./.ino.cpp.o
LOAD ./Ubuntu.c.o
LOAD ./controlLoopOffground.c.o
LOAD ./libraries/UTFT_Buttons/UTFT_Buttons.cpp.o
LOAD ./libraries/UTFT_Buttons/fonts.c.o
LOAD ./libraries/UTFT/DefaultFonts.c.o
LOAD ./libraries/UTFT/UTFT.cpp.o
LOAD ./libraries/URTouch/URTouch.cpp.o
LOAD arduino.ar
LOAD /usr/lib64/eclipse/arduinoPlugin/packages/arduino/hardware/sam/1.6.7/variants/arduino_due_x/libsam_sam3x8e_gcc_rel.a
END GROUP
LOAD /usr/lib64/eclipse/arduinoPlugin/tools/arduino/arm-none-eabi-gcc/4.8.3-2014q1/bin/../lib/gcc/arm-none-eabi/4.8.3/../../../../arm-none-eabi/lib/armv7-m/libm.a
START GROUP
LOAD /usr/lib64/eclipse/arduinoPlugin/tools/arduino/arm-none-eabi-gcc/4.8.3-2014q1/bin/../lib/gcc/arm-none-eabi/4.8.3/armv7-m/libgcc.a
LOAD /usr/lib64/eclipse/arduinoPlugin/tools/arduino/arm-none-eabi-gcc/4.8.3-2014q1/bin/../lib/gcc/arm-none-eabi/4.8.3/../../../../arm-none-eabi/lib/armv7-m/libg.a
LOAD /usr/lib64/eclipse/arduinoPlugin/tools/arduino/arm-none-eabi-gcc/4.8.3-2014q1/bin/../lib/gcc/arm-none-eabi/4.8.3/../../../../arm-none-eabi/lib/armv7-m/libc.a
END GROUP
LOAD /usr/lib64/eclipse/arduinoPlugin/tools/arduino/arm-none-eabi-gcc/4.8.3-2014q1/bin/../lib/gcc/arm-none-eabi/4.8.3/armv7-m/crtend.o
LOAD /usr/lib64/eclipse/arduinoPlugin/tools/arduino/arm-none-eabi-gcc/4.8.3-2014q1/bin/../lib/gcc/arm-none-eabi/4.8.3/armv7-m/crtn.o

.text           0x0000000000080000    0x12ca8
                0x0000000000080000                . = ALIGN (0x4)
                0x0000000000080000                _sfixed = .
 *(.vectors .vectors.*)
 .vectors       0x0000000000080000       0xf4 /usr/lib64/eclipse/arduinoPlugin/packages/arduino/hardware/sam/1.6.7/variants/arduino_due_x/libsam_sam3x8e_gcc_rel.a(startup_sam3xa.o)
                0x0000000000080000                exception_table
 *(.text .text.* .gnu.linkonce.t.*)
 .text          0x00000000000800f4       0x54 /usr/lib64/eclipse/arduinoPlugin/tools/arduino/arm-none-eabi-gcc/4.8.3-2014q1/bin/../lib/gcc/arm-none-eabi/4.8.3/armv7-m/crtbegin.o
 .text._sbrk    0x0000000000080148       0x1c /home/rmelendez/git/SeniorDesign406/TFTGraphicDisplay01_01ReadTempString/Release/core/syscalls_sam3.c.o
                0x0000000000080148                _sbrk
 .text._close   0x0000000000080164        0x6 /home/rmelendez/git/SeniorDesign406/TFTGraphicDisplay01_01ReadTempString/Release/core/syscalls_sam3.c.o
                0x0000000000080164                _close
 .text._fstat   0x000000000008016a        0xa /home/rmelendez/git/SeniorDesign406/TFTGraphicDisplay01_01ReadTempString/Release/core/syscalls_sam3.c.o
                0x000000000008016a                _fstat
 .text._isatty  0x0000000000080174        0x4 /home/rmelendez/git/SeniorDesign406/TFTGraphicDisplay01_01ReadTempString/Release/core/syscalls_sam3.c.o
                0x0000000000080174                _isatty
 .text._lseek   0x0000000000080178        0x4 /home/rmelendez/git/SeniorDesign406/TFTGraphicDisplay01_01ReadTempString/Release/core/syscalls_sam3.c.o
                0x0000000000080178                _lseek
 .text._read    0x000000000008017c        0x4 /home/rmelendez/git/SeniorDesign406/TFTGraphicDisplay01_01ReadTempString/Release/core/syscalls_sam3.c.o
                0x000000000008017c                _read
 .text._write   0x0000000000080180       0x24 /home/rmelendez/git/SeniorDesign406/TFTGraphicDisplay01_01ReadTempString/Release/core/syscalls_sam3.c.o
                0x0000000000080180                _write
 .text._exit    0x00000000000801a4       0x10 /home/rmelendez/git/SeniorDesign406/TFTGraphicDisplay01_01ReadTempString/Release/core/syscalls_sam3.c.o
                0x00000000000801a4                _exit
 .text._kill    0x00000000000801b4        0x2 /home/rmelendez/git/SeniorDesign406/TFTGraphicDisplay01_01ReadTempString/Release/core/syscalls_sam3.c.o
                0x00000000000801b4                _kill
 .text._getpid  0x00000000000801b6        0x6 /home/rmelendez/git/SeniorDesign406/TFTGraphicDisplay01_01ReadTempString/Release/core/syscalls_sam3.c.o
                0x00000000000801b6                _getpid
 .text._Z10startTimerP2Tcm4IRQnm
                0x00000000000801bc       0x78 ./.ino.cpp.o
                0x00000000000801bc                startTimer(Tc*, unsigned long, IRQn, unsigned long)
 *fill*         0x0000000000080234        0x4 
 .text.TC4_Handler
                0x0000000000080238       0x98 ./.ino.cpp.o
                0x0000000000080238                TC4_Handler
 .text.startup._GLOBAL__sub_I_myGLCD
                0x00000000000802d0       0x50 ./.ino.cpp.o
 .text.setup    0x0000000000080320      0x248 ./.ino.cpp.o
                0x0000000000080320                setup
 .text._Z15getTemperaturesv
                0x0000000000080568       0x74 ./.ino.cpp.o
                0x0000000000080568                getTemperatures()
 .text.loop     0x00000000000805dc      0x40c ./.ino.cpp.o
                0x00000000000805dc                loop
 .text._ZN12UTFT_Buttons9addButtonEttttPct
                0x00000000000809e8       0x34 ./libraries/UTFT_Buttons/UTFT_Buttons.cpp.o
                0x00000000000809e8                UTFT_Buttons::addButton(unsigned short, unsigned short, unsigned short, unsigned short, char*, unsigned short)
 .text._ZN12UTFT_Buttons10drawButtonEi
                0x0000000000080a1c      0x1f0 ./libraries/UTFT_Buttons/UTFT_Buttons.cpp.o
                0x0000000000080a1c                UTFT_Buttons::drawButton(int)
 .text._ZN12UTFT_Buttons11drawButtonsEv
                0x0000000000080c0c       0x24 ./libraries/UTFT_Buttons/UTFT_Buttons.cpp.o
                0x0000000000080c0c                UTFT_Buttons::drawButtons()
 .text._ZN12UTFT_Buttons12enableButtonEib
                0x0000000000080c30       0x22 ./libraries/UTFT_Buttons/UTFT_Buttons.cpp.o
                0x0000000000080c30                UTFT_Buttons::enableButton(int, bool)
 .text._ZN12UTFT_Buttons13disableButtonEib
                0x0000000000080c52       0x22 ./libraries/UTFT_Buttons/UTFT_Buttons.cpp.o
                0x0000000000080c52                UTFT_Buttons::disableButton(int, bool)
 .text._ZN12UTFT_Buttons13relabelButtonEiPcb
                0x0000000000080c74       0x22 ./libraries/UTFT_Buttons/UTFT_Buttons.cpp.o
                0x0000000000080c74                UTFT_Buttons::relabelButton(int, char*, bool)
 *fill*         0x0000000000080c96        0x2 
 .text._ZN12UTFT_Buttons16deleteAllButtonsEv
                0x0000000000080c98       0x24 ./libraries/UTFT_Buttons/UTFT_Buttons.cpp.o
                0x0000000000080c98                UTFT_Buttons::deleteAllButtons()
 .text._ZN12UTFT_ButtonsC2EP4UTFTP7URTouch
                0x0000000000080cbc       0x3c ./libraries/UTFT_Buttons/UTFT_Buttons.cpp.o
                0x0000000000080cbc                UTFT_Buttons::UTFT_Buttons(UTFT*, URTouch*)
                0x0000000000080cbc                UTFT_Buttons::UTFT_Buttons(UTFT*, URTouch*)
 .text._ZN12UTFT_Buttons12checkButtonsEv
                0x0000000000080cf8      0x10e ./libraries/UTFT_Buttons/UTFT_Buttons.cpp.o
                0x0000000000080cf8                UTFT_Buttons::checkButtons()
 .text._ZN12UTFT_Buttons11setTextFontEPh
                0x0000000000080e06        0x6 ./libraries/UTFT_Buttons/UTFT_Buttons.cpp.o
                0x0000000000080e06                UTFT_Buttons::setTextFont(unsigned char*)
 .text._ZN4UTFT14_convert_floatEPcdih
                0x0000000000080e0c       0x2c ./libraries/UTFT/UTFT.cpp.o
                0x0000000000080e0c                UTFT::_convert_float(char*, double, int, unsigned char)
 .text._ZN4UTFT12LCD_Writ_BusEcch
                0x0000000000080e38      0x1ec ./libraries/UTFT/UTFT.cpp.o
                0x0000000000080e38                UTFT::LCD_Writ_Bus(char, char, unsigned char)
 .text._ZN4UTFT24_set_direction_registersEh
                0x0000000000081024       0x20 ./libraries/UTFT/UTFT.cpp.o
                0x0000000000081024                UTFT::_set_direction_registers(unsigned char)
 .text._ZN4UTFT13_fast_fill_16Eiil
                0x0000000000081044      0x190 ./libraries/UTFT/UTFT.cpp.o
                0x0000000000081044                UTFT::_fast_fill_16(int, int, long)
 .text._ZN4UTFT12_fast_fill_8Eil
                0x00000000000811d4      0x2b8 ./libraries/UTFT/UTFT.cpp.o
                0x00000000000811d4                UTFT::_fast_fill_8(int, long)
 .text._ZN4UTFTC2Ehiiiii
                0x000000000008148c      0x198 ./libraries/UTFT/UTFT.cpp.o
                0x000000000008148c                UTFT::UTFT(unsigned char, int, int, int, int, int)
                0x000000000008148c                UTFT::UTFT(unsigned char, int, int, int, int, int)
 .text._ZN4UTFT13LCD_Write_COMEc
                0x0000000000081624       0x26 ./libraries/UTFT/UTFT.cpp.o
                0x0000000000081624                UTFT::LCD_Write_COM(char)
 .text._ZN4UTFT14LCD_Write_DATAEcc
                0x000000000008164a       0x36 ./libraries/UTFT/UTFT.cpp.o
                0x000000000008164a                UTFT::LCD_Write_DATA(char, char)
 .text._ZN4UTFT14LCD_Write_DATAEc
                0x0000000000081680       0x24 ./libraries/UTFT/UTFT.cpp.o
                0x0000000000081680                UTFT::LCD_Write_DATA(char)
 .text._ZN4UTFT18LCD_Write_COM_DATAEci
                0x00000000000816a4       0x1a ./libraries/UTFT/UTFT.cpp.o
                0x00000000000816a4                UTFT::LCD_Write_COM_DATA(char, int)
 .text._ZN4UTFT5setXYEjjjj
                0x00000000000816be      0x2e0 ./libraries/UTFT/UTFT.cpp.o
                0x00000000000816be                UTFT::setXY(unsigned int, unsigned int, unsigned int, unsigned int)
 *fill*         0x000000000008199e        0x2 
 .text._ZN4UTFT7InitLCDEh
                0x00000000000819a0     0x2640 ./libraries/UTFT/UTFT.cpp.o
                0x00000000000819a0                UTFT::InitLCD(unsigned char)
 .text._ZN4UTFT5clrXYEv
                0x0000000000083fe0       0x24 ./libraries/UTFT/UTFT.cpp.o
                0x0000000000083fe0                UTFT::clrXY()
 .text._ZN4UTFT6clrScrEv
                0x0000000000084004       0x9c ./libraries/UTFT/UTFT.cpp.o
                0x0000000000084004                UTFT::clrScr()
 .text._ZN4UTFT7fillScrEj
                0x00000000000840a0       0xae ./libraries/UTFT/UTFT.cpp.o
                0x00000000000840a0                UTFT::fillScr(unsigned int)
 .text._ZN4UTFT8setColorEj
                0x000000000008414e        0x8 ./libraries/UTFT/UTFT.cpp.o
                0x000000000008414e                UTFT::setColor(unsigned int)
 .text._ZN4UTFT8getColorEv
                0x0000000000084156        0xa ./libraries/UTFT/UTFT.cpp.o
                0x0000000000084156                UTFT::getColor()
 .text._ZN4UTFT12setBackColorEm
                0x0000000000084160       0x16 ./libraries/UTFT/UTFT.cpp.o
                0x0000000000084160                UTFT::setBackColor(unsigned long)
 .text._ZN4UTFT12getBackColorEv
                0x0000000000084176        0xa ./libraries/UTFT/UTFT.cpp.o
                0x0000000000084176                UTFT::getBackColor()
 .text._ZN4UTFT8setPixelEj
                0x0000000000084180        0xc ./libraries/UTFT/UTFT.cpp.o
                0x0000000000084180                UTFT::setPixel(unsigned int)
 .text._ZN4UTFT9drawPixelEii
                0x000000000008418c       0x3c ./libraries/UTFT/UTFT.cpp.o
                0x000000000008418c                UTFT::drawPixel(int, int)
 .text._ZN4UTFT9drawHLineEiii
                0x00000000000841c8       0x8e ./libraries/UTFT/UTFT.cpp.o
                0x00000000000841c8                UTFT::drawHLine(int, int, int)
 .text._ZN4UTFT13fillRoundRectEiiii
                0x0000000000084256       0xac ./libraries/UTFT/UTFT.cpp.o
                0x0000000000084256                UTFT::fillRoundRect(int, int, int, int)
 .text._ZN4UTFT9drawVLineEiii
                0x0000000000084302       0x90 ./libraries/UTFT/UTFT.cpp.o
                0x0000000000084302                UTFT::drawVLine(int, int, int)
 .text._ZN4UTFT8drawRectEiiii
                0x0000000000084392       0x5a ./libraries/UTFT/UTFT.cpp.o
                0x0000000000084392                UTFT::drawRect(int, int, int, int)
 .text._ZN4UTFT13drawRoundRectEiiii
                0x00000000000843ec       0xc2 ./libraries/UTFT/UTFT.cpp.o
                0x00000000000843ec                UTFT::drawRoundRect(int, int, int, int)
 .text._ZN4UTFT9printCharEhii
                0x00000000000844ae      0x1d0 ./libraries/UTFT/UTFT.cpp.o
                0x00000000000844ae                UTFT::printChar(unsigned char, int, int)
 *fill*         0x000000000008467e        0x2 
 .text._ZN4UTFT10rotateCharEhiiii
                0x0000000000084680      0x1b0 ./libraries/UTFT/UTFT.cpp.o
                0x0000000000084680                UTFT::rotateChar(unsigned char, int, int, int, int)
 .text._ZN4UTFT5printEPciii
                0x0000000000084830       0xac ./libraries/UTFT/UTFT.cpp.o
                0x0000000000084830                UTFT::print(char*, int, int, int)
 .text._ZN4UTFT5printE6Stringiii
                0x00000000000848dc       0x40 ./libraries/UTFT/UTFT.cpp.o
                0x00000000000848dc                UTFT::print(String, int, int, int)
 .text._ZN4UTFT9printNumIEliiic
                0x000000000008491c       0xe8 ./libraries/UTFT/UTFT.cpp.o
                0x000000000008491c                UTFT::printNumI(long, int, int, int, char)
 .text._ZN4UTFT9printNumFEdhiicic
                0x0000000000084a04       0xa8 ./libraries/UTFT/UTFT.cpp.o
                0x0000000000084a04                UTFT::printNumF(double, unsigned char, int, int, char, int, char)
 .text._ZN4UTFT7setFontEPh
                0x0000000000084aac       0x1c ./libraries/UTFT/UTFT.cpp.o
                0x0000000000084aac                UTFT::setFont(unsigned char*)
 .text._ZN4UTFT7getFontEv
                0x0000000000084ac8        0x4 ./libraries/UTFT/UTFT.cpp.o
                0x0000000000084ac8                UTFT::getFont()
 .text._ZN4UTFT12getFontXsizeEv
                0x0000000000084acc        0x6 ./libraries/UTFT/UTFT.cpp.o
                0x0000000000084acc                UTFT::getFontXsize()
 .text._ZN4UTFT12getFontYsizeEv
                0x0000000000084ad2        0x6 ./libraries/UTFT/UTFT.cpp.o
                0x0000000000084ad2                UTFT::getFontYsize()
 .text._ZN4UTFT10drawBitmapEiiiiPti
                0x0000000000084ad8      0x1ca ./libraries/UTFT/UTFT.cpp.o
                0x0000000000084ad8                UTFT::drawBitmap(int, int, int, int, unsigned short*, int)
 .text._ZN7URTouch15touch_WriteDataEh
                0x0000000000084ca2       0x48 ./libraries/URTouch/URTouch.cpp.o
                0x0000000000084ca2                URTouch::touch_WriteData(unsigned char)
 .text._ZN7URTouch14touch_ReadDataEv
                0x0000000000084cea       0x36 ./libraries/URTouch/URTouch.cpp.o
                0x0000000000084cea                URTouch::touch_ReadData()
 .text._ZN7URTouchC2Ehhhhh
                0x0000000000084d20       0x20 ./libraries/URTouch/URTouch.cpp.o
                0x0000000000084d20                URTouch::URTouch(unsigned char, unsigned char, unsigned char, unsigned char, unsigned char)
                0x0000000000084d20                URTouch::URTouch(unsigned char, unsigned char, unsigned char, unsigned char, unsigned char)
 .text._ZN7URTouch9InitTouchEh
                0x0000000000084d40       0xf0 ./libraries/URTouch/URTouch.cpp.o
                0x0000000000084d40                URTouch::InitTouch(unsigned char)
 .text._ZN7URTouch4readEv
                0x0000000000084e30      0x140 ./libraries/URTouch/URTouch.cpp.o
                0x0000000000084e30                URTouch::read()
 .text._ZN7URTouch13dataAvailableEv
                0x0000000000084f70       0x2a ./libraries/URTouch/URTouch.cpp.o
                0x0000000000084f70                URTouch::dataAvailable()
 .text._ZN7URTouch4getXEv
                0x0000000000084f9a       0x68 ./libraries/URTouch/URTouch.cpp.o
                0x0000000000084f9a                URTouch::getX()
 .text._ZN7URTouch4getYEv
                0x0000000000085002       0x68 ./libraries/URTouch/URTouch.cpp.o
                0x0000000000085002                URTouch::getY()
 .text._ZN7URTouch12setPrecisionEh
                0x000000000008506a       0x22 ./libraries/URTouch/URTouch.cpp.o
                0x000000000008506a                URTouch::setPrecision(unsigned char)
 .text._Z11serialEventv
                0x000000000008508c        0x2 arduino.ar(variant.cpp.o)
                0x000000000008508c                serialEvent()
 *fill*         0x000000000008508e        0x2 
 .text.UART_Handler
                0x0000000000085090        0xc arduino.ar(variant.cpp.o)
                0x0000000000085090                UART_Handler
 .text._Z12serialEvent1v
                0x000000000008509c        0x2 arduino.ar(variant.cpp.o)
                0x000000000008509c                serialEvent1()
 .text._Z12serialEvent2v
                0x000000000008509e        0x2 arduino.ar(variant.cpp.o)
                0x000000000008509e                serialEvent2()
 .text._Z12serialEvent3v
                0x00000000000850a0        0x2 arduino.ar(variant.cpp.o)
                0x00000000000850a0                serialEvent3()
 *fill*         0x00000000000850a2        0x2 
 .text.USART0_Handler
                0x00000000000850a4        0xc arduino.ar(variant.cpp.o)
                0x00000000000850a4                USART0_Handler
 .text.USART1_Handler
                0x00000000000850b0        0xc arduino.ar(variant.cpp.o)
                0x00000000000850b0                USART1_Handler
 .text.USART3_Handler
                0x00000000000850bc        0xc arduino.ar(variant.cpp.o)
                0x00000000000850bc                USART3_Handler
 .text.init     0x00000000000850c8      0x128 arduino.ar(variant.cpp.o)
                0x00000000000850c8                init
 .text.startup._GLOBAL__sub_I_g_APinDescription
                0x00000000000851f0       0xd4 arduino.ar(variant.cpp.o)
 .text._Z14serialEventRunv
                0x00000000000852c4       0x44 arduino.ar(variant.cpp.o)
                0x00000000000852c4                serialEventRun()
 .text._ZN5Print5writeEPKhj
                0x0000000000085308       0x22 arduino.ar(Print.cpp.o)
                0x0000000000085308                Print::write(unsigned char const*, unsigned int)
 .text._ZN5Print5writeEPKc
                0x000000000008532a       0x1e arduino.ar(Print.cpp.o)
                0x000000000008532a                Print::write(char const*)
 .text._ZN5Print5printERK6String
                0x0000000000085348       0x10 arduino.ar(Print.cpp.o)
                0x0000000000085348                Print::print(String const&)
 .text._ZN5Print5printEc
                0x0000000000085358        0xa arduino.ar(Print.cpp.o)
                0x0000000000085358                Print::print(char)
 *fill*         0x0000000000085362        0x2 
 .text._ZN5Print7printlnEv
                0x0000000000085364       0x10 arduino.ar(Print.cpp.o)
                0x0000000000085364                Print::println()
 .text._ZN5Print11printNumberEmh
                0x0000000000085374       0x3e arduino.ar(Print.cpp.o)
                0x0000000000085374                Print::printNumber(unsigned long, unsigned char)
 .text._ZN5Print5printEli
                0x00000000000853b2       0x3c arduino.ar(Print.cpp.o)
                0x00000000000853b2                Print::print(long, int)
 .text._ZN5Print5printEii
                0x00000000000853ee        0x4 arduino.ar(Print.cpp.o)
                0x00000000000853ee                Print::print(int, int)
 .text._ZN5Print5printEmi
                0x00000000000853f2       0x18 arduino.ar(Print.cpp.o)
                0x00000000000853f2                Print::print(unsigned long, int)
 *fill*         0x000000000008540a        0x2 
 .text._ZN5Print10printFloatEdh
                0x000000000008540c      0x14c arduino.ar(Print.cpp.o)
                0x000000000008540c                Print::printFloat(double, unsigned char)
 .text._ZN5Print5printEdi
                0x0000000000085558        0xa arduino.ar(Print.cpp.o)
                0x0000000000085558                Print::print(double, int)
 .text._ZN5Print7printlnEdi
                0x0000000000085562       0x1c arduino.ar(Print.cpp.o)
                0x0000000000085562                Print::println(double, int)
 .text._ZN10RingBufferC2Ev
                0x000000000008557e       0x1a arduino.ar(RingBuffer.cpp.o)
                0x000000000008557e                RingBuffer::RingBuffer()
                0x000000000008557e                RingBuffer::RingBuffer()
 .text._ZN10RingBuffer10store_charEh
                0x0000000000085598       0x1e arduino.ar(RingBuffer.cpp.o)
                0x0000000000085598                RingBuffer::store_char(unsigned char)
 .text._ZN6Stream9timedReadEv
                0x00000000000855b6       0x2a arduino.ar(Stream.cpp.o)
                0x00000000000855b6                Stream::timedRead()
 .text._ZN6Stream15readStringUntilEc
                0x00000000000855e0       0x30 arduino.ar(Stream.cpp.o)
                0x00000000000855e0                Stream::readStringUntil(char)
 .text._ZN9UARTClasscvbEv
                0x0000000000085610        0x4 arduino.ar(UARTClass.cpp.o)
                0x0000000000085610                UARTClass::operator bool()
 .text._ZN9UARTClass9availableEv
                0x0000000000085614       0x12 arduino.ar(UARTClass.cpp.o)
                0x0000000000085614                UARTClass::available()
 .text._ZN9UARTClass4peekEv
                0x0000000000085626       0x1c arduino.ar(UARTClass.cpp.o)
                0x0000000000085626                UARTClass::peek()
 .text._ZN9UARTClass4readEv
                0x0000000000085642       0x2a arduino.ar(UARTClass.cpp.o)
                0x0000000000085642                UARTClass::read()
 .text._ZN9UARTClass5flushEv
                0x000000000008566c       0x18 arduino.ar(UARTClass.cpp.o)
                0x000000000008566c                UARTClass::flush()
 .text._ZN9UARTClass5writeEh
                0x0000000000085684       0x54 arduino.ar(UARTClass.cpp.o)
                0x0000000000085684                UARTClass::write(unsigned char)
 .text._ZN9UARTClass3endEv
                0x00000000000856d8       0x3c arduino.ar(UARTClass.cpp.o)
                0x00000000000856d8                UARTClass::end()
 .text._ZN9UARTClassC2EP4Uart4IRQnmP10RingBufferS4_
                0x0000000000085714       0x24 arduino.ar(UARTClass.cpp.o)
                0x0000000000085714                UARTClass::UARTClass(Uart*, IRQn, unsigned long, RingBuffer*, RingBuffer*)
                0x0000000000085714                UARTClass::UARTClass(Uart*, IRQn, unsigned long, RingBuffer*, RingBuffer*)
 .text._ZN9UARTClass4initEmm
                0x0000000000085738       0x70 arduino.ar(UARTClass.cpp.o)
                0x0000000000085738                UARTClass::init(unsigned long, unsigned long)
 .text._ZN9UARTClass5beginEm
                0x00000000000857a8        0x8 arduino.ar(UARTClass.cpp.o)
                0x00000000000857a8                UARTClass::begin(unsigned long)
 .text._ZN9UARTClass10IrqHandlerEv
                0x00000000000857b0       0x5a arduino.ar(UARTClass.cpp.o)
                0x00000000000857b0                UARTClass::IrqHandler()
 .text._ZN10USARTClass5beginEm
                0x000000000008580a        0x8 arduino.ar(USARTClass.cpp.o)
                0x000000000008580a                USARTClass::begin(unsigned long)
 *fill*         0x0000000000085812        0x2 
 .text._ZN10USARTClassC2EP5Usart4IRQnmP10RingBufferS4_
                0x0000000000085814       0x24 arduino.ar(USARTClass.cpp.o)
                0x0000000000085814                USARTClass::USARTClass(Usart*, IRQn, unsigned long, RingBuffer*, RingBuffer*)
                0x0000000000085814                USARTClass::USARTClass(Usart*, IRQn, unsigned long, RingBuffer*, RingBuffer*)
 .text._ZN6StringD2Ev
                0x0000000000085838        0xe arduino.ar(WString.cpp.o)
                0x0000000000085838                String::~String()
                0x0000000000085838                String::~String()
 .text._ZN6String10invalidateEv
                0x0000000000085846       0x16 arduino.ar(WString.cpp.o)
                0x0000000000085846                String::invalidate()
 .text._ZN6String12changeBufferEj
                0x000000000008585c       0x18 arduino.ar(WString.cpp.o)
                0x000000000008585c                String::changeBuffer(unsigned int)
 .text._ZN6String7reserveEj
                0x0000000000085874       0x22 arduino.ar(WString.cpp.o)
                0x0000000000085874                String::reserve(unsigned int)
 .text._ZN6String4copyEPKcj
                0x0000000000085896       0x26 arduino.ar(WString.cpp.o)
                0x0000000000085896                String::copy(char const*, unsigned int)
 .text._ZN6StringC2EPKc
                0x00000000000858bc       0x24 arduino.ar(WString.cpp.o)
                0x00000000000858bc                String::String(char const*)
                0x00000000000858bc                String::String(char const*)
 .text._ZN6String4moveERS_
                0x00000000000858e0       0x3a arduino.ar(WString.cpp.o)
                0x00000000000858e0                String::move(String&)
 .text._ZN6StringaSERKS_
                0x000000000008591a       0x1e arduino.ar(WString.cpp.o)
                0x000000000008591a                String::operator=(String const&)
 .text._ZN6StringC2ERKS_
                0x0000000000085938       0x14 arduino.ar(WString.cpp.o)
                0x0000000000085938                String::String(String const&)
                0x0000000000085938                String::String(String const&)
 .text._ZN6StringaSEOS_
                0x000000000008594c       0x10 arduino.ar(WString.cpp.o)
                0x000000000008594c                String::operator=(String&&)
 .text._ZN6String6concatEPKcj
                0x000000000008595c       0x2e arduino.ar(WString.cpp.o)
                0x000000000008595c                String::concat(char const*, unsigned int)
 .text._ZN6String6concatEc
                0x000000000008598a       0x1a arduino.ar(WString.cpp.o)
                0x000000000008598a                String::concat(char)
 .text._ZNK6String8getBytesEPhjj
                0x00000000000859a4       0x30 arduino.ar(WString.cpp.o)
                0x00000000000859a4                String::getBytes(unsigned char*, unsigned int, unsigned int) const
 .text.initVariant
                0x00000000000859d4        0x2 arduino.ar(main.cpp.o)
                0x00000000000859d4                initVariant
 *fill*         0x00000000000859d6        0x2 
 .text.startup.main
                0x00000000000859d8       0x38 arduino.ar(main.cpp.o)
                0x00000000000859d8                main
 .text._watchdogDefaultSetup
                0x0000000000085a10        0xc arduino.ar(watchdog.cpp.o)
                0x0000000000085a10                watchdogSetup()
                0x0000000000085a10                _watchdogDefaultSetup
 .text.millis   0x0000000000085a1c        0x4 arduino.ar(wiring.c.o)
                0x0000000000085a1c                millis
 .text.delay    0x0000000000085a20       0x1c arduino.ar(wiring.c.o)
                0x0000000000085a20                delay
 .text.mapResolution
                0x0000000000085a3c       0x12 arduino.ar(wiring_analog.c.o)
 *fill*         0x0000000000085a4e        0x2 
 .text.analogWriteResolution
                0x0000000000085a50        0xc arduino.ar(wiring_analog.c.o)
                0x0000000000085a50                analogWriteResolution
 .text.analogRead
                0x0000000000085a5c       0x9c arduino.ar(wiring_analog.c.o)
                0x0000000000085a5c                analogRead
 .text.analogOutputInit
                0x0000000000085af8        0x2 arduino.ar(wiring_analog.c.o)
                0x0000000000085af8                analogOutputInit
 *fill*         0x0000000000085afa        0x2 
 .text.analogWrite
                0x0000000000085afc      0x2c0 arduino.ar(wiring_analog.c.o)
                0x0000000000085afc                analogWrite
 .text.pinMode  0x0000000000085dbc      0x108 arduino.ar(wiring_digital.c.o)
                0x0000000000085dbc                pinMode
 .text.digitalWrite
                0x0000000000085ec4       0x70 arduino.ar(wiring_digital.c.o)
                0x0000000000085ec4                digitalWrite
 .text.digitalRead
                0x0000000000085f34       0x44 arduino.ar(wiring_digital.c.o)
                0x0000000000085f34                digitalRead
 .text.unlikely._ZL11USB_SendZlpv
                0x0000000000085f78       0x20 arduino.ar(USBCore.cpp.o)
 .text._Z14USBD_Availablem
                0x0000000000085f98       0x2c arduino.ar(USBCore.cpp.o)
                0x0000000000085f98                USBD_Available(unsigned long)
 .text._Z9USBD_RecvmPvm
                0x0000000000085fc4       0x7c arduino.ar(USBCore.cpp.o)
                0x0000000000085fc4                USBD_Recv(unsigned long, void*, unsigned long)
 .text._Z9USBD_Recvm
                0x0000000000086040       0x22 arduino.ar(USBCore.cpp.o)
                0x0000000000086040                USBD_Recv(unsigned long)
 *fill*         0x0000000000086062        0x2 
 .text._Z9USBD_SendmPKvm
                0x0000000000086064       0x4c arduino.ar(USBCore.cpp.o)
                0x0000000000086064                USBD_Send(unsigned long, void const*, unsigned long)
 .text._Z16USBD_SendControlhPKvm
                0x00000000000860b0       0x40 arduino.ar(USBCore.cpp.o)
                0x00000000000860b0                USBD_SendControl(unsigned char, void const*, unsigned long)
 .text.unlikely._ZL24USB_SendStringDescriptorPKhi
                0x00000000000860f0       0x64 arduino.ar(USBCore.cpp.o)
 .text._Z16USBD_RecvControlPvm
                0x0000000000086154       0x1c arduino.ar(USBCore.cpp.o)
                0x0000000000086154                USBD_RecvControl(void*, unsigned long)
 .text._Z26USBD_ClassInterfaceRequestR8USBSetup
                0x0000000000086170       0x1e arduino.ar(USBCore.cpp.o)
                0x0000000000086170                USBD_ClassInterfaceRequest(USBSetup&)
 .text._Z19USBD_SendInterfacesv
                0x000000000008618e       0x22 arduino.ar(USBCore.cpp.o)
                0x000000000008618e                USBD_SendInterfaces()
 .text._Z24USBD_SendOtherInterfacesv
                0x00000000000861b0       0x22 arduino.ar(USBCore.cpp.o)
                0x00000000000861b0                USBD_SendOtherInterfaces()
 .text._Z10USBD_Flushm
                0x00000000000861d2       0x16 arduino.ar(USBCore.cpp.o)
                0x00000000000861d2                USBD_Flush(unsigned long)
 .text._ZN10USBDevice_C2Ev
                0x00000000000861e8       0x24 arduino.ar(USBCore.cpp.o)
                0x00000000000861e8                USBDevice_::USBDevice_()
                0x00000000000861e8                USBDevice_::USBDevice_()
 .text._ZN10USBDevice_6attachEv
                0x000000000008620c       0x20 arduino.ar(USBCore.cpp.o)
                0x000000000008620c                USBDevice_::attach()
 .text.startup._GLOBAL__sub_I_EndPoints
                0x000000000008622c        0xc arduino.ar(USBCore.cpp.o)
 .text._ZL7USB_ISRv
                0x0000000000086238      0x454 arduino.ar(USBCore.cpp.o)
 .text.__empty  0x000000000008668c        0x2 arduino.ar(hooks.c.o)
                0x000000000008668c                yield
 .text.__false  0x000000000008668e        0x4 arduino.ar(hooks.c.o)
                0x000000000008668e                sysTickHook
 .text.__halt   0x0000000000086692        0x2 arduino.ar(hooks.c.o)
                0x0000000000086692                pendSVHook
                0x0000000000086692                svcHook
 .text._ZN7Serial_9availableEv
                0x0000000000086694       0x18 arduino.ar(CDC.cpp.o)
                0x0000000000086694                Serial_::available()
 .text._ZN7Serial_4peekEv
                0x00000000000866ac       0x20 arduino.ar(CDC.cpp.o)
                0x00000000000866ac                Serial_::peek()
 .text._ZN7Serial_5writeEh
                0x00000000000866cc       0x16 arduino.ar(CDC.cpp.o)
                0x00000000000866cc                Serial_::write(unsigned char)
 *fill*         0x00000000000866e2        0x2 
 .text._ZN7Serial_4readEv
                0x00000000000866e4       0x44 arduino.ar(CDC.cpp.o)
                0x00000000000866e4                Serial_::read()
 .text._ZN7Serial_5flushEv
                0x0000000000086728        0x6 arduino.ar(CDC.cpp.o)
                0x0000000000086728                Serial_::flush()
 *fill*         0x000000000008672e        0x2 
 .text._ZN7Serial_6acceptEv
                0x0000000000086730       0x70 arduino.ar(CDC.cpp.o)
                0x0000000000086730                Serial_::accept()
 .text._ZN7Serial_5writeEPKhj
                0x00000000000867a0       0x2c arduino.ar(CDC.cpp.o)
                0x00000000000867a0                Serial_::write(unsigned char const*, unsigned int)
 .text._Z16CDC_GetInterfacePh
                0x00000000000867cc       0x14 arduino.ar(CDC.cpp.o)
                0x00000000000867cc                CDC_GetInterface(unsigned char*)
 .text._Z21CDC_GetOtherInterfacePh
                0x00000000000867e0       0x14 arduino.ar(CDC.cpp.o)
                0x00000000000867e0                CDC_GetOtherInterface(unsigned char*)
 .text._Z9CDC_SetupR8USBSetup
                0x00000000000867f4       0x78 arduino.ar(CDC.cpp.o)
                0x00000000000867f4                CDC_Setup(USBSetup&)
 .text.startup._GLOBAL__sub_I_cdc_rx_buffer
                0x000000000008686c       0x1c arduino.ar(CDC.cpp.o)
 .text._ZN13PluggableUSB_12getInterfaceEPh
                0x0000000000086888       0x28 arduino.ar(PluggableUSB.cpp.o)
                0x0000000000086888                PluggableUSB_::getInterface(unsigned char*)
 .text._ZN13PluggableUSB_13getDescriptorER8USBSetup
                0x00000000000868b0       0x1c arduino.ar(PluggableUSB.cpp.o)
                0x00000000000868b0                PluggableUSB_::getDescriptor(USBSetup&)
 .text._ZN13PluggableUSB_12getShortNameEPc
                0x00000000000868cc       0x1c arduino.ar(PluggableUSB.cpp.o)
                0x00000000000868cc                PluggableUSB_::getShortName(char*)
 .text._ZN13PluggableUSB_5setupER8USBSetup
                0x00000000000868e8       0x20 arduino.ar(PluggableUSB.cpp.o)
                0x00000000000868e8                PluggableUSB_::setup(USBSetup&)
 .text._Z12PluggableUSBv
                0x0000000000086908       0x28 arduino.ar(PluggableUSB.cpp.o)
                0x0000000000086908                PluggableUSB()
 .text.initiateReset
                0x0000000000086930        0xc arduino.ar(Reset.cpp.o)
                0x0000000000086930                initiateReset
 .text.cancelReset
                0x000000000008693c       0x10 arduino.ar(Reset.cpp.o)
                0x000000000008693c                cancelReset
 .text.tickReset
                0x000000000008694c       0x20 arduino.ar(Reset.cpp.o)
                0x000000000008694c                tickReset
 .text.PIO_PullUp
                0x000000000008696c        0xa /usr/lib64/eclipse/arduinoPlugin/packages/arduino/hardware/sam/1.6.7/variants/arduino_due_x/libsam_sam3x8e_gcc_rel.a(pio.o)
                0x000000000008696c                PIO_PullUp
 .text.PIO_Get  0x0000000000086976       0x14 /usr/lib64/eclipse/arduinoPlugin/packages/arduino/hardware/sam/1.6.7/variants/arduino_due_x/libsam_sam3x8e_gcc_rel.a(pio.o)
                0x0000000000086976                PIO_Get
 .text.PIO_SetPeripheral
                0x000000000008698a       0x26 /usr/lib64/eclipse/arduinoPlugin/packages/arduino/hardware/sam/1.6.7/variants/arduino_due_x/libsam_sam3x8e_gcc_rel.a(pio.o)
                0x000000000008698a                PIO_SetPeripheral
 .text.PIO_SetInput
                0x00000000000869b0       0x26 /usr/lib64/eclipse/arduinoPlugin/packages/arduino/hardware/sam/1.6.7/variants/arduino_due_x/libsam_sam3x8e_gcc_rel.a(pio.o)
                0x00000000000869b0                PIO_SetInput
 .text.PIO_SetOutput
                0x00000000000869d6       0x24 /usr/lib64/eclipse/arduinoPlugin/packages/arduino/hardware/sam/1.6.7/variants/arduino_due_x/libsam_sam3x8e_gcc_rel.a(pio.o)
                0x00000000000869d6                PIO_SetOutput
 *fill*         0x00000000000869fa        0x2 
 .text.PIO_Configure
                0x00000000000869fc       0x64 /usr/lib64/eclipse/arduinoPlugin/packages/arduino/hardware/sam/1.6.7/variants/arduino_due_x/libsam_sam3x8e_gcc_rel.a(pio.o)
                0x00000000000869fc                PIO_Configure
 .text.PIO_GetOutputDataStatus
                0x0000000000086a60       0x14 /usr/lib64/eclipse/arduinoPlugin/packages/arduino/hardware/sam/1.6.7/variants/arduino_due_x/libsam_sam3x8e_gcc_rel.a(pio.o)
                0x0000000000086a60                PIO_GetOutputDataStatus
 .text.pmc_enable_upll_clock
                0x0000000000086a74       0x14 /usr/lib64/eclipse/arduinoPlugin/packages/arduino/hardware/sam/1.6.7/variants/arduino_due_x/libsam_sam3x8e_gcc_rel.a(pmc.o)
                0x0000000000086a74                pmc_enable_upll_clock
 .text.pmc_enable_periph_clk
                0x0000000000086a88       0x44 /usr/lib64/eclipse/arduinoPlugin/packages/arduino/hardware/sam/1.6.7/variants/arduino_due_x/libsam_sam3x8e_gcc_rel.a(pmc.o)
                0x0000000000086a88                pmc_enable_periph_clk
 .text.pmc_disable_periph_clk
                0x0000000000086acc       0x40 /usr/lib64/eclipse/arduinoPlugin/packages/arduino/hardware/sam/1.6.7/variants/arduino_due_x/libsam_sam3x8e_gcc_rel.a(pmc.o)
                0x0000000000086acc                pmc_disable_periph_clk
 .text.pmc_switch_udpck_to_upllck
                0x0000000000086b0c       0x14 /usr/lib64/eclipse/arduinoPlugin/packages/arduino/hardware/sam/1.6.7/variants/arduino_due_x/libsam_sam3x8e_gcc_rel.a(pmc.o)
                0x0000000000086b0c                pmc_switch_udpck_to_upllck
 .text.pmc_enable_udpck
                0x0000000000086b20        0xc /usr/lib64/eclipse/arduinoPlugin/packages/arduino/hardware/sam/1.6.7/variants/arduino_due_x/libsam_sam3x8e_gcc_rel.a(pmc.o)
                0x0000000000086b20                pmc_enable_udpck
 .text.pmc_set_writeprotect
                0x0000000000086b2c       0x1c /usr/lib64/eclipse/arduinoPlugin/packages/arduino/hardware/sam/1.6.7/variants/arduino_due_x/libsam_sam3x8e_gcc_rel.a(pmc.o)
                0x0000000000086b2c                pmc_set_writeprotect
 .text.FindClockConfiguration
                0x0000000000086b48       0x7c /usr/lib64/eclipse/arduinoPlugin/packages/arduino/hardware/sam/1.6.7/variants/arduino_due_x/libsam_sam3x8e_gcc_rel.a(pwmc.o)
 .text.PWMC_ConfigureChannel
                0x0000000000086bc4       0x60 /usr/lib64/eclipse/arduinoPlugin/packages/arduino/hardware/sam/1.6.7/variants/arduino_due_x/libsam_sam3x8e_gcc_rel.a(pwmc.o)
                0x0000000000086bc4                PWMC_ConfigureChannel
 .text.PWMC_ConfigureClocks
                0x0000000000086c24       0x54 /usr/lib64/eclipse/arduinoPlugin/packages/arduino/hardware/sam/1.6.7/variants/arduino_due_x/libsam_sam3x8e_gcc_rel.a(pwmc.o)
                0x0000000000086c24                PWMC_ConfigureClocks
 .text.PWMC_SetPeriod
                0x0000000000086c78       0x1a /usr/lib64/eclipse/arduinoPlugin/packages/arduino/hardware/sam/1.6.7/variants/arduino_due_x/libsam_sam3x8e_gcc_rel.a(pwmc.o)
                0x0000000000086c78                PWMC_SetPeriod
 *fill*         0x0000000000086c92        0x2 
 .text.PWMC_SetDutyCycle
                0x0000000000086c94       0x44 /usr/lib64/eclipse/arduinoPlugin/packages/arduino/hardware/sam/1.6.7/variants/arduino_due_x/libsam_sam3x8e_gcc_rel.a(pwmc.o)
                0x0000000000086c94                PWMC_SetDutyCycle
 .text.PWMC_EnableChannel
                0x0000000000086cd8        0xa /usr/lib64/eclipse/arduinoPlugin/packages/arduino/hardware/sam/1.6.7/variants/arduino_due_x/libsam_sam3x8e_gcc_rel.a(pwmc.o)
                0x0000000000086cd8                PWMC_EnableChannel
 *fill*         0x0000000000086ce2        0x2 
 .text.TC_Configure
                0x0000000000086ce4       0x38 /usr/lib64/eclipse/arduinoPlugin/packages/arduino/hardware/sam/1.6.7/variants/arduino_due_x/libsam_sam3x8e_gcc_rel.a(tc.o)
                0x0000000000086ce4                TC_Configure
 .text.TC_Start
                0x0000000000086d1c       0x2c /usr/lib64/eclipse/arduinoPlugin/packages/arduino/hardware/sam/1.6.7/variants/arduino_due_x/libsam_sam3x8e_gcc_rel.a(tc.o)
                0x0000000000086d1c                TC_Start
 .text.TC_GetStatus
                0x0000000000086d48        0x8 /usr/lib64/eclipse/arduinoPlugin/packages/arduino/hardware/sam/1.6.7/variants/arduino_due_x/libsam_sam3x8e_gcc_rel.a(tc.o)
                0x0000000000086d48                TC_GetStatus
 .text.TC_SetRA
                0x0000000000086d50        0x8 /usr/lib64/eclipse/arduinoPlugin/packages/arduino/hardware/sam/1.6.7/variants/arduino_due_x/libsam_sam3x8e_gcc_rel.a(tc.o)
                0x0000000000086d50                TC_SetRA
 .text.TC_SetRB
                0x0000000000086d58        0x8 /usr/lib64/eclipse/arduinoPlugin/packages/arduino/hardware/sam/1.6.7/variants/arduino_due_x/libsam_sam3x8e_gcc_rel.a(tc.o)
                0x0000000000086d58                TC_SetRB
 .text.TC_SetRC
                0x0000000000086d60        0x8 /usr/lib64/eclipse/arduinoPlugin/packages/arduino/hardware/sam/1.6.7/variants/arduino_due_x/libsam_sam3x8e_gcc_rel.a(tc.o)
                0x0000000000086d60                TC_SetRC
 .text.TimeTick_Increment
                0x0000000000086d68       0x10 /usr/lib64/eclipse/arduinoPlugin/packages/arduino/hardware/sam/1.6.7/variants/arduino_due_x/libsam_sam3x8e_gcc_rel.a(timetick.o)
                0x0000000000086d68                TimeTick_Increment
 .text.GetTickCount
                0x0000000000086d78        0xc /usr/lib64/eclipse/arduinoPlugin/packages/arduino/hardware/sam/1.6.7/variants/arduino_due_x/libsam_sam3x8e_gcc_rel.a(timetick.o)
                0x0000000000086d78                GetTickCount
 .text.WDT_Disable
                0x0000000000086d84        0x8 /usr/lib64/eclipse/arduinoPlugin/packages/arduino/hardware/sam/1.6.7/variants/arduino_due_x/libsam_sam3x8e_gcc_rel.a(wdt.o)
                0x0000000000086d84                WDT_Disable
 .text.SystemInit
                0x0000000000086d8c       0x88 /usr/lib64/eclipse/arduinoPlugin/packages/arduino/hardware/sam/1.6.7/variants/arduino_due_x/libsam_sam3x8e_gcc_rel.a(system_sam3xa.o)
                0x0000000000086d8c                SystemInit
 .text.Reset_Handler
                0x0000000000086e14       0x78 /usr/lib64/eclipse/arduinoPlugin/packages/arduino/hardware/sam/1.6.7/variants/arduino_due_x/libsam_sam3x8e_gcc_rel.a(startup_sam3xa.o)
                0x0000000000086e14                Reset_Handler
 .text.adc_init
                0x0000000000086e8c       0x98 /usr/lib64/eclipse/arduinoPlugin/packages/arduino/hardware/sam/1.6.7/variants/arduino_due_x/libsam_sam3x8e_gcc_rel.a(adc.o)
                0x0000000000086e8c                adc_init
 .text.adc_configure_trigger
                0x0000000000086f24        0xe /usr/lib64/eclipse/arduinoPlugin/packages/arduino/hardware/sam/1.6.7/variants/arduino_due_x/libsam_sam3x8e_gcc_rel.a(adc.o)
                0x0000000000086f24                adc_configure_trigger
 .text.adc_configure_timing
                0x0000000000086f32       0x1a /usr/lib64/eclipse/arduinoPlugin/packages/arduino/hardware/sam/1.6.7/variants/arduino_due_x/libsam_sam3x8e_gcc_rel.a(adc.o)
                0x0000000000086f32                adc_configure_timing
 .text.adc_start
                0x0000000000086f4c        0x6 /usr/lib64/eclipse/arduinoPlugin/packages/arduino/hardware/sam/1.6.7/variants/arduino_due_x/libsam_sam3x8e_gcc_rel.a(adc.o)
                0x0000000000086f4c                adc_start
 .text.adc_enable_channel
                0x0000000000086f52        0xa /usr/lib64/eclipse/arduinoPlugin/packages/arduino/hardware/sam/1.6.7/variants/arduino_due_x/libsam_sam3x8e_gcc_rel.a(adc.o)
                0x0000000000086f52                adc_enable_channel
 .text.adc_disable_channel
                0x0000000000086f5c        0xa /usr/lib64/eclipse/arduinoPlugin/packages/arduino/hardware/sam/1.6.7/variants/arduino_due_x/libsam_sam3x8e_gcc_rel.a(adc.o)
                0x0000000000086f5c                adc_disable_channel
 .text.adc_disable_all_channel
                0x0000000000086f66        0x8 /usr/lib64/eclipse/arduinoPlugin/packages/arduino/hardware/sam/1.6.7/variants/arduino_due_x/libsam_sam3x8e_gcc_rel.a(adc.o)
                0x0000000000086f66                adc_disable_all_channel
 .text.adc_get_channel_status
                0x0000000000086f6e        0xa /usr/lib64/eclipse/arduinoPlugin/packages/arduino/hardware/sam/1.6.7/variants/arduino_due_x/libsam_sam3x8e_gcc_rel.a(adc.o)
                0x0000000000086f6e                adc_get_channel_status
 .text.adc_get_latest_value
                0x0000000000086f78        0x4 /usr/lib64/eclipse/arduinoPlugin/packages/arduino/hardware/sam/1.6.7/variants/arduino_due_x/libsam_sam3x8e_gcc_rel.a(adc.o)
                0x0000000000086f78                adc_get_latest_value
 .text.adc_disable_interrupt
                0x0000000000086f7c        0x4 /usr/lib64/eclipse/arduinoPlugin/packages/arduino/hardware/sam/1.6.7/variants/arduino_due_x/libsam_sam3x8e_gcc_rel.a(adc.o)
                0x0000000000086f7c                adc_disable_interrupt
 .text.adc_get_status
                0x0000000000086f80        0x4 /usr/lib64/eclipse/arduinoPlugin/packages/arduino/hardware/sam/1.6.7/variants/arduino_due_x/libsam_sam3x8e_gcc_rel.a(adc.o)
                0x0000000000086f80                adc_get_status
 .text.UOTGHS_Handler
                0x0000000000086f84       0x10 /usr/lib64/eclipse/arduinoPlugin/packages/arduino/hardware/sam/1.6.7/variants/arduino_due_x/libsam_sam3x8e_gcc_rel.a(uotghs.o)
                0x0000000000086f84                UOTGHS_Handler
 .text.UDD_SetStack
                0x0000000000086f94        0xc /usr/lib64/eclipse/arduinoPlugin/packages/arduino/hardware/sam/1.6.7/variants/arduino_due_x/libsam_sam3x8e_gcc_rel.a(uotghs_device.o)
                0x0000000000086f94                UDD_SetStack
 .text.UDD_Init
                0x0000000000086fa0       0xd0 /usr/lib64/eclipse/arduinoPlugin/packages/arduino/hardware/sam/1.6.7/variants/arduino_due_x/libsam_sam3x8e_gcc_rel.a(uotghs_device.o)
                0x0000000000086fa0                UDD_Init
 .text.UDD_Attach
                0x0000000000087070       0x50 /usr/lib64/eclipse/arduinoPlugin/packages/arduino/hardware/sam/1.6.7/variants/arduino_due_x/libsam_sam3x8e_gcc_rel.a(uotghs_device.o)
                0x0000000000087070                UDD_Attach
 .text.UDD_InitEP
                0x00000000000870c0       0x2c /usr/lib64/eclipse/arduinoPlugin/packages/arduino/hardware/sam/1.6.7/variants/arduino_due_x/libsam_sam3x8e_gcc_rel.a(uotghs_device.o)
                0x00000000000870c0                UDD_InitEP
 .text.UDD_InitEndpoints
                0x00000000000870ec       0x3c /usr/lib64/eclipse/arduinoPlugin/packages/arduino/hardware/sam/1.6.7/variants/arduino_due_x/libsam_sam3x8e_gcc_rel.a(uotghs_device.o)
                0x00000000000870ec                UDD_InitEndpoints
 .text.UDD_WaitIN
                0x0000000000087128       0x10 /usr/lib64/eclipse/arduinoPlugin/packages/arduino/hardware/sam/1.6.7/variants/arduino_due_x/libsam_sam3x8e_gcc_rel.a(uotghs_device.o)
                0x0000000000087128                UDD_WaitIN
 .text.UDD_WaitOUT
                0x0000000000087138       0x10 /usr/lib64/eclipse/arduinoPlugin/packages/arduino/hardware/sam/1.6.7/variants/arduino_due_x/libsam_sam3x8e_gcc_rel.a(uotghs_device.o)
                0x0000000000087138                UDD_WaitOUT
 .text.UDD_ClearIN
                0x0000000000087148       0x18 /usr/lib64/eclipse/arduinoPlugin/packages/arduino/hardware/sam/1.6.7/variants/arduino_due_x/libsam_sam3x8e_gcc_rel.a(uotghs_device.o)
                0x0000000000087148                UDD_ClearIN
 .text.UDD_ClearOUT
                0x0000000000087160       0x18 /usr/lib64/eclipse/arduinoPlugin/packages/arduino/hardware/sam/1.6.7/variants/arduino_due_x/libsam_sam3x8e_gcc_rel.a(uotghs_device.o)
                0x0000000000087160                UDD_ClearOUT
 .text.UDD_ReceivedSetupInt
                0x0000000000087178       0x10 /usr/lib64/eclipse/arduinoPlugin/packages/arduino/hardware/sam/1.6.7/variants/arduino_due_x/libsam_sam3x8e_gcc_rel.a(uotghs_device.o)
                0x0000000000087178                UDD_ReceivedSetupInt
 .text.UDD_ClearSetupInt
                0x0000000000087188       0x10 /usr/lib64/eclipse/arduinoPlugin/packages/arduino/hardware/sam/1.6.7/variants/arduino_due_x/libsam_sam3x8e_gcc_rel.a(uotghs_device.o)
                0x0000000000087188                UDD_ClearSetupInt
 .text.UDD_Send
                0x0000000000087198       0x88 /usr/lib64/eclipse/arduinoPlugin/packages/arduino/hardware/sam/1.6.7/variants/arduino_due_x/libsam_sam3x8e_gcc_rel.a(uotghs_device.o)
                0x0000000000087198                UDD_Send
 .text.UDD_Send8
                0x0000000000087220       0x24 /usr/lib64/eclipse/arduinoPlugin/packages/arduino/hardware/sam/1.6.7/variants/arduino_due_x/libsam_sam3x8e_gcc_rel.a(uotghs_device.o)
                0x0000000000087220                UDD_Send8
 .text.UDD_Recv8
                0x0000000000087244       0x28 /usr/lib64/eclipse/arduinoPlugin/packages/arduino/hardware/sam/1.6.7/variants/arduino_due_x/libsam_sam3x8e_gcc_rel.a(uotghs_device.o)
                0x0000000000087244                UDD_Recv8
 .text.UDD_Recv
                0x000000000008726c       0x34 /usr/lib64/eclipse/arduinoPlugin/packages/arduino/hardware/sam/1.6.7/variants/arduino_due_x/libsam_sam3x8e_gcc_rel.a(uotghs_device.o)
                0x000000000008726c                UDD_Recv
 .text.UDD_Stall
                0x00000000000872a0       0x14 /usr/lib64/eclipse/arduinoPlugin/packages/arduino/hardware/sam/1.6.7/variants/arduino_due_x/libsam_sam3x8e_gcc_rel.a(uotghs_device.o)
                0x00000000000872a0                UDD_Stall
 .text.UDD_FifoByteCount
                0x00000000000872b4       0x14 /usr/lib64/eclipse/arduinoPlugin/packages/arduino/hardware/sam/1.6.7/variants/arduino_due_x/libsam_sam3x8e_gcc_rel.a(uotghs_device.o)
                0x00000000000872b4                UDD_FifoByteCount
 .text.UDD_ReleaseRX
                0x00000000000872c8       0x28 /usr/lib64/eclipse/arduinoPlugin/packages/arduino/hardware/sam/1.6.7/variants/arduino_due_x/libsam_sam3x8e_gcc_rel.a(uotghs_device.o)
                0x00000000000872c8                UDD_ReleaseRX
 .text.UDD_ReleaseTX
                0x00000000000872f0       0x28 /usr/lib64/eclipse/arduinoPlugin/packages/arduino/hardware/sam/1.6.7/variants/arduino_due_x/libsam_sam3x8e_gcc_rel.a(uotghs_device.o)
                0x00000000000872f0                UDD_ReleaseTX
 .text.UDD_SetAddress
                0x0000000000087318       0x20 /usr/lib64/eclipse/arduinoPlugin/packages/arduino/hardware/sam/1.6.7/variants/arduino_due_x/libsam_sam3x8e_gcc_rel.a(uotghs_device.o)
                0x0000000000087318                UDD_SetAddress
 .text.dacc_reset
                0x0000000000087338        0x6 /usr/lib64/eclipse/arduinoPlugin/packages/arduino/hardware/sam/1.6.7/variants/arduino_due_x/libsam_sam3x8e_gcc_rel.a(dacc.o)
                0x0000000000087338                dacc_reset
 .text.dacc_set_transfer_mode
                0x000000000008733e       0x14 /usr/lib64/eclipse/arduinoPlugin/packages/arduino/hardware/sam/1.6.7/variants/arduino_due_x/libsam_sam3x8e_gcc_rel.a(dacc.o)
                0x000000000008733e                dacc_set_transfer_mode
 .text.dacc_get_interrupt_status
                0x0000000000087352        0x4 /usr/lib64/eclipse/arduinoPlugin/packages/arduino/hardware/sam/1.6.7/variants/arduino_due_x/libsam_sam3x8e_gcc_rel.a(dacc.o)
                0x0000000000087352                dacc_get_interrupt_status
 .text.dacc_write_conversion_data
                0x0000000000087356        0x4 /usr/lib64/eclipse/arduinoPlugin/packages/arduino/hardware/sam/1.6.7/variants/arduino_due_x/libsam_sam3x8e_gcc_rel.a(dacc.o)
                0x0000000000087356                dacc_write_conversion_data
 .text.dacc_set_channel_selection
                0x000000000008735a       0x18 /usr/lib64/eclipse/arduinoPlugin/packages/arduino/hardware/sam/1.6.7/variants/arduino_due_x/libsam_sam3x8e_gcc_rel.a(dacc.o)
                0x000000000008735a                dacc_set_channel_selection
 .text.dacc_set_power_save
                0x0000000000087372       0x24 /usr/lib64/eclipse/arduinoPlugin/packages/arduino/hardware/sam/1.6.7/variants/arduino_due_x/libsam_sam3x8e_gcc_rel.a(dacc.o)
                0x0000000000087372                dacc_set_power_save
 .text.dacc_set_timing
                0x0000000000087396       0x2c /usr/lib64/eclipse/arduinoPlugin/packages/arduino/hardware/sam/1.6.7/variants/arduino_due_x/libsam_sam3x8e_gcc_rel.a(dacc.o)
                0x0000000000087396                dacc_set_timing
 .text.dacc_enable_channel
                0x00000000000873c2       0x12 /usr/lib64/eclipse/arduinoPlugin/packages/arduino/hardware/sam/1.6.7/variants/arduino_due_x/libsam_sam3x8e_gcc_rel.a(dacc.o)
                0x00000000000873c2                dacc_enable_channel
 .text.dacc_get_channel_status
                0x00000000000873d4        0x4 /usr/lib64/eclipse/arduinoPlugin/packages/arduino/hardware/sam/1.6.7/variants/arduino_due_x/libsam_sam3x8e_gcc_rel.a(dacc.o)
                0x00000000000873d4                dacc_get_channel_status
 .text.dacc_set_analog_control
                0x00000000000873d8        0x8 /usr/lib64/eclipse/arduinoPlugin/packages/arduino/hardware/sam/1.6.7/variants/arduino_due_x/libsam_sam3x8e_gcc_rel.a(dacc.o)
                0x00000000000873d8                dacc_set_analog_control
 .text.PIOA_Handler
                0x00000000000873e0       0x38 arduino.ar(WInterrupts.c.o)
                0x00000000000873e0                PIOA_Handler
 .text.PIOB_Handler
                0x0000000000087418       0x38 arduino.ar(WInterrupts.c.o)
                0x0000000000087418                PIOB_Handler
 .text.PIOC_Handler
                0x0000000000087450       0x38 arduino.ar(WInterrupts.c.o)
                0x0000000000087450                PIOC_Handler
 .text.PIOD_Handler
                0x0000000000087488       0x38 arduino.ar(WInterrupts.c.o)
                0x0000000000087488                PIOD_Handler
 .text.__halt   0x00000000000874c0        0x2 arduino.ar(cortex_handlers.c.o)
                0x00000000000874c0                DACC_Handler
                0x00000000000874c0                DebugMon_Handler
                0x00000000000874c0                DMAC_Handler
                0x00000000000874c0                TRNG_Handler
                0x00000000000874c0                HardFault_Handler
                0x00000000000874c0                TC2_Handler
                0x00000000000874c0                TWI1_Handler
                0x00000000000874c0                NMI_Handler
                0x00000000000874c0                TC7_Handler
                0x00000000000874c0                ADC_Handler
                0x00000000000874c0                SMC_Handler
                0x00000000000874c0                RTT_Handler
                0x00000000000874c0                EFC1_Handler
                0x00000000000874c0                RTC_Handler
                0x00000000000874c0                UsageFault_Handler
                0x00000000000874c0                TC6_Handler
                0x00000000000874c0                WDT_Handler
                0x00000000000874c0                CAN0_Handler
                0x00000000000874c0                TC1_Handler
                0x00000000000874c0                HSMCI_Handler
                0x00000000000874c0                TC3_Handler
                0x00000000000874c0                TWI0_Handler
                0x00000000000874c0                SSC_Handler
                0x00000000000874c0                EFC0_Handler
                0x00000000000874c0                PMC_Handler
                0x00000000000874c0                PWM_Handler
                0x00000000000874c0                CAN1_Handler
                0x00000000000874c0                MemManage_Handler
                0x00000000000874c0                SUPC_Handler
                0x00000000000874c0                TC8_Handler
                0x00000000000874c0                USART2_Handler
                0x00000000000874c0                EMAC_Handler
                0x00000000000874c0                BusFault_Handler
                0x00000000000874c0                RSTC_Handler
                0x00000000000874c0                TC0_Handler
                0x00000000000874c0                TC5_Handler
                0x00000000000874c0                SPI0_Handler
 .text.SVC_Handler
                0x00000000000874c2        0x4 arduino.ar(cortex_handlers.c.o)
                0x00000000000874c2                SVC_Handler
 .text.PendSV_Handler
                0x00000000000874c6        0x4 arduino.ar(cortex_handlers.c.o)
                0x00000000000874c6                PendSV_Handler
 .text.SysTick_Handler
                0x00000000000874ca       0x16 arduino.ar(cortex_handlers.c.o)
                0x00000000000874ca                SysTick_Handler
 .text.cos      0x00000000000874e0       0x8c /usr/lib64/eclipse/arduinoPlugin/tools/arduino/arm-none-eabi-gcc/4.8.3-2014q1/bin/../lib/gcc/arm-none-eabi/4.8.3/../../../../arm-none-eabi/lib/armv7-m/libm.a(lib_a-s_cos.o)
                0x00000000000874e0                cos
 .text.__fpclassifyd
                0x000000000008756c       0x50 /usr/lib64/eclipse/arduinoPlugin/tools/arduino/arm-none-eabi-gcc/4.8.3-2014q1/bin/../lib/gcc/arm-none-eabi/4.8.3/../../../../arm-none-eabi/lib/armv7-m/libm.a(lib_a-s_fpclassify.o)
                0x000000000008756c                __fpclassifyd
 .text.sin      0x00000000000875bc       0x94 /usr/lib64/eclipse/arduinoPlugin/tools/arduino/arm-none-eabi-gcc/4.8.3-2014q1/bin/../lib/gcc/arm-none-eabi/4.8.3/../../../../arm-none-eabi/lib/armv7-m/libm.a(lib_a-s_sin.o)
                0x00000000000875bc                sin
 .text.__ieee754_rem_pio2
                0x0000000000087650      0x440 /usr/lib64/eclipse/arduinoPlugin/tools/arduino/arm-none-eabi-gcc/4.8.3-2014q1/bin/../lib/gcc/arm-none-eabi/4.8.3/../../../../arm-none-eabi/lib/armv7-m/libm.a(lib_a-e_rem_pio2.o)
                0x0000000000087650                __ieee754_rem_pio2
 .text.__kernel_cos
                0x0000000000087a90      0x248 /usr/lib64/eclipse/arduinoPlugin/tools/arduino/arm-none-eabi-gcc/4.8.3-2014q1/bin/../lib/gcc/arm-none-eabi/4.8.3/../../../../arm-none-eabi/lib/armv7-m/libm.a(lib_a-k_cos.o)
                0x0000000000087a90                __kernel_cos
 .text.__kernel_rem_pio2
                0x0000000000087cd8      0x7bc /usr/lib64/eclipse/arduinoPlugin/tools/arduino/arm-none-eabi-gcc/4.8.3-2014q1/bin/../lib/gcc/arm-none-eabi/4.8.3/../../../../arm-none-eabi/lib/armv7-m/libm.a(lib_a-k_rem_pio2.o)
                0x0000000000087cd8                __kernel_rem_pio2
 *fill*         0x0000000000088494        0x4 
 .text.__kernel_sin
                0x0000000000088498      0x170 /usr/lib64/eclipse/arduinoPlugin/tools/arduino/arm-none-eabi-gcc/4.8.3-2014q1/bin/../lib/gcc/arm-none-eabi/4.8.3/../../../../arm-none-eabi/lib/armv7-m/libm.a(lib_a-k_sin.o)
                0x0000000000088498                __kernel_sin
 .text.fabs     0x0000000000088608        0x8 /usr/lib64/eclipse/arduinoPlugin/tools/arduino/arm-none-eabi-gcc/4.8.3-2014q1/bin/../lib/gcc/arm-none-eabi/4.8.3/../../../../arm-none-eabi/lib/armv7-m/libm.a(lib_a-s_fabs.o)
                0x0000000000088608                fabs
 .text.floor    0x0000000000088610      0x120 /usr/lib64/eclipse/arduinoPlugin/tools/arduino/arm-none-eabi-gcc/4.8.3-2014q1/bin/../lib/gcc/arm-none-eabi/4.8.3/../../../../arm-none-eabi/lib/armv7-m/libm.a(lib_a-s_floor.o)
                0x0000000000088610                floor
 .text.scalbn   0x0000000000088730      0x100 /usr/lib64/eclipse/arduinoPlugin/tools/arduino/arm-none-eabi-gcc/4.8.3-2014q1/bin/../lib/gcc/arm-none-eabi/4.8.3/../../../../arm-none-eabi/lib/armv7-m/libm.a(lib_a-s_scalbn.o)
                0x0000000000088730                scalbn
 .text.copysign
                0x0000000000088830       0x14 /usr/lib64/eclipse/arduinoPlugin/tools/arduino/arm-none-eabi-gcc/4.8.3-2014q1/bin/../lib/gcc/arm-none-eabi/4.8.3/../../../../arm-none-eabi/lib/armv7-m/libm.a(lib_a-s_copysign.o)
                0x0000000000088830                copysign
 .text          0x0000000000088844      0x370 /usr/lib64/eclipse/arduinoPlugin/tools/arduino/arm-none-eabi-gcc/4.8.3-2014q1/bin/../lib/gcc/arm-none-eabi/4.8.3/armv7-m/libgcc.a(_arm_addsubdf3.o)
                0x0000000000088844                __aeabi_drsub
                0x000000000008884c                __aeabi_dsub
                0x000000000008884c                __subdf3
                0x0000000000088850                __adddf3
                0x0000000000088850                __aeabi_dadd
                0x0000000000088ac8                __aeabi_ui2d
                0x0000000000088ac8                __floatunsidf
                0x0000000000088ae8                __floatsidf
                0x0000000000088ae8                __aeabi_i2d
                0x0000000000088b0c                __extendsfdf2
                0x0000000000088b0c                __aeabi_f2d
                0x0000000000088b48                __aeabi_ul2d
                0x0000000000088b48                __floatundidf
                0x0000000000088b58                __floatdidf
                0x0000000000088b58                __aeabi_l2d
 .text          0x0000000000088bb4      0x424 /usr/lib64/eclipse/arduinoPlugin/tools/arduino/arm-none-eabi-gcc/4.8.3-2014q1/bin/../lib/gcc/arm-none-eabi/4.8.3/armv7-m/libgcc.a(_arm_muldivdf3.o)
                0x0000000000088bb4                __aeabi_dmul
                0x0000000000088bb4                __muldf3
                0x0000000000088e08                __aeabi_ddiv
                0x0000000000088e08                __divdf3
 .text          0x0000000000088fd8      0x110 /usr/lib64/eclipse/arduinoPlugin/tools/arduino/arm-none-eabi-gcc/4.8.3-2014q1/bin/../lib/gcc/arm-none-eabi/4.8.3/armv7-m/libgcc.a(_arm_cmpdf2.o)
                0x0000000000088fd8                __gtdf2
                0x0000000000088fd8                __gedf2
                0x0000000000088fe0                __ltdf2
                0x0000000000088fe0                __ledf2
                0x0000000000088fe8                __cmpdf2
                0x0000000000088fe8                __eqdf2
                0x0000000000088fe8                __nedf2
                0x0000000000089064                __aeabi_cdrcmple
                0x0000000000089074                __aeabi_cdcmple
                0x0000000000089074                __aeabi_cdcmpeq
                0x0000000000089084                __aeabi_dcmpeq
                0x0000000000089098                __aeabi_dcmplt
                0x00000000000890ac                __aeabi_dcmple
                0x00000000000890c0                __aeabi_dcmpge
                0x00000000000890d4                __aeabi_dcmpgt
 .text          0x00000000000890e8       0x50 /usr/lib64/eclipse/arduinoPlugin/tools/arduino/arm-none-eabi-gcc/4.8.3-2014q1/bin/../lib/gcc/arm-none-eabi/4.8.3/armv7-m/libgcc.a(_arm_fixdfsi.o)
                0x00000000000890e8                __fixdfsi
                0x00000000000890e8                __aeabi_d2iz
 .text          0x0000000000089138       0x40 /usr/lib64/eclipse/arduinoPlugin/tools/arduino/arm-none-eabi-gcc/4.8.3-2014q1/bin/../lib/gcc/arm-none-eabi/4.8.3/armv7-m/libgcc.a(_arm_fixunsdfsi.o)
                0x0000000000089138                __fixunsdfsi
                0x0000000000089138                __aeabi_d2uiz
 .text          0x0000000000089178       0xa0 /usr/lib64/eclipse/arduinoPlugin/tools/arduino/arm-none-eabi-gcc/4.8.3-2014q1/bin/../lib/gcc/arm-none-eabi/4.8.3/armv7-m/libgcc.a(_arm_truncdfsf2.o)
                0x0000000000089178                __aeabi_d2f
                0x0000000000089178                __truncdfsf2
 .text          0x0000000000089218      0x21c /usr/lib64/eclipse/arduinoPlugin/tools/arduino/arm-none-eabi-gcc/4.8.3-2014q1/bin/../lib/gcc/arm-none-eabi/4.8.3/armv7-m/libgcc.a(_arm_addsubsf3.o)
                0x0000000000089218                __aeabi_frsub
                0x0000000000089220                __subsf3
                0x0000000000089220                __aeabi_fsub
                0x0000000000089224                __aeabi_fadd
                0x0000000000089224                __addsf3
                0x0000000000089384                __aeabi_ui2f
                0x0000000000089384                __floatunsisf
                0x000000000008938c                __aeabi_i2f
                0x000000000008938c                __floatsisf
                0x00000000000893a8                __floatundisf
                0x00000000000893a8                __aeabi_ul2f
                0x00000000000893b8                __floatdisf
                0x00000000000893b8                __aeabi_l2f
 .text          0x0000000000089434      0x2a0 /usr/lib64/eclipse/arduinoPlugin/tools/arduino/arm-none-eabi-gcc/4.8.3-2014q1/bin/../lib/gcc/arm-none-eabi/4.8.3/armv7-m/libgcc.a(_arm_muldivsf3.o)
                0x0000000000089434                __mulsf3
                0x0000000000089434                __aeabi_fmul
                0x000000000008959c                __divsf3
                0x000000000008959c                __aeabi_fdiv
 .text.__aeabi_atexit
                0x00000000000896d4        0xc /usr/lib64/eclipse/arduinoPlugin/tools/arduino/arm-none-eabi-gcc/4.8.3-2014q1/bin/../lib/gcc/arm-none-eabi/4.8.3/../../../../arm-none-eabi/lib/armv7-m/libg.a(lib_a-aeabi_atexit.o)
                0x00000000000896d4                __aeabi_atexit
 .text.__assert_func
                0x00000000000896e0       0x3c /usr/lib64/eclipse/arduinoPlugin/tools/arduino/arm-none-eabi-gcc/4.8.3-2014q1/bin/../lib/gcc/arm-none-eabi/4.8.3/../../../../arm-none-eabi/lib/armv7-m/libg.a(lib_a-assert.o)
                0x00000000000896e0                __assert_func
 .text.__cxa_atexit
                0x000000000008971c       0x14 /usr/lib64/eclipse/arduinoPlugin/tools/arduino/arm-none-eabi-gcc/4.8.3-2014q1/bin/../lib/gcc/arm-none-eabi/4.8.3/../../../../arm-none-eabi/lib/armv7-m/libg.a(lib_a-cxa_atexit.o)
                0x000000000008971c                __cxa_atexit
 .text.fiprintf
                0x0000000000089730       0x28 /usr/lib64/eclipse/arduinoPlugin/tools/arduino/arm-none-eabi-gcc/4.8.3-2014q1/bin/../lib/gcc/arm-none-eabi/4.8.3/../../../../arm-none-eabi/lib/armv7-m/libg.a(lib_a-fiprintf.o)
                0x0000000000089730                fiprintf
 .text.__libc_init_array
                0x0000000000089758       0x50 /usr/lib64/eclipse/arduinoPlugin/tools/arduino/arm-none-eabi-gcc/4.8.3-2014q1/bin/../lib/gcc/arm-none-eabi/4.8.3/../../../../arm-none-eabi/lib/armv7-m/libg.a(lib_a-init.o)
                0x0000000000089758                __libc_init_array
 .text.iprintf  0x00000000000897a8       0x28 /usr/lib64/eclipse/arduinoPlugin/tools/arduino/arm-none-eabi-gcc/4.8.3-2014q1/bin/../lib/gcc/arm-none-eabi/4.8.3/../../../../arm-none-eabi/lib/armv7-m/libg.a(lib_a-iprintf.o)
                0x00000000000897a8                iprintf
 .text.malloc   0x00000000000897d0       0x10 /usr/lib64/eclipse/arduinoPlugin/tools/arduino/arm-none-eabi-gcc/4.8.3-2014q1/bin/../lib/gcc/arm-none-eabi/4.8.3/../../../../arm-none-eabi/lib/armv7-m/libg.a(lib_a-malloc.o)
                0x00000000000897d0                malloc
 .text.free     0x00000000000897e0       0x10 /usr/lib64/eclipse/arduinoPlugin/tools/arduino/arm-none-eabi-gcc/4.8.3-2014q1/bin/../lib/gcc/arm-none-eabi/4.8.3/../../../../arm-none-eabi/lib/armv7-m/libg.a(lib_a-malloc.o)
                0x00000000000897e0                free
 .text._malloc_r
                0x00000000000897f0      0x538 /usr/lib64/eclipse/arduinoPlugin/tools/arduino/arm-none-eabi-gcc/4.8.3-2014q1/bin/../lib/gcc/arm-none-eabi/4.8.3/../../../../arm-none-eabi/lib/armv7-m/libg.a(lib_a-mallocr.o)
                0x00000000000897f0                _malloc_r
 .text          0x0000000000089d28       0xec /usr/lib64/eclipse/arduinoPlugin/tools/arduino/arm-none-eabi-gcc/4.8.3-2014q1/bin/../lib/gcc/arm-none-eabi/4.8.3/../../../../arm-none-eabi/lib/armv7-m/libg.a(lib_a-memcpy.o)
                0x0000000000089d28                memcpy
 .text.memmove  0x0000000000089e14       0xcc /usr/lib64/eclipse/arduinoPlugin/tools/arduino/arm-none-eabi-gcc/4.8.3-2014q1/bin/../lib/gcc/arm-none-eabi/4.8.3/../../../../arm-none-eabi/lib/armv7-m/libg.a(lib_a-memmove.o)
                0x0000000000089e14                memmove
 .text.memset   0x0000000000089ee0       0x94 /usr/lib64/eclipse/arduinoPlugin/tools/arduino/arm-none-eabi-gcc/4.8.3-2014q1/bin/../lib/gcc/arm-none-eabi/4.8.3/../../../../arm-none-eabi/lib/armv7-m/libg.a(lib_a-memset.o)
                0x0000000000089ee0                memset
 .text.__malloc_lock
                0x0000000000089f74        0x4 /usr/lib64/eclipse/arduinoPlugin/tools/arduino/arm-none-eabi-gcc/4.8.3-2014q1/bin/../lib/gcc/arm-none-eabi/4.8.3/../../../../arm-none-eabi/lib/armv7-m/libg.a(lib_a-mlock.o)
                0x0000000000089f74                __malloc_lock
 .text.__malloc_unlock
                0x0000000000089f78        0x4 /usr/lib64/eclipse/arduinoPlugin/tools/arduino/arm-none-eabi-gcc/4.8.3-2014q1/bin/../lib/gcc/arm-none-eabi/4.8.3/../../../../arm-none-eabi/lib/armv7-m/libg.a(lib_a-mlock.o)
                0x0000000000089f78                __malloc_unlock
 .text.realloc  0x0000000000089f7c       0x10 /usr/lib64/eclipse/arduinoPlugin/tools/arduino/arm-none-eabi-gcc/4.8.3-2014q1/bin/../lib/gcc/arm-none-eabi/4.8.3/../../../../arm-none-eabi/lib/armv7-m/libg.a(lib_a-realloc.o)
                0x0000000000089f7c                realloc
 .text._realloc_r
                0x0000000000089f8c      0x3c0 /usr/lib64/eclipse/arduinoPlugin/tools/arduino/arm-none-eabi-gcc/4.8.3-2014q1/bin/../lib/gcc/arm-none-eabi/4.8.3/../../../../arm-none-eabi/lib/armv7-m/libg.a(lib_a-reallocr.o)
                0x0000000000089f8c                _realloc_r
 .text._sbrk_r  0x000000000008a34c       0x24 /usr/lib64/eclipse/arduinoPlugin/tools/arduino/arm-none-eabi-gcc/4.8.3-2014q1/bin/../lib/gcc/arm-none-eabi/4.8.3/../../../../arm-none-eabi/lib/armv7-m/libg.a(lib_a-sbrkr.o)
                0x000000000008a34c                _sbrk_r
 .text.sprintf  0x000000000008a370       0x4c /usr/lib64/eclipse/arduinoPlugin/tools/arduino/arm-none-eabi-gcc/4.8.3-2014q1/bin/../lib/gcc/arm-none-eabi/4.8.3/../../../../arm-none-eabi/lib/armv7-m/libg.a(lib_a-sprintf.o)
                0x000000000008a370                sprintf
 .text.strcpy   0x000000000008a3bc       0xbc /usr/lib64/eclipse/arduinoPlugin/tools/arduino/arm-none-eabi-gcc/4.8.3-2014q1/bin/../lib/gcc/arm-none-eabi/4.8.3/../../../../arm-none-eabi/lib/armv7-m/libg.a(lib_a-strcpy.o)
                0x000000000008a3bc                strcpy
 .text.strlen   0x000000000008a478       0x60 /usr/lib64/eclipse/arduinoPlugin/tools/arduino/arm-none-eabi-gcc/4.8.3-2014q1/bin/../lib/gcc/arm-none-eabi/4.8.3/../../../../arm-none-eabi/lib/armv7-m/libg.a(lib_a-strlen.o)
                0x000000000008a478                strlen
 .text.strncpy  0x000000000008a4d8       0x64 /usr/lib64/eclipse/arduinoPlugin/tools/arduino/arm-none-eabi-gcc/4.8.3-2014q1/bin/../lib/gcc/arm-none-eabi/4.8.3/../../../../arm-none-eabi/lib/armv7-m/libg.a(lib_a-strncpy.o)
                0x000000000008a4d8                strncpy
 .text._svfprintf_r
                0x000000000008a53c     0x14e0 /usr/lib64/eclipse/arduinoPlugin/tools/arduino/arm-none-eabi-gcc/4.8.3-2014q1/bin/../lib/gcc/arm-none-eabi/4.8.3/../../../../arm-none-eabi/lib/armv7-m/libg.a(lib_a-svfprintf.o)
                0x000000000008a53c                _svfprintf_r
 .text.__sprint_r.part.0
                0x000000000008ba1c       0x78 /usr/lib64/eclipse/arduinoPlugin/tools/arduino/arm-none-eabi-gcc/4.8.3-2014q1/bin/../lib/gcc/arm-none-eabi/4.8.3/../../../../arm-none-eabi/lib/armv7-m/libg.a(lib_a-vfiprintf.o)
 .text._vfiprintf_r
                0x000000000008ba94      0xc54 /usr/lib64/eclipse/arduinoPlugin/tools/arduino/arm-none-eabi-gcc/4.8.3-2014q1/bin/../lib/gcc/arm-none-eabi/4.8.3/../../../../arm-none-eabi/lib/armv7-m/libg.a(lib_a-vfiprintf.o)
                0x000000000008ba94                _vfiprintf_r
 .text.__sbprintf
                0x000000000008c6e8       0x7c /usr/lib64/eclipse/arduinoPlugin/tools/arduino/arm-none-eabi-gcc/4.8.3-2014q1/bin/../lib/gcc/arm-none-eabi/4.8.3/../../../../arm-none-eabi/lib/armv7-m/libg.a(lib_a-vfiprintf.o)
 .text.__swsetup_r
                0x000000000008c764       0xc4 /usr/lib64/eclipse/arduinoPlugin/tools/arduino/arm-none-eabi-gcc/4.8.3-2014q1/bin/../lib/gcc/arm-none-eabi/4.8.3/../../../../arm-none-eabi/lib/armv7-m/libg.a(lib_a-wsetup.o)
                0x000000000008c764                __swsetup_r
 .text.__register_exitproc
                0x000000000008c828       0xa8 /usr/lib64/eclipse/arduinoPlugin/tools/arduino/arm-none-eabi-gcc/4.8.3-2014q1/bin/../lib/gcc/arm-none-eabi/4.8.3/../../../../arm-none-eabi/lib/armv7-m/libg.a(lib_a-__atexit.o)
                0x000000000008c828                __register_exitproc
 .text.startup.register_fini
                0x000000000008c8d0       0x14 /usr/lib64/eclipse/arduinoPlugin/tools/arduino/arm-none-eabi-gcc/4.8.3-2014q1/bin/../lib/gcc/arm-none-eabi/4.8.3/../../../../arm-none-eabi/lib/armv7-m/libg.a(lib_a-__call_atexit.o)
 .text.abort    0x000000000008c8e4       0x10 /usr/lib64/eclipse/arduinoPlugin/tools/arduino/arm-none-eabi-gcc/4.8.3-2014q1/bin/../lib/gcc/arm-none-eabi/4.8.3/../../../../arm-none-eabi/lib/armv7-m/libg.a(lib_a-abort.o)
                0x000000000008c8e4                abort
 .text.atexit   0x000000000008c8f4        0xc /usr/lib64/eclipse/arduinoPlugin/tools/arduino/arm-none-eabi-gcc/4.8.3-2014q1/bin/../lib/gcc/arm-none-eabi/4.8.3/../../../../arm-none-eabi/lib/armv7-m/libg.a(lib_a-atexit.o)
                0x000000000008c8f4                atexit
 .text.quorem   0x000000000008c900      0x134 /usr/lib64/eclipse/arduinoPlugin/tools/arduino/arm-none-eabi-gcc/4.8.3-2014q1/bin/../lib/gcc/arm-none-eabi/4.8.3/../../../../arm-none-eabi/lib/armv7-m/libg.a(lib_a-dtoa.o)
 *fill*         0x000000000008ca34        0x4 
 .text._dtoa_r  0x000000000008ca38      0xe38 /usr/lib64/eclipse/arduinoPlugin/tools/arduino/arm-none-eabi-gcc/4.8.3-2014q1/bin/../lib/gcc/arm-none-eabi/4.8.3/../../../../arm-none-eabi/lib/armv7-m/libg.a(lib_a-dtoa.o)
                0x000000000008ca38                _dtoa_r
 .text.__sflush_r
                0x000000000008d870      0x148 /usr/lib64/eclipse/arduinoPlugin/tools/arduino/arm-none-eabi-gcc/4.8.3-2014q1/bin/../lib/gcc/arm-none-eabi/4.8.3/../../../../arm-none-eabi/lib/armv7-m/libg.a(lib_a-fflush.o)
                0x000000000008d870                __sflush_r
 .text._fflush_r
                0x000000000008d9b8       0x2c /usr/lib64/eclipse/arduinoPlugin/tools/arduino/arm-none-eabi-gcc/4.8.3-2014q1/bin/../lib/gcc/arm-none-eabi/4.8.3/../../../../arm-none-eabi/lib/armv7-m/libg.a(lib_a-fflush.o)
                0x000000000008d9b8                _fflush_r
 .text._cleanup_r
                0x000000000008d9e4        0xc /usr/lib64/eclipse/arduinoPlugin/tools/arduino/arm-none-eabi-gcc/4.8.3-2014q1/bin/../lib/gcc/arm-none-eabi/4.8.3/../../../../arm-none-eabi/lib/armv7-m/libg.a(lib_a-findfp.o)
                0x000000000008d9e4                _cleanup_r
 .text.__sinit  0x000000000008d9f0       0xf4 /usr/lib64/eclipse/arduinoPlugin/tools/arduino/arm-none-eabi-gcc/4.8.3-2014q1/bin/../lib/gcc/arm-none-eabi/4.8.3/../../../../arm-none-eabi/lib/armv7-m/libg.a(lib_a-findfp.o)
                0x000000000008d9f0                __sinit
 .text.__sfp_lock_acquire
                0x000000000008dae4        0x4 /usr/lib64/eclipse/arduinoPlugin/tools/arduino/arm-none-eabi-gcc/4.8.3-2014q1/bin/../lib/gcc/arm-none-eabi/4.8.3/../../../../arm-none-eabi/lib/armv7-m/libg.a(lib_a-findfp.o)
                0x000000000008dae4                __sfp_lock_acquire
 .text.__sfp_lock_release
                0x000000000008dae8        0x4 /usr/lib64/eclipse/arduinoPlugin/tools/arduino/arm-none-eabi-gcc/4.8.3-2014q1/bin/../lib/gcc/arm-none-eabi/4.8.3/../../../../arm-none-eabi/lib/armv7-m/libg.a(lib_a-findfp.o)
                0x000000000008dae8                __sfp_lock_release
 .text.__libc_fini_array
                0x000000000008daec       0x30 /usr/lib64/eclipse/arduinoPlugin/tools/arduino/arm-none-eabi-gcc/4.8.3-2014q1/bin/../lib/gcc/arm-none-eabi/4.8.3/../../../../arm-none-eabi/lib/armv7-m/libg.a(lib_a-fini.o)
                0x000000000008daec                __libc_fini_array
 .text._fputwc_r
                0x000000000008db1c       0xc0 /usr/lib64/eclipse/arduinoPlugin/tools/arduino/arm-none-eabi-gcc/4.8.3-2014q1/bin/../lib/gcc/arm-none-eabi/4.8.3/../../../../arm-none-eabi/lib/armv7-m/libg.a(lib_a-fputwc.o)
                0x000000000008db1c                _fputwc_r
 .text._malloc_trim_r
                0x000000000008dbdc       0x9c /usr/lib64/eclipse/arduinoPlugin/tools/arduino/arm-none-eabi-gcc/4.8.3-2014q1/bin/../lib/gcc/arm-none-eabi/4.8.3/../../../../arm-none-eabi/lib/armv7-m/libg.a(lib_a-freer.o)
                0x000000000008dbdc                _malloc_trim_r
 .text._free_r  0x000000000008dc78      0x198 /usr/lib64/eclipse/arduinoPlugin/tools/arduino/arm-none-eabi-gcc/4.8.3-2014q1/bin/../lib/gcc/arm-none-eabi/4.8.3/../../../../arm-none-eabi/lib/armv7-m/libg.a(lib_a-freer.o)
                0x000000000008dc78                _free_r
 .text.__sfvwrite_r
                0x000000000008de10      0x314 /usr/lib64/eclipse/arduinoPlugin/tools/arduino/arm-none-eabi-gcc/4.8.3-2014q1/bin/../lib/gcc/arm-none-eabi/4.8.3/../../../../arm-none-eabi/lib/armv7-m/libg.a(lib_a-fvwrite.o)
                0x000000000008de10                __sfvwrite_r
 .text._fwalk   0x000000000008e124       0x48 /usr/lib64/eclipse/arduinoPlugin/tools/arduino/arm-none-eabi-gcc/4.8.3-2014q1/bin/../lib/gcc/arm-none-eabi/4.8.3/../../../../arm-none-eabi/lib/armv7-m/libg.a(lib_a-fwalk.o)
                0x000000000008e124                _fwalk
 .text.__locale_charset
                0x000000000008e16c        0x8 /usr/lib64/eclipse/arduinoPlugin/tools/arduino/arm-none-eabi-gcc/4.8.3-2014q1/bin/../lib/gcc/arm-none-eabi/4.8.3/../../../../arm-none-eabi/lib/armv7-m/libg.a(lib_a-locale.o)
                0x000000000008e16c                __locale_charset
 .text.__locale_mb_cur_max
                0x000000000008e174        0xc /usr/lib64/eclipse/arduinoPlugin/tools/arduino/arm-none-eabi-gcc/4.8.3-2014q1/bin/../lib/gcc/arm-none-eabi/4.8.3/../../../../arm-none-eabi/lib/armv7-m/libg.a(lib_a-locale.o)
                0x000000000008e174                __locale_mb_cur_max
 .text._localeconv_r
                0x000000000008e180        0x8 /usr/lib64/eclipse/arduinoPlugin/tools/arduino/arm-none-eabi-gcc/4.8.3-2014q1/bin/../lib/gcc/arm-none-eabi/4.8.3/../../../../arm-none-eabi/lib/armv7-m/libg.a(lib_a-locale.o)
                0x000000000008e180                _localeconv_r
 .text.__smakebuf_r
                0x000000000008e188       0xe0 /usr/lib64/eclipse/arduinoPlugin/tools/arduino/arm-none-eabi-gcc/4.8.3-2014q1/bin/../lib/gcc/arm-none-eabi/4.8.3/../../../../arm-none-eabi/lib/armv7-m/libg.a(lib_a-makebuf.o)
                0x000000000008e188                __smakebuf_r
 .text.memchr   0x000000000008e268       0x94 /usr/lib64/eclipse/arduinoPlugin/tools/arduino/arm-none-eabi-gcc/4.8.3-2014q1/bin/../lib/gcc/arm-none-eabi/4.8.3/../../../../arm-none-eabi/lib/armv7-m/libg.a(lib_a-memchr-stub.o)
                0x000000000008e268                memchr
 .text._Balloc  0x000000000008e2fc       0x4c /usr/lib64/eclipse/arduinoPlugin/tools/arduino/arm-none-eabi-gcc/4.8.3-2014q1/bin/../lib/gcc/arm-none-eabi/4.8.3/../../../../arm-none-eabi/lib/armv7-m/libg.a(lib_a-mprec.o)
                0x000000000008e2fc                _Balloc
 .text._Bfree   0x000000000008e348       0x14 /usr/lib64/eclipse/arduinoPlugin/tools/arduino/arm-none-eabi-gcc/4.8.3-2014q1/bin/../lib/gcc/arm-none-eabi/4.8.3/../../../../arm-none-eabi/lib/armv7-m/libg.a(lib_a-mprec.o)
                0x000000000008e348                _Bfree
 .text.__multadd
                0x000000000008e35c       0x94 /usr/lib64/eclipse/arduinoPlugin/tools/arduino/arm-none-eabi-gcc/4.8.3-2014q1/bin/../lib/gcc/arm-none-eabi/4.8.3/../../../../arm-none-eabi/lib/armv7-m/libg.a(lib_a-mprec.o)
                0x000000000008e35c                __multadd
 .text.__hi0bits
                0x000000000008e3f0       0x40 /usr/lib64/eclipse/arduinoPlugin/tools/arduino/arm-none-eabi-gcc/4.8.3-2014q1/bin/../lib/gcc/arm-none-eabi/4.8.3/../../../../arm-none-eabi/lib/armv7-m/libg.a(lib_a-mprec.o)
                0x000000000008e3f0                __hi0bits
 .text.__lo0bits
                0x000000000008e430       0x5c /usr/lib64/eclipse/arduinoPlugin/tools/arduino/arm-none-eabi-gcc/4.8.3-2014q1/bin/../lib/gcc/arm-none-eabi/4.8.3/../../../../arm-none-eabi/lib/armv7-m/libg.a(lib_a-mprec.o)
                0x000000000008e430                __lo0bits
 .text.__i2b    0x000000000008e48c       0x14 /usr/lib64/eclipse/arduinoPlugin/tools/arduino/arm-none-eabi-gcc/4.8.3-2014q1/bin/../lib/gcc/arm-none-eabi/4.8.3/../../../../arm-none-eabi/lib/armv7-m/libg.a(lib_a-mprec.o)
                0x000000000008e48c                __i2b
 .text.__multiply
                0x000000000008e4a0      0x13c /usr/lib64/eclipse/arduinoPlugin/tools/arduino/arm-none-eabi-gcc/4.8.3-2014q1/bin/../lib/gcc/arm-none-eabi/4.8.3/../../../../arm-none-eabi/lib/armv7-m/libg.a(lib_a-mprec.o)
                0x000000000008e4a0                __multiply
 .text.__pow5mult
                0x000000000008e5dc       0x9c /usr/lib64/eclipse/arduinoPlugin/tools/arduino/arm-none-eabi-gcc/4.8.3-2014q1/bin/../lib/gcc/arm-none-eabi/4.8.3/../../../../arm-none-eabi/lib/armv7-m/libg.a(lib_a-mprec.o)
                0x000000000008e5dc                __pow5mult
 .text.__lshift
                0x000000000008e678       0xbc /usr/lib64/eclipse/arduinoPlugin/tools/arduino/arm-none-eabi-gcc/4.8.3-2014q1/bin/../lib/gcc/arm-none-eabi/4.8.3/../../../../arm-none-eabi/lib/armv7-m/libg.a(lib_a-mprec.o)
                0x000000000008e678                __lshift
 .text.__mcmp   0x000000000008e734       0x48 /usr/lib64/eclipse/arduinoPlugin/tools/arduino/arm-none-eabi-gcc/4.8.3-2014q1/bin/../lib/gcc/arm-none-eabi/4.8.3/../../../../arm-none-eabi/lib/armv7-m/libg.a(lib_a-mprec.o)
                0x000000000008e734                __mcmp
 .text.__mdiff  0x000000000008e77c       0xd8 /usr/lib64/eclipse/arduinoPlugin/tools/arduino/arm-none-eabi-gcc/4.8.3-2014q1/bin/../lib/gcc/arm-none-eabi/4.8.3/../../../../arm-none-eabi/lib/armv7-m/libg.a(lib_a-mprec.o)
                0x000000000008e77c                __mdiff
 .text.__d2b    0x000000000008e854       0xbc /usr/lib64/eclipse/arduinoPlugin/tools/arduino/arm-none-eabi-gcc/4.8.3-2014q1/bin/../lib/gcc/arm-none-eabi/4.8.3/../../../../arm-none-eabi/lib/armv7-m/libg.a(lib_a-mprec.o)
                0x000000000008e854                __d2b
 .text._raise_r
                0x000000000008e910       0x58 /usr/lib64/eclipse/arduinoPlugin/tools/arduino/arm-none-eabi-gcc/4.8.3-2014q1/bin/../lib/gcc/arm-none-eabi/4.8.3/../../../../arm-none-eabi/lib/armv7-m/libg.a(lib_a-signal.o)
                0x000000000008e910                _raise_r
 .text.raise    0x000000000008e968       0x10 /usr/lib64/eclipse/arduinoPlugin/tools/arduino/arm-none-eabi-gcc/4.8.3-2014q1/bin/../lib/gcc/arm-none-eabi/4.8.3/../../../../arm-none-eabi/lib/armv7-m/libg.a(lib_a-signal.o)
                0x000000000008e968                raise
 .text._kill_r  0x000000000008e978       0x28 /usr/lib64/eclipse/arduinoPlugin/tools/arduino/arm-none-eabi-gcc/4.8.3-2014q1/bin/../lib/gcc/arm-none-eabi/4.8.3/../../../../arm-none-eabi/lib/armv7-m/libg.a(lib_a-signalr.o)
                0x000000000008e978                _kill_r
 .text._getpid_r
                0x000000000008e9a0        0x4 /usr/lib64/eclipse/arduinoPlugin/tools/arduino/arm-none-eabi-gcc/4.8.3-2014q1/bin/../lib/gcc/arm-none-eabi/4.8.3/../../../../arm-none-eabi/lib/armv7-m/libg.a(lib_a-signalr.o)
                0x000000000008e9a0                _getpid_r
 .text.__sread  0x000000000008e9a4       0x24 /usr/lib64/eclipse/arduinoPlugin/tools/arduino/arm-none-eabi-gcc/4.8.3-2014q1/bin/../lib/gcc/arm-none-eabi/4.8.3/../../../../arm-none-eabi/lib/armv7-m/libg.a(lib_a-stdio.o)
                0x000000000008e9a4                __sread
 .text.__swrite
                0x000000000008e9c8       0x38 /usr/lib64/eclipse/arduinoPlugin/tools/arduino/arm-none-eabi-gcc/4.8.3-2014q1/bin/../lib/gcc/arm-none-eabi/4.8.3/../../../../arm-none-eabi/lib/armv7-m/libg.a(lib_a-stdio.o)
                0x000000000008e9c8                __swrite
 .text.__sseek  0x000000000008ea00       0x20 /usr/lib64/eclipse/arduinoPlugin/tools/arduino/arm-none-eabi-gcc/4.8.3-2014q1/bin/../lib/gcc/arm-none-eabi/4.8.3/../../../../arm-none-eabi/lib/armv7-m/libg.a(lib_a-stdio.o)
                0x000000000008ea00                __sseek
 .text.__sclose
                0x000000000008ea20        0x8 /usr/lib64/eclipse/arduinoPlugin/tools/arduino/arm-none-eabi-gcc/4.8.3-2014q1/bin/../lib/gcc/arm-none-eabi/4.8.3/../../../../arm-none-eabi/lib/armv7-m/libg.a(lib_a-stdio.o)
                0x000000000008ea20                __sclose
 .text.__ssprint_r
                0x000000000008ea28      0x100 /usr/lib64/eclipse/arduinoPlugin/tools/arduino/arm-none-eabi-gcc/4.8.3-2014q1/bin/../lib/gcc/arm-none-eabi/4.8.3/../../../../arm-none-eabi/lib/armv7-m/libg.a(lib_a-svfiprintf.o)
                0x000000000008ea28                __ssprint_r
 .text.__swbuf_r
                0x000000000008eb28       0xa8 /usr/lib64/eclipse/arduinoPlugin/tools/arduino/arm-none-eabi-gcc/4.8.3-2014q1/bin/../lib/gcc/arm-none-eabi/4.8.3/../../../../arm-none-eabi/lib/armv7-m/libg.a(lib_a-wbuf.o)
                0x000000000008eb28                __swbuf_r
 .text._wcrtomb_r
                0x000000000008ebd0       0x50 /usr/lib64/eclipse/arduinoPlugin/tools/arduino/arm-none-eabi-gcc/4.8.3-2014q1/bin/../lib/gcc/arm-none-eabi/4.8.3/../../../../arm-none-eabi/lib/armv7-m/libg.a(lib_a-wcrtomb.o)
                0x000000000008ebd0                _wcrtomb_r
 .text.__ascii_wctomb
                0x000000000008ec20       0x1c /usr/lib64/eclipse/arduinoPlugin/tools/arduino/arm-none-eabi-gcc/4.8.3-2014q1/bin/../lib/gcc/arm-none-eabi/4.8.3/../../../../arm-none-eabi/lib/armv7-m/libg.a(lib_a-wctomb_r.o)
                0x000000000008ec20                __ascii_wctomb
 .text._write_r
                0x000000000008ec3c       0x28 /usr/lib64/eclipse/arduinoPlugin/tools/arduino/arm-none-eabi-gcc/4.8.3-2014q1/bin/../lib/gcc/arm-none-eabi/4.8.3/../../../../arm-none-eabi/lib/armv7-m/libg.a(lib_a-writer.o)
                0x000000000008ec3c                _write_r
 .text._calloc_r
                0x000000000008ec64       0x60 /usr/lib64/eclipse/arduinoPlugin/tools/arduino/arm-none-eabi-gcc/4.8.3-2014q1/bin/../lib/gcc/arm-none-eabi/4.8.3/../../../../arm-none-eabi/lib/armv7-m/libg.a(lib_a-callocr.o)
                0x000000000008ec64                _calloc_r
 .text._close_r
                0x000000000008ecc4       0x24 /usr/lib64/eclipse/arduinoPlugin/tools/arduino/arm-none-eabi-gcc/4.8.3-2014q1/bin/../lib/gcc/arm-none-eabi/4.8.3/../../../../arm-none-eabi/lib/armv7-m/libg.a(lib_a-closer.o)
                0x000000000008ecc4                _close_r
 .text._fclose_r
                0x000000000008ece8       0x80 /usr/lib64/eclipse/arduinoPlugin/tools/arduino/arm-none-eabi-gcc/4.8.3-2014q1/bin/../lib/gcc/arm-none-eabi/4.8.3/../../../../arm-none-eabi/lib/armv7-m/libg.a(lib_a-fclose.o)
                0x000000000008ece8                _fclose_r
 .text.fclose   0x000000000008ed68       0x10 /usr/lib64/eclipse/arduinoPlugin/tools/arduino/arm-none-eabi-gcc/4.8.3-2014q1/bin/../lib/gcc/arm-none-eabi/4.8.3/../../../../arm-none-eabi/lib/armv7-m/libg.a(lib_a-fclose.o)
                0x000000000008ed68                fclose
 .text._fstat_r
                0x000000000008ed78       0x28 /usr/lib64/eclipse/arduinoPlugin/tools/arduino/arm-none-eabi-gcc/4.8.3-2014q1/bin/../lib/gcc/arm-none-eabi/4.8.3/../../../../arm-none-eabi/lib/armv7-m/libg.a(lib_a-fstatr.o)
                0x000000000008ed78                _fstat_r
 .text._isatty_r
                0x000000000008eda0       0x24 /usr/lib64/eclipse/arduinoPlugin/tools/arduino/arm-none-eabi-gcc/4.8.3-2014q1/bin/../lib/gcc/arm-none-eabi/4.8.3/../../../../arm-none-eabi/lib/armv7-m/libg.a(lib_a-isattyr.o)
                0x000000000008eda0                _isatty_r
 .text._lseek_r
                0x000000000008edc4       0x28 /usr/lib64/eclipse/arduinoPlugin/tools/arduino/arm-none-eabi-gcc/4.8.3-2014q1/bin/../lib/gcc/arm-none-eabi/4.8.3/../../../../arm-none-eabi/lib/armv7-m/libg.a(lib_a-lseekr.o)
                0x000000000008edc4                _lseek_r
 .text._read_r  0x000000000008edec       0x28 /usr/lib64/eclipse/arduinoPlugin/tools/arduino/arm-none-eabi-gcc/4.8.3-2014q1/bin/../lib/gcc/arm-none-eabi/4.8.3/../../../../arm-none-eabi/lib/armv7-m/libg.a(lib_a-readr.o)
                0x000000000008edec                _read_r
 .text          0x000000000008ee14       0x2c /usr/lib64/eclipse/arduinoPlugin/tools/arduino/arm-none-eabi-gcc/4.8.3-2014q1/bin/../lib/gcc/arm-none-eabi/4.8.3/armv7-m/libgcc.a(_aeabi_uldivmod.o)
                0x000000000008ee14                __aeabi_uldivmod
 .text          0x000000000008ee40       0x60 /usr/lib64/eclipse/arduinoPlugin/tools/arduino/arm-none-eabi-gcc/4.8.3-2014q1/bin/../lib/gcc/arm-none-eabi/4.8.3/armv7-m/libgcc.a(bpabi.o)
                0x000000000008ee40                __gnu_ldivmod_helper
                0x000000000008ee70                __gnu_uldivmod_helper
 .text          0x000000000008eea0        0x4 /usr/lib64/eclipse/arduinoPlugin/tools/arduino/arm-none-eabi-gcc/4.8.3-2014q1/bin/../lib/gcc/arm-none-eabi/4.8.3/armv7-m/libgcc.a(_dvmd_tls.o)
                0x000000000008eea0                __aeabi_ldiv0
                0x000000000008eea0                __aeabi_idiv0
 .text          0x000000000008eea4      0x2a0 /usr/lib64/eclipse/arduinoPlugin/tools/arduino/arm-none-eabi-gcc/4.8.3-2014q1/bin/../lib/gcc/arm-none-eabi/4.8.3/armv7-m/libgcc.a(_divdi3.o)
                0x000000000008eea4                __divdi3
 .text          0x000000000008f144      0x290 /usr/lib64/eclipse/arduinoPlugin/tools/arduino/arm-none-eabi-gcc/4.8.3-2014q1/bin/../lib/gcc/arm-none-eabi/4.8.3/armv7-m/libgcc.a(_udivdi3.o)
                0x000000000008f144                __udivdi3
 *(.glue_7t)
 .glue_7t       0x0000000000000000        0x0 linker stubs
 *(.glue_7)
 .glue_7        0x0000000000000000        0x0 linker stubs
 *(.rodata .rodata* .gnu.linkonce.r.*)
 .rodata.str1.1
                0x000000000008f3d4       0x19 /home/rmelendez/git/SeniorDesign406/TFTGraphicDisplay01_01ReadTempString/Release/core/syscalls_sam3.c.o
 .rodata.str1.1
                0x000000000008f3ed       0x10 ./.ino.cpp.o
                                         0x11 (size before relaxing)
 .rodata.Ubuntu
                0x000000000008f3fd     0x23a4 ./Ubuntu.c.o
                0x000000000008f3fd                Ubuntu
 .rodata.str1.1
                0x0000000000000000        0x1 ./libraries/UTFT_Buttons/UTFT_Buttons.cpp.o
 *fill*         0x00000000000917a1        0x3 
 .rodata        0x00000000000917a4      0x120 ./libraries/UTFT/UTFT.cpp.o
 .rodata.str1.1
                0x00000000000918c4        0x9 ./libraries/UTFT/UTFT.cpp.o
 *fill*         0x00000000000918cd        0x3 
 .rodata.g_APinDescription
                0x00000000000918d0      0xa2c arduino.ar(variant.cpp.o)
                0x00000000000918d0                g_APinDescription
 .rodata.str1.1
                0x00000000000922fc       0x11 arduino.ar(Print.cpp.o)
 .rodata.str1.1
                0x0000000000000000        0x1 arduino.ar(Stream.cpp.o)
 *fill*         0x000000000009230d        0x3 
 .rodata._ZTV9UARTClass
                0x0000000000092310       0x30 arduino.ar(UARTClass.cpp.o)
                0x0000000000092310                vtable for UARTClass
 .rodata._ZTV10USARTClass
                0x0000000000092340       0x30 arduino.ar(USARTClass.cpp.o)
                0x0000000000092340                vtable for USARTClass
 .rodata.channelToId.9425
                0x0000000000092370       0x48 arduino.ar(wiring_analog.c.o)
 .rodata.channelToChNo.9422
                0x00000000000923b8       0x48 arduino.ar(wiring_analog.c.o)
 .rodata.channelToTC.9424
                0x0000000000092400       0x48 arduino.ar(wiring_analog.c.o)
 .rodata.channelToAB.9423
                0x0000000000092448       0x48 arduino.ar(wiring_analog.c.o)
 .rodata.STRING_PRODUCT
                0x0000000000092490        0xc arduino.ar(USBCore.cpp.o)
                0x0000000000092490                STRING_PRODUCT
 .rodata.USB_DeviceDescriptor
                0x000000000009249c       0x12 arduino.ar(USBCore.cpp.o)
                0x000000000009249c                USB_DeviceDescriptor
 .rodata.STRING_LANGUAGE