Archive member included because of file (symbol)

arduino.ar(variant.cpp.o)     .\.ino.cpp.o (Serial3)
arduino.ar(Print.cpp.o)       .\libraries\SD\src\utility\SdFile.cpp.o (Print::write(unsigned char const*, unsigned int))
arduino.ar(RingBuffer.cpp.o)  arduino.ar(variant.cpp.o) (RingBuffer::RingBuffer())
arduino.ar(Stream.cpp.o)      .\.ino.cpp.o (Stream::readStringUntil(char))
arduino.ar(UARTClass.cpp.o)   .\.ino.cpp.o (UARTClass::available())
arduino.ar(USARTClass.cpp.o)  .\.ino.cpp.o (USARTClass::begin(unsigned long))
arduino.ar(WString.cpp.o)     .\.ino.cpp.o (String::~String())
arduino.ar(abi.cpp.o)         .\libraries\SD\src\File.cpp.o (__cxa_pure_virtual)
arduino.ar(itoa.c.o)          arduino.ar(WString.cpp.o) (ltoa)
arduino.ar(main.cpp.o)        c:/users/roberto/eclipse/arduinoplugin/tools/arduino/arm-none-eabi-gcc/4.8.3-2014q1/bin/../lib/gcc/arm-none-eabi/4.8.3/../../../../arm-none-eabi/lib/armv7-m/crt0.o (main)
arduino.ar(watchdog.cpp.o)    arduino.ar(main.cpp.o) (watchdogSetup())
arduino.ar(wiring.c.o)        .\libraries\br3ttb-Arduino-PID-Library-fb095d8\PID_v1.cpp.o (millis)
arduino.ar(wiring_analog.c.o)
                              .\.ino.cpp.o (analogWriteResolution)
arduino.ar(wiring_digital.c.o)
                              .\.ino.cpp.o (pinMode)
arduino.ar(dtostrf.c.o)       arduino.ar(WString.cpp.o) (dtostrf)
arduino.ar(USBCore.cpp.o)     arduino.ar(main.cpp.o) (USBDevice_::attach())
arduino.ar(hooks.c.o)         arduino.ar(wiring.c.o) (yield)
arduino.ar(CDC.cpp.o)         arduino.ar(USBCore.cpp.o) (Serial_::accept())
arduino.ar(PluggableUSB.cpp.o)
                              arduino.ar(USBCore.cpp.o) (PluggableUSB_::getInterface(unsigned char*))
arduino.ar(Reset.cpp.o)       arduino.ar(CDC.cpp.o) (initiateReset)
C:/Users/Roberto/eclipse/arduinoPlugin/packages/arduino/hardware/sam/1.6.7/variants/arduino_due_x/libsam_sam3x8e_gcc_rel.a(pio.o)
                              arduino.ar(wiring_digital.c.o) (PIO_PullUp)
C:/Users/Roberto/eclipse/arduinoPlugin/packages/arduino/hardware/sam/1.6.7/variants/arduino_due_x/libsam_sam3x8e_gcc_rel.a(pmc.o)
                              .\.ino.cpp.o (pmc_enable_periph_clk)
C:/Users/Roberto/eclipse/arduinoPlugin/packages/arduino/hardware/sam/1.6.7/variants/arduino_due_x/libsam_sam3x8e_gcc_rel.a(pwmc.o)
                              arduino.ar(wiring_analog.c.o) (PWMC_ConfigureChannel)
C:/Users/Roberto/eclipse/arduinoPlugin/packages/arduino/hardware/sam/1.6.7/variants/arduino_due_x/libsam_sam3x8e_gcc_rel.a(spi.o)
                              .\libraries\SPI\src\SPI.cpp.o (SPI_Enable)
C:/Users/Roberto/eclipse/arduinoPlugin/packages/arduino/hardware/sam/1.6.7/variants/arduino_due_x/libsam_sam3x8e_gcc_rel.a(tc.o)
                              .\.ino.cpp.o (TC_Configure)
C:/Users/Roberto/eclipse/arduinoPlugin/packages/arduino/hardware/sam/1.6.7/variants/arduino_due_x/libsam_sam3x8e_gcc_rel.a(timetick.o)
                              arduino.ar(wiring.c.o) (GetTickCount)
C:/Users/Roberto/eclipse/arduinoPlugin/packages/arduino/hardware/sam/1.6.7/variants/arduino_due_x/libsam_sam3x8e_gcc_rel.a(wdt.o)
                              arduino.ar(watchdog.cpp.o) (WDT_Enable)
C:/Users/Roberto/eclipse/arduinoPlugin/packages/arduino/hardware/sam/1.6.7/variants/arduino_due_x/libsam_sam3x8e_gcc_rel.a(system_sam3xa.o)
                              arduino.ar(variant.cpp.o) (SystemInit)
C:/Users/Roberto/eclipse/arduinoPlugin/packages/arduino/hardware/sam/1.6.7/variants/arduino_due_x/libsam_sam3x8e_gcc_rel.a(startup_sam3xa.o)
                              (Reset_Handler)
C:/Users/Roberto/eclipse/arduinoPlugin/packages/arduino/hardware/sam/1.6.7/variants/arduino_due_x/libsam_sam3x8e_gcc_rel.a(adc.o)
                              arduino.ar(variant.cpp.o) (adc_init)
C:/Users/Roberto/eclipse/arduinoPlugin/packages/arduino/hardware/sam/1.6.7/variants/arduino_due_x/libsam_sam3x8e_gcc_rel.a(uotghs.o)
                              C:/Users/Roberto/eclipse/arduinoPlugin/packages/arduino/hardware/sam/1.6.7/variants/arduino_due_x/libsam_sam3x8e_gcc_rel.a(startup_sam3xa.o) (UOTGHS_Handler)
C:/Users/Roberto/eclipse/arduinoPlugin/packages/arduino/hardware/sam/1.6.7/variants/arduino_due_x/libsam_sam3x8e_gcc_rel.a(interrupt_sam_nvic.o)
                              arduino.ar(USBCore.cpp.o) (g_interrupt_enabled)
C:/Users/Roberto/eclipse/arduinoPlugin/packages/arduino/hardware/sam/1.6.7/variants/arduino_due_x/libsam_sam3x8e_gcc_rel.a(uotghs_device.o)
                              arduino.ar(USBCore.cpp.o) (UDD_SetStack)
C:/Users/Roberto/eclipse/arduinoPlugin/packages/arduino/hardware/sam/1.6.7/variants/arduino_due_x/libsam_sam3x8e_gcc_rel.a(dacc.o)
                              arduino.ar(wiring_analog.c.o) (dacc_reset)
arduino.ar(WInterrupts.c.o)   C:/Users/Roberto/eclipse/arduinoPlugin/packages/arduino/hardware/sam/1.6.7/variants/arduino_due_x/libsam_sam3x8e_gcc_rel.a(startup_sam3xa.o) (PIOA_Handler)
[...]
Memory Configuration

Name             Origin             Length             Attributes
rom              0x00080000         0x00080000         xr
sram0            0x20000000         0x00010000         xrw
sram1            0x20080000         0x00008000         xrw
ram              0x20070000         0x00018000         xrw
*default*        0x00000000         0xffffffff

Linker script and memory map

LOAD c:/users/roberto/eclipse/arduinoplugin/tools/arduino/arm-none-eabi-gcc/4.8.3-2014q1/bin/../lib/gcc/arm-none-eabi/4.8.3/armv7-m/crti.o
LOAD c:/users/roberto/eclipse/arduinoplugin/tools/arduino/arm-none-eabi-gcc/4.8.3-2014q1/bin/../lib/gcc/arm-none-eabi/4.8.3/armv7-m/crtbegin.o
LOAD c:/users/roberto/eclipse/arduinoplugin/tools/arduino/arm-none-eabi-gcc/4.8.3-2014q1/bin/../lib/gcc/arm-none-eabi/4.8.3/../../../../arm-none-eabi/lib/armv7-m/crt0.o
START GROUP
LOAD C:/Users/Roberto/Documents/GitHub/SeniorDesign406/TFTGraphicDisplay01_01ReadTempString/Release/core/syscalls_sam3.c.o
LOAD .\.ino.cpp.o
LOAD .\Ubuntu.c.o
LOAD .\libraries\br3ttb-Arduino-PID-Library-fb095d8\PID_v1.cpp.o
LOAD .\libraries\UTFT_Buttons\UTFT_Buttons.cpp.o
LOAD .\libraries\UTFT_Buttons\fonts.c.o
LOAD .\libraries\UTFT\DefaultFonts.c.o
LOAD .\libraries\UTFT\UTFT.cpp.o
LOAD .\libraries\URTouch\URTouch.cpp.o
LOAD .\libraries\SPI\src\SPI.cpp.o
LOAD .\libraries\SD\src\utility\Sd2Card.cpp.o
LOAD .\libraries\SD\src\utility\SdFile.cpp.o
LOAD .\libraries\SD\src\utility\SdVolume.cpp.o
LOAD .\libraries\SD\src\File.cpp.o
LOAD .\libraries\SD\src\SD.cpp.o
LOAD arduino.ar
LOAD C:/Users/Roberto/eclipse/arduinoPlugin/packages/arduino/hardware/sam/1.6.7/variants/arduino_due_x/libsam_sam3x8e_gcc_rel.a
END GROUP
LOAD c:/users/roberto/eclipse/arduinoplugin/tools/arduino/arm-none-eabi-gcc/4.8.3-2014q1/bin/../lib/gcc/arm-none-eabi/4.8.3/../../../../arm-none-eabi/lib/armv7-m\libm.a
START GROUP
LOAD c:/users/roberto/eclipse/arduinoplugin/tools/arduino/arm-none-eabi-gcc/4.8.3-2014q1/bin/../lib/gcc/arm-none-eabi/4.8.3/armv7-m\libgcc.a
LOAD c:/users/roberto/eclipse/arduinoplugin/tools/arduino/arm-none-eabi-gcc/4.8.3-2014q1/bin/../lib/gcc/arm-none-eabi/4.8.3/../../../../arm-none-eabi/lib/armv7-m\libg.a
LOAD c:/users/roberto/eclipse/arduinoplugin/tools/arduino/arm-none-eabi-gcc/4.8.3-2014q1/bin/../lib/gcc/arm-none-eabi/4.8.3/../../../../arm-none-eabi/lib/armv7-m\libc.a
END GROUP
LOAD c:/users/roberto/eclipse/arduinoplugin/tools/arduino/arm-none-eabi-gcc/4.8.3-2014q1/bin/../lib/gcc/arm-none-eabi/4.8.3/armv7-m/crtend.o
LOAD c:/users/roberto/eclipse/arduinoplugin/tools/arduino/arm-none-eabi-gcc/4.8.3-2014q1/bin/../lib/gcc/arm-none-eabi/4.8.3/armv7-m/crtn.o

.text           0x00080000    0x13c6c
                0x00080000                . = ALIGN (0x4)
                0x00080000                _sfixed = .
 *(.vectors .vectors.*)
 .vectors       0x00080000       0xf4 C:/Users/Roberto/eclipse/arduinoPlugin/packages/arduino/hardware/sam/1.6.7/variants/arduino_due_x/libsam_sam3x8e_gcc_rel.a(startup_sam3xa.o)
                0x00080000                exception_table
 *(.text .text.* .gnu.linkonce.t.*)
 .text          0x000800f4       0x54 c:/users/roberto/eclipse/arduinoplugin/tools/arduino/arm-none-eabi-gcc/4.8.3-2014q1/bin/../lib/gcc/arm-none-eabi/4.8.3/armv7-m/crtbegin.o
 .text._sbrk    0x00080148       0x1c C:/Users/Roberto/Documents/GitHub/SeniorDesign406/TFTGraphicDisplay01_01ReadTempString/Release/core/syscalls_sam3.c.o
                0x00080148                _sbrk
 .text._close   0x00080164        0x6 C:/Users/Roberto/Documents/GitHub/SeniorDesign406/TFTGraphicDisplay01_01ReadTempString/Release/core/syscalls_sam3.c.o
                0x00080164                _close
 .text._fstat   0x0008016a        0xa C:/Users/Roberto/Documents/GitHub/SeniorDesign406/TFTGraphicDisplay01_01ReadTempString/Release/core/syscalls_sam3.c.o
                0x0008016a                _fstat
 .text._isatty  0x00080174        0x4 C:/Users/Roberto/Documents/GitHub/SeniorDesign406/TFTGraphicDisplay01_01ReadTempString/Release/core/syscalls_sam3.c.o
                0x00080174                _isatty
 .text._lseek   0x00080178        0x4 C:/Users/Roberto/Documents/GitHub/SeniorDesign406/TFTGraphicDisplay01_01ReadTempString/Release/core/syscalls_sam3.c.o
                0x00080178                _lseek
 .text._read    0x0008017c        0x4 C:/Users/Roberto/Documents/GitHub/SeniorDesign406/TFTGraphicDisplay01_01ReadTempString/Release/core/syscalls_sam3.c.o
                0x0008017c                _read
 .text._write   0x00080180       0x24 C:/Users/Roberto/Documents/GitHub/SeniorDesign406/TFTGraphicDisplay01_01ReadTempString/Release/core/syscalls_sam3.c.o
                0x00080180                _write
 .text._exit    0x000801a4       0x10 C:/Users/Roberto/Documents/GitHub/SeniorDesign406/TFTGraphicDisplay01_01ReadTempString/Release/core/syscalls_sam3.c.o
                0x000801a4                _exit
 .text._kill    0x000801b4        0x2 C:/Users/Roberto/Documents/GitHub/SeniorDesign406/TFTGraphicDisplay01_01ReadTempString/Release/core/syscalls_sam3.c.o
                0x000801b4                _kill
 .text._getpid  0x000801b6        0x6 C:/Users/Roberto/Documents/GitHub/SeniorDesign406/TFTGraphicDisplay01_01ReadTempString/Release/core/syscalls_sam3.c.o
                0x000801b6                _getpid
 .text._Z10startTimerP2Tcm4IRQnm
                0x000801bc       0x78 .\.ino.cpp.o
                0x000801bc                startTimer(Tc*, unsigned long, IRQn, unsigned long)
 *fill*         0x00080234        0x4 
 .text.TC3_Handler
                0x00080238      0x2b0 .\.ino.cpp.o
                0x00080238                TC3_Handler
 .text.TC4_Handler
                0x000804e8       0x98 .\.ino.cpp.o
                0x000804e8                TC4_Handler
 .text.startup._GLOBAL__sub_I_Kp
                0x00080580       0x9c .\.ino.cpp.o
 .text.setup    0x0008061c      0x230 .\.ino.cpp.o
                0x0008061c                setup
 .text._Z15getTemperaturesv
                0x0008084c       0x74 .\.ino.cpp.o
                0x0008084c                getTemperatures()
 .text.loop     0x000808c0      0x4c0 .\.ino.cpp.o
                0x000808c0                loop
 .text._ZN12UTFT_Buttons9addButtonEttttPct
                0x00080d80       0x34 .\libraries\UTFT_Buttons\UTFT_Buttons.cpp.o
                0x00080d80                UTFT_Buttons::addButton(unsigned short, unsigned short, unsigned short, unsigned short, char*, unsigned short)
 .text._ZN12UTFT_Buttons10drawButtonEi
                0x00080db4      0x1f0 .\libraries\UTFT_Buttons\UTFT_Buttons.cpp.o
                0x00080db4                UTFT_Buttons::drawButton(int)
 .text._ZN12UTFT_Buttons11drawButtonsEv
                0x00080fa4       0x24 .\libraries\UTFT_Buttons\UTFT_Buttons.cpp.o
                0x00080fa4                UTFT_Buttons::drawButtons()
 .text._ZN12UTFT_Buttons12enableButtonEib
                0x00080fc8       0x22 .\libraries\UTFT_Buttons\UTFT_Buttons.cpp.o
                0x00080fc8                UTFT_Buttons::enableButton(int, bool)
 .text._ZN12UTFT_Buttons13disableButtonEib
                0x00080fea       0x22 .\libraries\UTFT_Buttons\UTFT_Buttons.cpp.o
                0x00080fea                UTFT_Buttons::disableButton(int, bool)
 .text._ZN12UTFT_Buttons13relabelButtonEiPcb
                0x0008100c       0x22 .\libraries\UTFT_Buttons\UTFT_Buttons.cpp.o
                0x0008100c                UTFT_Buttons::relabelButton(int, char*, bool)
 *fill*         0x0008102e        0x2 
 .text._ZN12UTFT_Buttons16deleteAllButtonsEv
                0x00081030       0x24 .\libraries\UTFT_Buttons\UTFT_Buttons.cpp.o
                0x00081030                UTFT_Buttons::deleteAllButtons()
 .text._ZN12UTFT_ButtonsC2EP4UTFTP7URTouch
                0x00081054       0x3c .\libraries\UTFT_Buttons\UTFT_Buttons.cpp.o
                0x00081054                UTFT_Buttons::UTFT_Buttons(UTFT*, URTouch*)
                0x00081054                UTFT_Buttons::UTFT_Buttons(UTFT*, URTouch*)
 .text._ZN12UTFT_Buttons12checkButtonsEv
                0x00081090      0x10e .\libraries\UTFT_Buttons\UTFT_Buttons.cpp.o
                0x00081090                UTFT_Buttons::checkButtons()
 .text._ZN12UTFT_Buttons11setTextFontEPh
                0x0008119e        0x6 .\libraries\UTFT_Buttons\UTFT_Buttons.cpp.o
                0x0008119e                UTFT_Buttons::setTextFont(unsigned char*)
 .text._ZN4UTFT14_convert_floatEPcdih
                0x000811a4       0x2c .\libraries\UTFT\UTFT.cpp.o
                0x000811a4                UTFT::_convert_float(char*, double, int, unsigned char)
 .text._ZN4UTFT12LCD_Writ_BusEcch
                0x000811d0      0x1ec .\libraries\UTFT\UTFT.cpp.o
                0x000811d0                UTFT::LCD_Writ_Bus(char, char, unsigned char)
 .text._ZN4UTFT24_set_direction_registersEh
                0x000813bc       0x20 .\libraries\UTFT\UTFT.cpp.o
                0x000813bc                UTFT::_set_direction_registers(unsigned char)
 .text._ZN4UTFT13_fast_fill_16Eiil
                0x000813dc      0x190 .\libraries\UTFT\UTFT.cpp.o
                0x000813dc                UTFT::_fast_fill_16(int, int, long)
 .text._ZN4UTFT12_fast_fill_8Eil
                0x0008156c      0x2b8 .\libraries\UTFT\UTFT.cpp.o
                0x0008156c                UTFT::_fast_fill_8(int, long)
 .text._ZN4UTFTC2Ehiiiii
                0x00081824      0x198 .\libraries\UTFT\UTFT.cpp.o
                0x00081824                UTFT::UTFT(unsigned char, int, int, int, int, int)
                0x00081824                UTFT::UTFT(unsigned char, int, int, int, int, int)
 .text._ZN4UTFT13LCD_Write_COMEc
                0x000819bc       0x26 .\libraries\UTFT\UTFT.cpp.o
                0x000819bc                UTFT::LCD_Write_COM(char)
 .text._ZN4UTFT14LCD_Write_DATAEcc
                0x000819e2       0x36 .\libraries\UTFT\UTFT.cpp.o
                0x000819e2                UTFT::LCD_Write_DATA(char, char)
 .text._ZN4UTFT14LCD_Write_DATAEc
                0x00081a18       0x24 .\libraries\UTFT\UTFT.cpp.o
                0x00081a18                UTFT::LCD_Write_DATA(char)
 .text._ZN4UTFT18LCD_Write_COM_DATAEci
                0x00081a3c       0x1a .\libraries\UTFT\UTFT.cpp.o
                0x00081a3c                UTFT::LCD_Write_COM_DATA(char, int)
 .text._ZN4UTFT5setXYEjjjj
                0x00081a56      0x2e0 .\libraries\UTFT\UTFT.cpp.o
                0x00081a56                UTFT::setXY(unsigned int, unsigned int, unsigned int, unsigned int)
 *fill*         0x00081d36        0x2 
 .text._ZN4UTFT7InitLCDEh
                0x00081d38     0x2640 .\libraries\UTFT\UTFT.cpp.o
                0x00081d38                UTFT::InitLCD(unsigned char)
 .text._ZN4UTFT5clrXYEv
                0x00084378       0x24 .\libraries\UTFT\UTFT.cpp.o
                0x00084378                UTFT::clrXY()
 .text._ZN4UTFT6clrScrEv
                0x0008439c       0x9c .\libraries\UTFT\UTFT.cpp.o
                0x0008439c                UTFT::clrScr()
 .text._ZN4UTFT7fillScrEj
                0x00084438       0xae .\libraries\UTFT\UTFT.cpp.o
                0x00084438                UTFT::fillScr(unsigned int)
 .text._ZN4UTFT8setColorEj
                0x000844e6        0x8 .\libraries\UTFT\UTFT.cpp.o
                0x000844e6                UTFT::setColor(unsigned int)
 .text._ZN4UTFT8getColorEv
                0x000844ee        0xa .\libraries\UTFT\UTFT.cpp.o
                0x000844ee                UTFT::getColor()
 .text._ZN4UTFT12setBackColorEm
                0x000844f8       0x16 .\libraries\UTFT\UTFT.cpp.o
                0x000844f8                UTFT::setBackColor(unsigned long)
 .text._ZN4UTFT12getBackColorEv
                0x0008450e        0xa .\libraries\UTFT\UTFT.cpp.o
                0x0008450e                UTFT::getBackColor()
 .text._ZN4UTFT8setPixelEj
                0x00084518        0xc .\libraries\UTFT\UTFT.cpp.o
                0x00084518                UTFT::setPixel(unsigned int)
 .text._ZN4UTFT9drawPixelEii
                0x00084524       0x3c .\libraries\UTFT\UTFT.cpp.o
                0x00084524                UTFT::drawPixel(int, int)
 .text._ZN4UTFT9drawHLineEiii
                0x00084560       0x8e .\libraries\UTFT\UTFT.cpp.o
                0x00084560                UTFT::drawHLine(int, int, int)
 .text._ZN4UTFT13fillRoundRectEiiii
                0x000845ee       0xac .\libraries\UTFT\UTFT.cpp.o
                0x000845ee                UTFT::fillRoundRect(int, int, int, int)
 .text._ZN4UTFT9drawVLineEiii
                0x0008469a       0x90 .\libraries\UTFT\UTFT.cpp.o
                0x0008469a                UTFT::drawVLine(int, int, int)
 .text._ZN4UTFT8drawRectEiiii
                0x0008472a       0x5a .\libraries\UTFT\UTFT.cpp.o
                0x0008472a                UTFT::drawRect(int, int, int, int)
 .text._ZN4UTFT13drawRoundRectEiiii
                0x00084784       0xc2 .\libraries\UTFT\UTFT.cpp.o
                0x00084784                UTFT::drawRoundRect(int, int, int, int)
 .text._ZN4UTFT9printCharEhii
                0x00084846      0x1d0 .\libraries\UTFT\UTFT.cpp.o
                0x00084846                UTFT::printChar(unsigned char, int, int)
 *fill*         0x00084a16        0x2 
 .text._ZN4UTFT10rotateCharEhiiii
                0x00084a18      0x1b0 .\libraries\UTFT\UTFT.cpp.o
                0x00084a18                UTFT::rotateChar(unsigned char, int, int, int, int)
 .text._ZN4UTFT5printEPciii
                0x00084bc8       0xac .\libraries\UTFT\UTFT.cpp.o
                0x00084bc8                UTFT::print(char*, int, int, int)
 .text._ZN4UTFT5printE6Stringiii
                0x00084c74       0x40 .\libraries\UTFT\UTFT.cpp.o
                0x00084c74                UTFT::print(String, int, int, int)
 .text._ZN4UTFT9printNumIEliiic
                0x00084cb4       0xe8 .\libraries\UTFT\UTFT.cpp.o
                0x00084cb4                UTFT::printNumI(long, int, int, int, char)
 .text._ZN4UTFT9printNumFEdhiicic
                0x00084d9c       0xa8 .\libraries\UTFT\UTFT.cpp.o
                0x00084d9c                UTFT::printNumF(double, unsigned char, int, int, char, int, char)
 .text._ZN4UTFT7setFontEPh
                0x00084e44       0x1c .\libraries\UTFT\UTFT.cpp.o
                0x00084e44                UTFT::setFont(unsigned char*)
 .text._ZN4UTFT7getFontEv
                0x00084e60        0x4 .\libraries\UTFT\UTFT.cpp.o
                0x00084e60                UTFT::getFont()
 .text._ZN4UTFT12getFontXsizeEv
                0x00084e64        0x6 .\libraries\UTFT\UTFT.cpp.o
                0x00084e64                UTFT::getFontXsize()
 .text._ZN4UTFT12getFontYsizeEv
                0x00084e6a        0x6 .\libraries\UTFT\UTFT.cpp.o
                0x00084e6a                UTFT::getFontYsize()
 .text._ZN4UTFT10drawBitmapEiiiiPti
                0x00084e70      0x1ca .\libraries\UTFT\UTFT.cpp.o
                0x00084e70                UTFT::drawBitmap(int, int, int, int, unsigned short*, int)
 .text._ZN7URTouch15touch_WriteDataEh
                0x0008503a       0x48 .\libraries\URTouch\URTouch.cpp.o
                0x0008503a                URTouch::touch_WriteData(unsigned char)
 .text._ZN7URTouch14touch_ReadDataEv
                0x00085082       0x36 .\libraries\URTouch\URTouch.cpp.o
                0x00085082                URTouch::touch_ReadData()
 .text._ZN7URTouchC2Ehhhhh
                0x000850b8       0x20 .\libraries\URTouch\URTouch.cpp.o
                0x000850b8                URTouch::URTouch(unsigned char, unsigned char, unsigned char, unsigned char, unsigned char)
                0x000850b8                URTouch::URTouch(unsigned char, unsigned char, unsigned char, unsigned char, unsigned char)
 .text._ZN7URTouch9InitTouchEh
                0x000850d8       0xf0 .\libraries\URTouch\URTouch.cpp.o
                0x000850d8                URTouch::InitTouch(unsigned char)
 .text._ZN7URTouch4readEv
                0x000851c8      0x140 .\libraries\URTouch\URTouch.cpp.o
                0x000851c8                URTouch::read()
 .text._ZN7URTouch13dataAvailableEv
                0x00085308       0x2a .\libraries\URTouch\URTouch.cpp.o
                0x00085308                URTouch::dataAvailable()
 .text._ZN7URTouch4getXEv
                0x00085332       0x68 .\libraries\URTouch\URTouch.cpp.o
                0x00085332                URTouch::getX()
 .text._ZN7URTouch4getYEv
                0x0008539a       0x68 .\libraries\URTouch\URTouch.cpp.o
                0x0008539a                URTouch::getY()
 .text._ZN7URTouch12setPrecisionEh
                0x00085402       0x22 .\libraries\URTouch\URTouch.cpp.o
                0x00085402                URTouch::setPrecision(unsigned char)
 .text._ZL10SPI_0_Initv
                0x00085424       0x48 .\libraries\SPI\src\SPI.cpp.o
 .text._ZN8SPIClass16beginTransactionEh11SPISettings
                0x0008546c       0x98 .\libraries\SPI\src\SPI.cpp.o
                0x0008546c                SPIClass::beginTransaction(unsigned char, SPISettings)
 .text._ZN8SPIClass14endTransactionEv
                0x00085504       0x50 .\libraries\SPI\src\SPI.cpp.o
                0x00085504                SPIClass::endTransaction()
 .text._ZN8SPIClass8transferEhh15SPITransferMode
                0x00085554       0x5e .\libraries\SPI\src\SPI.cpp.o
                0x00085554                SPIClass::transfer(unsigned char, unsigned char, SPITransferMode)
 *fill*         0x000855b2        0x2 
 .text.startup._GLOBAL__sub_I__ZN8SPIClassC2EP3SpimPFvvE
                0x000855b4       0x24 .\libraries\SPI\src\SPI.cpp.o
 .text._ZL7spiSendh
                0x000855d8       0x10 .\libraries\SD\src\utility\Sd2Card.cpp.o
 .text._ZL6spiRecv
                0x000855e8       0x10 .\libraries\SD\src\utility\Sd2Card.cpp.o
 .text._ZN7Sd2Card14chipSelectHighEv
                0x000855f8       0x28 .\libraries\SD\src\utility\Sd2Card.cpp.o
                0x000855f8                Sd2Card::chipSelectHigh()
 .text._ZN7Sd2Card13chipSelectLowEv
                0x00085620       0x40 .\libraries\SD\src\utility\Sd2Card.cpp.o
                0x00085620                Sd2Card::chipSelectLow()
 .text._ZN7Sd2Card7readEndEv
                0x00085660       0x2a .\libraries\SD\src\utility\Sd2Card.cpp.o
                0x00085660                Sd2Card::readEnd()
 .text._ZN7Sd2Card11waitNotBusyEt
                0x0008568a       0x28 .\libraries\SD\src\utility\Sd2Card.cpp.o
                0x0008568a                Sd2Card::waitNotBusy(unsigned short)
 .text._ZN7Sd2Card11cardCommandEhm
                0x000856b2       0x60 .\libraries\SD\src\utility\Sd2Card.cpp.o
                0x000856b2                Sd2Card::cardCommand(unsigned char, unsigned long)
 .text._ZN7Sd2Card14waitStartBlockEv
                0x00085712       0x3e .\libraries\SD\src\utility\Sd2Card.cpp.o
                0x00085712                Sd2Card::waitStartBlock()
 .text._ZN7Sd2Card8readDataEmttPh
                0x00085750       0xa4 .\libraries\SD\src\utility\Sd2Card.cpp.o
                0x00085750                Sd2Card::readData(unsigned long, unsigned short, unsigned short, unsigned char*)
 .text._ZN7Sd2Card9readBlockEmPh
                0x000857f4       0x14 .\libraries\SD\src\utility\Sd2Card.cpp.o
                0x000857f4                Sd2Card::readBlock(unsigned long, unsigned char*)
 .text._ZN7Sd2Card9writeDataEhPKh
                0x00085808       0x48 .\libraries\SD\src\utility\Sd2Card.cpp.o
                0x00085808                Sd2Card::writeData(unsigned char, unsigned char const*)
 .text._ZN7Sd2Card10writeBlockEmPKh
                0x00085850       0x6c .\libraries\SD\src\utility\Sd2Card.cpp.o
                0x00085850                Sd2Card::writeBlock(unsigned long, unsigned char const*)
 .text.startup._GLOBAL__sub_I__ZN7Sd2Card11cardCommandEhm
                0x000858bc       0x14 .\libraries\SD\src\utility\Sd2Card.cpp.o
 .text._ZN6SdFile10addClusterEv
                0x000858d0       0x26 .\libraries\SD\src\utility\SdFile.cpp.o
                0x000858d0                SdFile::addCluster()
 *fill*         0x000858f6        0x2 
 .text._ZN6SdFile13cacheDirEntryEh
                0x000858f8       0x1c .\libraries\SD\src\utility\SdFile.cpp.o
                0x000858f8                SdFile::cacheDirEntry(unsigned char)
 .text._ZN6SdFile4readEPvt
                0x00085914      0x104 .\libraries\SD\src\utility\SdFile.cpp.o
                0x00085914                SdFile::read(void*, unsigned short)
 .text._ZN6SdFile7seekSetEm
                0x00085a18       0x5e .\libraries\SD\src\utility\SdFile.cpp.o
                0x00085a18                SdFile::seekSet(unsigned long)
 *fill*         0x00085a76        0x2 
 .text._ZN6SdFile4syncEv
                0x00085a78       0x58 .\libraries\SD\src\utility\SdFile.cpp.o
                0x00085a78                SdFile::sync()
 .text._ZN6SdFile5writeEPKvt
                0x00085ad0      0x194 .\libraries\SD\src\utility\SdFile.cpp.o
                0x00085ad0                SdFile::write(void const*, unsigned short)
 .text._ZN6SdFile5writeEh
                0x00085c64       0x16 .\libraries\SD\src\utility\SdFile.cpp.o
                0x00085c64                SdFile::write(unsigned char)
 *fill*         0x00085c7a        0x2 
 .text._ZN8SdVolume10cacheFlushEv
                0x00085c7c       0x4c .\libraries\SD\src\utility\SdVolume.cpp.o
                0x00085c7c                SdVolume::cacheFlush()
 .text._ZN8SdVolume13cacheRawBlockEmh
                0x00085cc8       0x48 .\libraries\SD\src\utility\SdVolume.cpp.o
                0x00085cc8                SdVolume::cacheRawBlock(unsigned long, unsigned char)
 .text._ZNK8SdVolume6fatGetEmPm
                0x00085d10       0x64 .\libraries\SD\src\utility\SdVolume.cpp.o
                0x00085d10                SdVolume::fatGet(unsigned long, unsigned long*) const
 .text._ZN8SdVolume6fatPutEmm
                0x00085d74       0x84 .\libraries\SD\src\utility\SdVolume.cpp.o
                0x00085d74                SdVolume::fatPut(unsigned long, unsigned long)
 .text._ZN8SdVolume15allocContiguousEmPm
                0x00085df8       0xb4 .\libraries\SD\src\utility\SdVolume.cpp.o
                0x00085df8                SdVolume::allocContiguous(unsigned long, unsigned long*)
 .text._ZN5SDLib4File5writeEh
                0x00085eac       0x16 .\libraries\SD\src\File.cpp.o
                0x00085eac                SDLib::File::write(unsigned char)
 .text._ZN5SDLib4File5writeEPKhj
                0x00085ec2       0x26 .\libraries\SD\src\File.cpp.o
                0x00085ec2                SDLib::File::write(unsigned char const*, unsigned int)
 .text._ZN5SDLib4File5flushEv
                0x00085ee8        0xa .\libraries\SD\src\File.cpp.o
                0x00085ee8                SDLib::File::flush()
 .text._ZN6SdFile4readEv
                0x00085ef2       0x20 .\libraries\SD\src\File.cpp.o
                0x00085ef2                SdFile::read()
 .text._ZN5SDLib4File4readEv
                0x00085f12       0x12 .\libraries\SD\src\File.cpp.o
                0x00085f12                SDLib::File::read()
 .text._ZN5SDLib4File4peekEv
                0x00085f24       0x20 .\libraries\SD\src\File.cpp.o
                0x00085f24                SDLib::File::peek()
 .text._ZN5SDLib4FileC2Ev
                0x00085f44       0x18 .\libraries\SD\src\File.cpp.o
                0x00085f44                SDLib::File::File()
                0x00085f44                SDLib::File::File()
 .text._ZN5SDLib4File8positionEv
                0x00085f5c        0xe .\libraries\SD\src\File.cpp.o
                0x00085f5c                SDLib::File::position()
 .text._ZN5SDLib4File4sizeEv
                0x00085f6a        0x8 .\libraries\SD\src\File.cpp.o
                0x00085f6a                SDLib::File::size()
 .text._ZN5SDLib4File9availableEv
                0x00085f72       0x26 .\libraries\SD\src\File.cpp.o
                0x00085f72                SDLib::File::available()
 .text.startup._GLOBAL__sub_I__ZN5SDLib20getNextPathComponentEPKcPjPc
                0x00085f98       0x28 .\libraries\SD\src\SD.cpp.o
 .text._Z11serialEventv
                0x00085fc0        0x2 arduino.ar(variant.cpp.o)
                0x00085fc0                serialEvent()
 *fill*         0x00085fc2        0x2 
 .text.UART_Handler
                0x00085fc4        0xc arduino.ar(variant.cpp.o)
                0x00085fc4                UART_Handler
 .text._Z12serialEvent1v
                0x00085fd0        0x2 arduino.ar(variant.cpp.o)
                0x00085fd0                serialEvent1()
 .text._Z12serialEvent2v
                0x00085fd2        0x2 arduino.ar(variant.cpp.o)
                0x00085fd2                serialEvent2()
 .text._Z12serialEvent3v
                0x00085fd4        0x2 arduino.ar(variant.cpp.o)
                0x00085fd4                serialEvent3()
 *fill*         0x00085fd6        0x2 
 .text.USART0_Handler
                0x00085fd8        0xc arduino.ar(variant.cpp.o)
                0x00085fd8                USART0_Handler
 .text.USART1_Handler
                0x00085fe4        0xc arduino.ar(variant.cpp.o)
                0x00085fe4                USART1_Handler
 .text.USART3_Handler
                0x00085ff0        0xc arduino.ar(variant.cpp.o)
                0x00085ff0                USART3_Handler
 .text.init     0x00085ffc      0x128 arduino.ar(variant.cpp.o)
                0x00085ffc                init
 .text.startup._GLOBAL__sub_I_g_APinDescription
                0x00086124       0xd4 arduino.ar(variant.cpp.o)
 .text._Z14serialEventRunv
                0x000861f8       0x44 arduino.ar(variant.cpp.o)
                0x000861f8                serialEventRun()
 .text._ZN5Print5writeEPKhj
                0x0008623c       0x22 arduino.ar(Print.cpp.o)
                0x0008623c                Print::write(unsigned char const*, unsigned int)
 .text._ZN5Print5writeEPKc
                0x0008625e       0x1e arduino.ar(Print.cpp.o)
                0x0008625e                Print::write(char const*)
 .text._ZN5Print5printERK6String
                0x0008627c       0x10 arduino.ar(Print.cpp.o)
                0x0008627c                Print::print(String const&)
 .text._ZN5Print7printlnEv
                0x0008628c       0x10 arduino.ar(Print.cpp.o)
                0x0008628c                Print::println()
 .text._ZN5Print7printlnERK6String
                0x0008629c       0x14 arduino.ar(Print.cpp.o)
                0x0008629c                Print::println(String const&)
 .text._ZN10RingBufferC2Ev
                0x000862b0       0x1a arduino.ar(RingBuffer.cpp.o)
                0x000862b0                RingBuffer::RingBuffer()
                0x000862b0                RingBuffer::RingBuffer()
 .text._ZN10RingBuffer10store_charEh
                0x000862ca       0x1e arduino.ar(RingBuffer.cpp.o)
                0x000862ca                RingBuffer::store_char(unsigned char)
 .text._ZN6Stream9timedReadEv
                0x000862e8       0x2a arduino.ar(Stream.cpp.o)
                0x000862e8                Stream::timedRead()
 *fill*         0x00086312        0x2 
 .text._ZN6Stream15readStringUntilEc
                0x00086314       0x30 arduino.ar(Stream.cpp.o)
                0x00086314                Stream::readStringUntil(char)
 .text._ZN9UARTClasscvbEv
                0x00086344        0x4 arduino.ar(UARTClass.cpp.o)
                0x00086344                UARTClass::operator bool()
 .text._ZN9UARTClass9availableEv
                0x00086348       0x12 arduino.ar(UARTClass.cpp.o)
                0x00086348                UARTClass::available()
 .text._ZN9UARTClass4peekEv
                0x0008635a       0x1c arduino.ar(UARTClass.cpp.o)
                0x0008635a                UARTClass::peek()
 .text._ZN9UARTClass4readEv
                0x00086376       0x2a arduino.ar(UARTClass.cpp.o)
                0x00086376                UARTClass::read()
 .text._ZN9UARTClass5flushEv
                0x000863a0       0x18 arduino.ar(UARTClass.cpp.o)
                0x000863a0                UARTClass::flush()
 .text._ZN9UARTClass5writeEh
                0x000863b8       0x54 arduino.ar(UARTClass.cpp.o)
                0x000863b8                UARTClass::write(unsigned char)
 .text._ZN9UARTClass3endEv
                0x0008640c       0x3c arduino.ar(UARTClass.cpp.o)
                0x0008640c                UARTClass::end()
 .text._ZN9UARTClassC2EP4Uart4IRQnmP10RingBufferS4_
                0x00086448       0x24 arduino.ar(UARTClass.cpp.o)
                0x00086448                UARTClass::UARTClass(Uart*, IRQn, unsigned long, RingBuffer*, RingBuffer*)
                0x00086448                UARTClass::UARTClass(Uart*, IRQn, unsigned long, RingBuffer*, RingBuffer*)
 .text._ZN9UARTClass4initEmm
                0x0008646c       0x70 arduino.ar(UARTClass.cpp.o)
                0x0008646c                UARTClass::init(unsigned long, unsigned long)
 .text._ZN9UARTClass5beginEm
                0x000864dc        0x8 arduino.ar(UARTClass.cpp.o)
                0x000864dc                UARTClass::begin(unsigned long)
 .text._ZN9UARTClass10IrqHandlerEv
                0x000864e4       0x5a arduino.ar(UARTClass.cpp.o)
                0x000864e4                UARTClass::IrqHandler()
 .text._ZN10USARTClass5beginEm
                0x0008653e        0x8 arduino.ar(USARTClass.cpp.o)
                0x0008653e                USARTClass::begin(unsigned long)
 *fill*         0x00086546        0x2 
 .text._ZN10USARTClassC2EP5Usart4IRQnmP10RingBufferS4_
                0x00086548       0x24 arduino.ar(USARTClass.cpp.o)
                0x00086548                USARTClass::USARTClass(Usart*, IRQn, unsigned long, RingBuffer*, RingBuffer*)
                0x00086548                USARTClass::USARTClass(Usart*, IRQn, unsigned long, RingBuffer*, RingBuffer*)
 .text._ZN6StringD2Ev
                0x0008656c        0xe arduino.ar(WString.cpp.o)
                0x0008656c                String::~String()
                0x0008656c                String::~String()
 .text._ZN6String10invalidateEv
                0x0008657a       0x16 arduino.ar(WString.cpp.o)
                0x0008657a                String::invalidate()
 .text._ZN6String12changeBufferEj
                0x00086590       0x18 arduino.ar(WString.cpp.o)
                0x00086590                String::changeBuffer(unsigned int)
 .text._ZN6String7reserveEj
                0x000865a8       0x22 arduino.ar(WString.cpp.o)
                0x000865a8                String::reserve(unsigned int)
 .text._ZN6String4copyEPKcj
                0x000865ca       0x26 arduino.ar(WString.cpp.o)
                0x000865ca                String::copy(char const*, unsigned int)
 .text._ZN6StringC2EPKc
                0x000865f0       0x24 arduino.ar(WString.cpp.o)
                0x000865f0                String::String(char const*)
                0x000865f0                String::String(char const*)
 .text._ZN6String4moveERS_
                0x00086614       0x3a arduino.ar(WString.cpp.o)
                0x00086614                String::move(String&)
 .text._ZN6StringaSERKS_
                0x0008664e       0x1e arduino.ar(WString.cpp.o)
                0x0008664e                String::operator=(String const&)
 .text._ZN6StringC2ERKS_
                0x0008666c       0x14 arduino.ar(WString.cpp.o)
                0x0008666c                String::String(String const&)
                0x0008666c                String::String(String const&)
 .text._ZN6StringaSEOS_
                0x00086680       0x10 arduino.ar(WString.cpp.o)
                0x00086680                String::operator=(String&&)
 .text._ZN6StringaSEPKc
                0x00086690       0x22 arduino.ar(WString.cpp.o)
                0x00086690                String::operator=(char const*)
 .text._ZN6StringC2Eih
                0x000866b2       0x24 arduino.ar(WString.cpp.o)
                0x000866b2                String::String(int, unsigned char)
                0x000866b2                String::String(int, unsigned char)
 .text._ZN6StringC2Emh
                0x000866d6       0x24 arduino.ar(WString.cpp.o)
                0x000866d6                String::String(unsigned long, unsigned char)
                0x000866d6                String::String(unsigned long, unsigned char)
 .text._ZN6StringC2Efh
                0x000866fa       0x32 arduino.ar(WString.cpp.o)
                0x000866fa                String::String(float, unsigned char)
                0x000866fa                String::String(float, unsigned char)
 .text._ZN6String6concatEPKcj
                0x0008672c       0x2e arduino.ar(WString.cpp.o)
                0x0008672c                String::concat(char const*, unsigned int)
 .text._ZN6String6concatERKS_
                0x0008675a        0xa arduino.ar(WString.cpp.o)
                0x0008675a                String::concat(String const&)
 .text._ZN6String6concatEc
                0x00086764       0x1a arduino.ar(WString.cpp.o)
                0x00086764                String::concat(char)
 .text._ZplRK15StringSumHelperc
                0x0008677e       0x14 arduino.ar(WString.cpp.o)
                0x0008677e                operator+(StringSumHelper const&, char)
 .text._ZNK6String8getBytesEPhjj
                0x00086792       0x30 arduino.ar(WString.cpp.o)
                0x00086792                String::getBytes(unsigned char*, unsigned int, unsigned int) const
 .text.ltoa     0x000867c2       0x6e arduino.ar(itoa.c.o)
                0x000867c2                ltoa
 .text.itoa     0x00086830        0x4 arduino.ar(itoa.c.o)
                0x00086830                itoa
 .text.ultoa    0x00086834       0x52 arduino.ar(itoa.c.o)
                0x00086834                ultoa
 .text.initVariant
                0x00086886        0x2 arduino.ar(main.cpp.o)
                0x00086886                initVariant
 .text.startup.main
                0x00086888       0x38 arduino.ar(main.cpp.o)
                0x00086888                main
 .text._watchdogDefaultSetup
                0x000868c0        0xc arduino.ar(watchdog.cpp.o)
                0x000868c0                _watchdogDefaultSetup
                0x000868c0                watchdogSetup()
 .text.millis   0x000868cc        0x4 arduino.ar(wiring.c.o)
                0x000868cc                millis
 .text.delay    0x000868d0       0x1c arduino.ar(wiring.c.o)
                0x000868d0                delay
 .text.mapResolution
                0x000868ec       0x12 arduino.ar(wiring_analog.c.o)
 *fill*         0x000868fe        0x2 
 .text.analogWriteResolution
                0x00086900        0xc arduino.ar(wiring_analog.c.o)
                0x00086900                analogWriteResolution
 .text.analogRead
                0x0008690c       0x9c arduino.ar(wiring_analog.c.o)
                0x0008690c                analogRead
 .text.analogOutputInit
                0x000869a8        0x2 arduino.ar(wiring_analog.c.o)
                0x000869a8                analogOutputInit
 *fill*         0x000869aa        0x2 
 .text.analogWrite
                0x000869ac      0x2c0 arduino.ar(wiring_analog.c.o)
                0x000869ac                analogWrite
 .text.pinMode  0x00086c6c      0x108 arduino.ar(wiring_digital.c.o)
                0x00086c6c                pinMode
 .text.digitalWrite
                0x00086d74       0x70 arduino.ar(wiring_digital.c.o)
                0x00086d74                digitalWrite
 .text.digitalRead
                0x00086de4       0x44 arduino.ar(wiring_digital.c.o)
                0x00086de4                digitalRead
 .text.dtostrf  0x00086e28       0x28 arduino.ar(dtostrf.c.o)
                0x00086e28                dtostrf
 .text.unlikely._ZL11USB_SendZlpv
                0x00086e50       0x20 arduino.ar(USBCore.cpp.o)
 .text._Z14USBD_Availablem
                0x00086e70       0x2c arduino.ar(USBCore.cpp.o)
                0x00086e70                USBD_Available(unsigned long)
 .text._Z9USBD_RecvmPvm
                0x00086e9c       0x7c arduino.ar(USBCore.cpp.o)
                0x00086e9c                USBD_Recv(unsigned long, void*, unsigned long)
 .text._Z9USBD_Recvm
                0x00086f18       0x22 arduino.ar(USBCore.cpp.o)
                0x00086f18                USBD_Recv(unsigned long)
 *fill*         0x00086f3a        0x2 
 .text._Z9USBD_SendmPKvm
                0x00086f3c       0x4c arduino.ar(USBCore.cpp.o)
                0x00086f3c                USBD_Send(unsigned long, void const*, unsigned long)
 .text._Z16USBD_SendControlhPKvm
                0x00086f88       0x40 arduino.ar(USBCore.cpp.o)
                0x00086f88                USBD_SendControl(unsigned char, void const*, unsigned long)
 .text.unlikely._ZL24USB_SendStringDescriptorPKhi
                0x00086fc8       0x64 arduino.ar(USBCore.cpp.o)
 .text._Z16USBD_RecvControlPvm
                0x0008702c       0x1c arduino.ar(USBCore.cpp.o)
                0x0008702c                USBD_RecvControl(void*, unsigned long)
 .text._Z26USBD_ClassInterfaceRequestR8USBSetup
                0x00087048       0x1e arduino.ar(USBCore.cpp.o)
                0x00087048                USBD_ClassInterfaceRequest(USBSetup&)
 .text._Z19USBD_SendInterfacesv
                0x00087066       0x22 arduino.ar(USBCore.cpp.o)
                0x00087066                USBD_SendInterfaces()
 .text._Z24USBD_SendOtherInterfacesv
                0x00087088       0x22 arduino.ar(USBCore.cpp.o)
                0x00087088                USBD_SendOtherInterfaces()
 .text._Z10USBD_Flushm
                0x000870aa       0x16 arduino.ar(USBCore.cpp.o)
                0x000870aa                USBD_Flush(unsigned long)
 .text._ZN10USBDevice_C2Ev
                0x000870c0       0x24 arduino.ar(USBCore.cpp.o)
                0x000870c0                USBDevice_::USBDevice_()
                0x000870c0                USBDevice_::USBDevice_()
 .text._ZN10USBDevice_6attachEv
                0x000870e4       0x20 arduino.ar(USBCore.cpp.o)
                0x000870e4                USBDevice_::attach()
 .text.startup._GLOBAL__sub_I_EndPoints
                0x00087104        0xc arduino.ar(USBCore.cpp.o)
 .text._ZL7USB_ISRv
                0x00087110      0x454 arduino.ar(USBCore.cpp.o)
 .text.__empty  0x00087564        0x2 arduino.ar(hooks.c.o)
                0x00087564                yield
 .text.__false  0x00087566        0x4 arduino.ar(hooks.c.o)
                0x00087566                sysTickHook
 .text.__halt   0x0008756a        0x2 arduino.ar(hooks.c.o)
                0x0008756a                svcHook
                0x0008756a                pendSVHook
 .text._ZN7Serial_9availableEv
                0x0008756c       0x18 arduino.ar(CDC.cpp.o)
                0x0008756c                Serial_::available()
 .text._ZN7Serial_4peekEv
                0x00087584       0x20 arduino.ar(CDC.cpp.o)
                0x00087584                Serial_::peek()
 .text._ZN7Serial_5writeEh
                0x000875a4       0x16 arduino.ar(CDC.cpp.o)
                0x000875a4                Serial_::write(unsigned char)
 *fill*         0x000875ba        0x2 
 .text._ZN7Serial_4readEv
                0x000875bc       0x44 arduino.ar(CDC.cpp.o)
                0x000875bc                Serial_::read()
 .text._ZN7Serial_5flushEv
                0x00087600        0x6 arduino.ar(CDC.cpp.o)
                0x00087600                Serial_::flush()
 *fill*         0x00087606        0x2 
 .text._ZN7Serial_6acceptEv
                0x00087608       0x70 arduino.ar(CDC.cpp.o)
                0x00087608                Serial_::accept()
 .text._ZN7Serial_5writeEPKhj
                0x00087678       0x2c arduino.ar(CDC.cpp.o)
                0x00087678                Serial_::write(unsigned char const*, unsigned int)
 .text._Z16CDC_GetInterfacePh
                0x000876a4       0x14 arduino.ar(CDC.cpp.o)
                0x000876a4                CDC_GetInterface(unsigned char*)
 .text._Z21CDC_GetOtherInterfacePh
                0x000876b8       0x14 arduino.ar(CDC.cpp.o)
                0x000876b8                CDC_GetOtherInterface(unsigned char*)
 .text._Z9CDC_SetupR8USBSetup
                0x000876cc       0x78 arduino.ar(CDC.cpp.o)
                0x000876cc                CDC_Setup(USBSetup&)
 .text.startup._GLOBAL__sub_I_cdc_rx_buffer
                0x00087744       0x1c arduino.ar(CDC.cpp.o)
 .text._ZN13PluggableUSB_12getInterfaceEPh
                0x00087760       0x28 arduino.ar(PluggableUSB.cpp.o)
                0x00087760                PluggableUSB_::getInterface(unsigned char*)
 .text._ZN13PluggableUSB_13getDescriptorER8USBSetup
                0x00087788       0x1c arduino.ar(PluggableUSB.cpp.o)
                0x00087788                PluggableUSB_::getDescriptor(USBSetup&)
 .text._ZN13PluggableUSB_12getShortNameEPc
                0x000877a4       0x1c arduino.ar(PluggableUSB.cpp.o)
                0x000877a4                PluggableUSB_::getShortName(char*)
 .text._ZN13PluggableUSB_5setupER8USBSetup
                0x000877c0       0x20 arduino.ar(PluggableUSB.cpp.o)
                0x000877c0                PluggableUSB_::setup(USBSetup&)
 .text._Z12PluggableUSBv
                0x000877e0       0x28 arduino.ar(PluggableUSB.cpp.o)
                0x000877e0                PluggableUSB()
 .text.initiateReset
                0x00087808        0xc arduino.ar(Reset.cpp.o)
                0x00087808                initiateReset
 .text.cancelReset
                0x00087814       0x10 arduino.ar(Reset.cpp.o)
                0x00087814                cancelReset
 .text.tickReset
                0x00087824       0x20 arduino.ar(Reset.cpp.o)
                0x00087824                tickReset
 .text.PIO_PullUp
                0x00087844        0xa C:/Users/Roberto/eclipse/arduinoPlugin/packages/arduino/hardware/sam/1.6.7/variants/arduino_due_x/libsam_sam3x8e_gcc_rel.a(pio.o)
                0x00087844                PIO_PullUp
 .text.PIO_Get  0x0008784e       0x14 C:/Users/Roberto/eclipse/arduinoPlugin/packages/arduino/hardware/sam/1.6.7/variants/arduino_due_x/libsam_sam3x8e_gcc_rel.a(pio.o)
                0x0008784e                PIO_Get
 .text.PIO_SetPeripheral
                0x00087862       0x26 C:/Users/Roberto/eclipse/arduinoPlugin/packages/arduino/hardware/sam/1.6.7/variants/arduino_due_x/libsam_sam3x8e_gcc_rel.a(pio.o)
                0x00087862                PIO_SetPeripheral
 .text.PIO_SetInput
                0x00087888       0x26 C:/Users/Roberto/eclipse/arduinoPlugin/packages/arduino/hardware/sam/1.6.7/variants/arduino_due_x/libsam_sam3x8e_gcc_rel.a(pio.o)
                0x00087888                PIO_SetInput
 .text.PIO_SetOutput
                0x000878ae       0x24 C:/Users/Roberto/eclipse/arduinoPlugin/packages/arduino/hardware/sam/1.6.7/variants/arduino_due_x/libsam_sam3x8e_gcc_rel.a(pio.o)
                0x000878ae                PIO_SetOutput
 *fill*         0x000878d2        0x2 
 .text.PIO_Configure
                0x000878d4       0x64 C:/Users/Roberto/eclipse/arduinoPlugin/packages/arduino/hardware/sam/1.6.7/variants/arduino_due_x/libsam_sam3x8e_gcc_rel.a(pio.o)
                0x000878d4                PIO_Configure
 .text.PIO_GetOutputDataStatus
                0x00087938       0x14 C:/Users/Roberto/eclipse/arduinoPlugin/packages/arduino/hardware/sam/1.6.7/variants/arduino_due_x/libsam_sam3x8e_gcc_rel.a(pio.o)
                0x00087938                PIO_GetOutputDataStatus
 .text.pmc_enable_upll_clock
                0x0008794c       0x14 C:/Users/Roberto/eclipse/arduinoPlugin/packages/arduino/hardware/sam/1.6.7/variants/arduino_due_x/libsam_sam3x8e_gcc_rel.a(pmc.o)
                0x0008794c                pmc_enable_upll_clock
 .text.pmc_enable_periph_clk
                0x00087960       0x44 C:/Users/Roberto/eclipse/arduinoPlugin/packages/arduino/hardware/sam/1.6.7/variants/arduino_due_x/libsam_sam3x8e_gcc_rel.a(pmc.o)
                0x00087960                pmc_enable_periph_clk
 .text.pmc_disable_periph_clk
                0x000879a4       0x40 C:/Users/Roberto/eclipse/arduinoPlugin/packages/arduino/hardware/sam/1.6.7/variants/arduino_due_x/libsam_sam3x8e_gcc_rel.a(pmc.o)
                0x000879a4                pmc_disable_periph_clk
 .text.pmc_switch_udpck_to_upllck
                0x000879e4       0x14 C:/Users/Roberto/eclipse/arduinoPlugin/packages/arduino/hardware/sam/1.6.7/variants/arduino_due_x/libsam_sam3x8e_gcc_rel.a(pmc.o)
                0x000879e4                pmc_switch_udpck_to_upllck
 .text.pmc_enable_udpck
                0x000879f8        0xc C:/Users/Roberto/eclipse/arduinoPlugin/packages/arduino/hardware/sam/1.6.7/variants/arduino_due_x/libsam_sam3x8e_gcc_rel.a(pmc.o)
                0x000879f8                pmc_enable_udpck
 .text.pmc_set_writeprotect
                0x00087a04       0x1c C:/Users/Roberto/eclipse/arduinoPlugin/packages/arduino/hardware/sam/1.6.7/variants/arduino_due_x/libsam_sam3x8e_gcc_rel.a(pmc.o)
                0x00087a04                pmc_set_writeprotect
 .text.FindClockConfiguration
                0x00087a20       0x7c C:/Users/Roberto/eclipse/arduinoPlugin/packages/arduino/hardware/sam/1.6.7/variants/arduino_due_x/libsam_sam3x8e_gcc_rel.a(pwmc.o)
 .text.PWMC_ConfigureChannel
                0x00087a9c       0x60 C:/Users/Roberto/eclipse/arduinoPlugin/packages/arduino/hardware/sam/1.6.7/variants/arduino_due_x/libsam_sam3x8e_gcc_rel.a(pwmc.o)
                0x00087a9c                PWMC_ConfigureChannel
 .text.PWMC_ConfigureClocks
                0x00087afc       0x54 C:/Users/Roberto/eclipse/arduinoPlugin/packages/arduino/hardware/sam/1.6.7/variants/arduino_due_x/libsam_sam3x8e_gcc_rel.a(pwmc.o)
                0x00087afc                PWMC_ConfigureClocks
 .text.PWMC_SetPeriod
                0x00087b50       0x1a C:/Users/Roberto/eclipse/arduinoPlugin/packages/arduino/hardware/sam/1.6.7/variants/arduino_due_x/libsam_sam3x8e_gcc_rel.a(pwmc.o)
                0x00087b50                PWMC_SetPeriod
 *fill*         0x00087b6a        0x2 
 .text.PWMC_SetDutyCycle
                0x00087b6c       0x44 C:/Users/Roberto/eclipse/arduinoPlugin/packages/arduino/hardware/sam/1.6.7/variants/arduino_due_x/libsam_sam3x8e_gcc_rel.a(pwmc.o)
                0x00087b6c                PWMC_SetDutyCycle
 .text.PWMC_EnableChannel
                0x00087bb0        0xa C:/Users/Roberto/eclipse/arduinoPlugin/packages/arduino/hardware/sam/1.6.7/variants/arduino_due_x/libsam_sam3x8e_gcc_rel.a(pwmc.o)
                0x00087bb0                PWMC_EnableChannel
 .text.SPI_ConfigureNPCS
                0x00087bba        0x8 C:/Users/Roberto/eclipse/arduinoPlugin/packages/arduino/hardware/sam/1.6.7/variants/arduino_due_x/libsam_sam3x8e_gcc_rel.a(spi.o)
                0x00087bba                SPI_ConfigureNPCS
 *fill*         0x00087bc2        0x2 
 .text.TC_Configure
                0x00087bc4       0x38 C:/Users/Roberto/eclipse/arduinoPlugin/packages/arduino/hardware/sam/1.6.7/variants/arduino_due_x/libsam_sam3x8e_gcc_rel.a(tc.o)
                0x00087bc4                TC_Configure
 .text.TC_Start
                0x00087bfc       0x2c C:/Users/Roberto/eclipse/arduinoPlugin/packages/arduino/hardware/sam/1.6.7/variants/arduino_due_x/libsam_sam3x8e_gcc_rel.a(tc.o)
                0x00087bfc                TC_Start
 .text.TC_GetStatus
                0x00087c28        0x8 C:/Users/Roberto/eclipse/arduinoPlugin/packages/arduino/hardware/sam/1.6.7/variants/arduino_due_x/libsam_sam3x8e_gcc_rel.a(tc.o)
                0x00087c28                TC_GetStatus
 .text.TC_SetRA
                0x00087c30        0x8 C:/Users/Roberto/eclipse/arduinoPlugin/packages/arduino/hardware/sam/1.6.7/variants/arduino_due_x/libsam_sam3x8e_gcc_rel.a(tc.o)
                0x00087c30                TC_SetRA
 .text.TC_SetRB
                0x00087c38        0x8 C:/Users/Roberto/eclipse/arduinoPlugin/packages/arduino/hardware/sam/1.6.7/variants/arduino_due_x/libsam_sam3x8e_gcc_rel.a(tc.o)
                0x00087c38                TC_SetRB
 .text.TC_SetRC
                0x00087c40        0x8 C:/Users/Roberto/eclipse/arduinoPlugin/packages/arduino/hardware/sam/1.6.7/variants/arduino_due_x/libsam_sam3x8e_gcc_rel.a(tc.o)
                0x00087c40                TC_SetRC
 .text.TimeTick_Increment
                0x00087c48       0x10 C:/Users/Roberto/eclipse/arduinoPlugin/packages/arduino/hardware/sam/1.6.7/variants/arduino_due_x/libsam_sam3x8e_gcc_rel.a(timetick.o)
                0x00087c48                TimeTick_Increment
 .text.GetTickCount
                0x00087c58        0xc C:/Users/Roberto/eclipse/arduinoPlugin/packages/arduino/hardware/sam/1.6.7/variants/arduino_due_x/libsam_sam3x8e_gcc_rel.a(timetick.o)
                0x00087c58                GetTickCount
 .text.WDT_Disable
                0x00087c64        0x8 C:/Users/Roberto/eclipse/arduinoPlugin/packages/arduino/hardware/sam/1.6.7/variants/arduino_due_x/libsam_sam3x8e_gcc_rel.a(wdt.o)
                0x00087c64                WDT_Disable
 .text.SystemInit
                0x00087c6c       0x88 C:/Users/Roberto/eclipse/arduinoPlugin/packages/arduino/hardware/sam/1.6.7/variants/arduino_due_x/libsam_sam3x8e_gcc_rel.a(system_sam3xa.o)
                0x00087c6c                SystemInit
 .text.Reset_Handler
                0x00087cf4       0x78 C:/Users/Roberto/eclipse/arduinoPlugin/packages/arduino/hardware/sam/1.6.7/variants/arduino_due_x/libsam_sam3x8e_gcc_rel.a(startup_sam3xa.o)
                0x00087cf4                Reset_Handler
 .text.adc_init
                0x00087d6c       0x98 C:/Users/Roberto/eclipse/arduinoPlugin/packages/arduino/hardware/sam/1.6.7/variants/arduino_due_x/libsam_sam3x8e_gcc_rel.a(adc.o)
                0x00087d6c                adc_init
 .text.adc_configure_trigger
                0x00087e04        0xe C:/Users/Roberto/eclipse/arduinoPlugin/packages/arduino/hardware/sam/1.6.7/variants/arduino_due_x/libsam_sam3x8e_gcc_rel.a(adc.o)
                0x00087e04                adc_configure_trigger
 .text.adc_configure_timing
                0x00087e12       0x1a C:/Users/Roberto/eclipse/arduinoPlugin/packages/arduino/hardware/sam/1.6.7/variants/arduino_due_x/libsam_sam3x8e_gcc_rel.a(adc.o)
                0x00087e12                adc_configure_timing
 .text.adc_start
                0x00087e2c        0x6 C:/Users/Roberto/eclipse/arduinoPlugin/packages/arduino/hardware/sam/1.6.7/variants/arduino_due_x/libsam_sam3x8e_gcc_rel.a(adc.o)
                0x00087e2c                adc_start
 .text.adc_enable_channel
                0x00087e32        0xa C:/Users/Roberto/eclipse/arduinoPlugin/packages/arduino/hardware/sam/1.6.7/variants/arduino_due_x/libsam_sam3x8e_gcc_rel.a(adc.o)
                0x00087e32                adc_enable_channel
 .text.adc_disable_channel
                0x00087e3c        0xa C:/Users/Roberto/eclipse/arduinoPlugin/packages/arduino/hardware/sam/1.6.7/variants/arduino_due_x/libsam_sam3x8e_gcc_rel.a(adc.o)
                0x00087e3c                adc_disable_channel
 .text.adc_disable_all_channel
                0x00087e46        0x8 C:/Users/Roberto/eclipse/arduinoPlugin/packages/arduino/hardware/sam/1.6.7/variants/arduino_due_x/libsam_sam3x8e_gcc_rel.a(adc.o)
                0x00087e46                adc_disable_all_channel
 .text.adc_get_channel_status
                0x00087e4e        0xa C:/Users/Roberto/eclipse/arduinoPlugin/packages/arduino/hardware/sam/1.6.7/variants/arduino_due_x/libsam_sam3x8e_gcc_rel.a(adc.o)
                0x00087e4e                adc_get_channel_status
 .text.adc_get_latest_value
                0x00087e58        0x4 C:/Users/Roberto/eclipse/arduinoPlugin/packages/arduino/hardware/sam/1.6.7/variants/arduino_due_x/libsam_sam3x8e_gcc_rel.a(adc.o)
                0x00087e58                adc_get_latest_value
 .text.adc_disable_interrupt
                0x00087e5c        0x4 C:/Users/Roberto/eclipse/arduinoPlugin/packages/arduino/hardware/sam/1.6.7/variants/arduino_due_x/libsam_sam3x8e_gcc_rel.a(adc.o)
                0x00087e5c                adc_disable_interrupt
 .text.adc_get_status
                0x00087e60        0x4 C:/Users/Roberto/eclipse/arduinoPlugin/packages/arduino/hardware/sam/1.6.7/variants/arduino_due_x/libsam_sam3x8e_gcc_rel.a(adc.o)
                0x00087e60                adc_get_status
 .text.UOTGHS_Handler
                0x00087e64       0x10 C:/Users/Roberto/eclipse/arduinoPlugin/packages/arduino/hardware/sam/1.6.7/variants/arduino_due_x/libsam_sam3x8e_gcc_rel.a(uotghs.o)
                0x00087e64                UOTGHS_Handler
 .text.UDD_SetStack
                0x00087e74        0xc C:/Users/Roberto/eclipse/arduinoPlugin/packages/arduino/hardware/sam/1.6.7/variants/arduino_due_x/libsam_sam3x8e_gcc_rel.a(uotghs_device.o)
                0x00087e74                UDD_SetStack
 .text.UDD_Init
                0x00087e80       0xd0 C:/Users/Roberto/eclipse/arduinoPlugin/packages/arduino/hardware/sam/1.6.7/variants/arduino_due_x/libsam_sam3x8e_gcc_rel.a(uotghs_device.o)
                0x00087e80                UDD_Init
 .text.UDD_Attach
                0x00087f50       0x50 C:/Users/Roberto/eclipse/arduinoPlugin/packages/arduino/hardware/sam/1.6.7/variants/arduino_due_x/libsam_sam3x8e_gcc_rel.a(uotghs_device.o)
                0x00087f50                UDD_Attach
 .text.UDD_InitEP
                0x00087fa0       0x2c C:/Users/Roberto/eclipse/arduinoPlugin/packages/arduino/hardware/sam/1.6.7/variants/arduino_due_x/libsam_sam3x8e_gcc_rel.a(uotghs_device.o)
                0x00087fa0                UDD_InitEP
 .text.UDD_InitEndpoints
                0x00087fcc       0x3c C:/Users/Roberto/eclipse/arduinoPlugin/packages/arduino/hardware/sam/1.6.7/variants/arduino_due_x/libsam_sam3x8e_gcc_rel.a(uotghs_device.o)
                0x00087fcc                UDD_InitEndpoints
 .text.UDD_WaitIN
                0x00088008       0x10 C:/Users/Roberto/eclipse/arduinoPlugin/packages/arduino/hardware/sam/1.6.7/variants/arduino_due_x/libsam_sam3x8e_gcc_rel.a(uotghs_device.o)
                0x00088008                UDD_WaitIN
 .text.UDD_WaitOUT
                0x00088018       0x10 C:/Users/Roberto/eclipse/arduinoPlugin/packages/arduino/hardware/sam/1.6.7/variants/arduino_due_x/libsam_sam3x8e_gcc_rel.a(uotghs_device.o)
                0x00088018                UDD_WaitOUT
 .text.UDD_ClearIN
                0x00088028       0x18 C:/Users/Roberto/eclipse/arduinoPlugin/packages/arduino/hardware/sam/1.6.7/variants/arduino_due_x/libsam_sam3x8e_gcc_rel.a(uotghs_device.o)
                0x00088028                UDD_ClearIN
 .text.UDD_ClearOUT
                0x00088040       0x18 C:/Users/Roberto/eclipse/arduinoPlugin/packages/arduino/hardware/sam/1.6.7/variants/arduino_due_x/libsam_sam3x8e_gcc_rel.a(uotghs_device.o)
                0x00088040                UDD_ClearOUT
 .text.UDD_ReceivedSetupInt
                0x00088058       0x10 C:/Users/Roberto/eclipse/arduinoPlugin/packages/arduino/hardware/sam/1.6.7/variants/arduino_due_x/libsam_sam3x8e_gcc_rel.a(uotghs_device.o)
                0x00088058                UDD_ReceivedSetupInt
 .text.UDD_ClearSetupInt
                0x00088068       0x10 C:/Users/Roberto/eclipse/arduinoPlugin/packages/arduino/hardware/sam/1.6.7/variants/arduino_due_x/libsam_sam3x8e_gcc_rel.a(uotghs_device.o)
                0x00088068                UDD_ClearSetupInt
 .text.UDD_Send
                0x00088078       0x88 C:/Users/Roberto/eclipse/arduinoPlugin/packages/arduino/hardware/sam/1.6.7/variants/arduino_due_x/libsam_sam3x8e_gcc_rel.a(uotghs_device.o)
                0x00088078                UDD_Send
 .text.UDD_Send8
                0x00088100       0x24 C:/Users/Roberto/eclipse/arduinoPlugin/packages/arduino/hardware/sam/1.6.7/variants/arduino_due_x/libsam_sam3x8e_gcc_rel.a(uotghs_device.o)
                0x00088100                UDD_Send8
 .text.UDD_Recv8
                0x00088124       0x28 C:/Users/Roberto/eclipse/arduinoPlugin/packages/arduino/hardware/sam/1.6.7/variants/arduino_due_x/libsam_sam3x8e_gcc_rel.a(uotghs_device.o)
                0x00088124                UDD_Recv8
 .text.UDD_Recv
                0x0008814c       0x34 C:/Users/Roberto/eclipse/arduinoPlugin/packages/arduino/hardware/sam/1.6.7/variants/arduino_due_x/libsam_sam3x8e_gcc_rel.a(uotghs_device.o)
                0x0008814c                UDD_Recv
 .text.UDD_Stall
                0x00088180       0x14 C:/Users/Roberto/eclipse/arduinoPlugin/packages/arduino/hardware/sam/1.6.7/variants/arduino_due_x/libsam_sam3x8e_gcc_rel.a(uotghs_device.o)
                0x00088180                UDD_Stall
 .text.UDD_FifoByteCount
                0x00088194       0x14 C:/Users/Roberto/eclipse/arduinoPlugin/packages/arduino/hardware/sam/1.6.7/variants/arduino_due_x/libsam_sam3x8e_gcc_rel.a(uotghs_device.o)
                0x00088194                UDD_FifoByteCount
 .text.UDD_ReleaseRX
                0x000881a8       0x28 C:/Users/Roberto/eclipse/arduinoPlugin/packages/arduino/hardware/sam/1.6.7/variants/arduino_due_x/libsam_sam3x8e_gcc_rel.a(uotghs_device.o)
                0x000881a8                UDD_ReleaseRX
 .text.UDD_ReleaseTX
                0x000881d0       0x28 C:/Users/Roberto/eclipse/arduinoPlugin/packages/arduino/hardware/sam/1.6.7/variants/arduino_due_x/libsam_sam3x8e_gcc_rel.a(uotghs_device.o)
                0x000881d0                UDD_ReleaseTX
 .text.UDD_SetAddress
                0x000881f8       0x20 C:/Users/Roberto/eclipse/arduinoPlugin/packages/arduino/hardware/sam/1.6.7/variants/arduino_due_x/libsam_sam3x8e_gcc_rel.a(uotghs_device.o)
                0x000881f8                UDD_SetAddress
 .text.dacc_reset
                0x00088218        0x6 C:/Users/Roberto/eclipse/arduinoPlugin/packages/arduino/hardware/sam/1.6.7/variants/arduino_due_x/libsam_sam3x8e_gcc_rel.a(dacc.o)
                0x00088218                dacc_reset
 .text.dacc_set_transfer_mode
                0x0008821e       0x14 C:/Users/Roberto/eclipse/arduinoPlugin/packages/arduino/hardware/sam/1.6.7/variants/arduino_due_x/libsam_sam3x8e_gcc_rel.a(dacc.o)
                0x0008821e                dacc_set_transfer_mode
 .text.dacc_get_interrupt_status
                0x00088232        0x4 C:/Users/Roberto/eclipse/arduinoPlugin/packages/arduino/hardware/sam/1.6.7/variants/arduino_due_x/libsam_sam3x8e_gcc_rel.a(dacc.o)
                0x00088232                dacc_get_interrupt_status
 .text.dacc_write_conversion_data
                0x00088236        0x4 C:/Users/Roberto/eclipse/arduinoPlugin/packages/arduino/hardware/sam/1.6.7/variants/arduino_due_x/libsam_sam3x8e_gcc_rel.a(dacc.o)
                0x00088236                dacc_write_conversion_data
 .text.dacc_set_channel_selection
                0x0008823a       0x18 C:/Users/Roberto/eclipse/arduinoPlugin/packages/arduino/hardware/sam/1.6.7/variants/arduino_due_x/libsam_sam3x8e_gcc_rel.a(dacc.o)
                0x0008823a                dacc_set_channel_selection
 .text.dacc_set_power_save
                0x00088252       0x24 C:/Users/Roberto/eclipse/arduinoPlugin/packages/arduino/hardware/sam/1.6.7/variants/arduino_due_x/libsam_sam3x8e_gcc_rel.a(dacc.o)
                0x00088252                dacc_set_power_save
 .text.dacc_set_timing
                0x00088276       0x2c C:/Users/Roberto/eclipse/arduinoPlugin/packages/arduino/hardware/sam/1.6.7/variants/arduino_due_x/libsam_sam3x8e_gcc_rel.a(dacc.o)
                0x00088276                dacc_set_timing
 .text.dacc_enable_channel
                0x000882a2       0x12 C:/Users/Roberto/eclipse/arduinoPlugin/packages/arduino/hardware/sam/1.6.7/variants/arduino_due_x/libsam_sam3x8e_gcc_rel.a(dacc.o)
                0x000882a2                dacc_enable_channel
 .text.dacc_get_channel_status
                0x000882b4        0x4 C:/Users/Roberto/eclipse/arduinoPlugin/packages/arduino/hardware/sam/1.6.7/variants/arduino_due_x/libsam_sam3x8e_gcc_rel.a(dacc.o)
                0x000882b4                dacc_get_channel_status
 .text.dacc_set_analog_control
                0x000882b8        0x8 C:/Users/Roberto/eclipse/arduinoPlugin/packages/arduino/hardware/sam/1.6.7/variants/arduino_due_x/libsam_sam3x8e_gcc_rel.a(dacc.o)
                0x000882b8                dacc_set_analog_control
 .text.PIOA_Handler
                0x000882c0       0x38 arduino.ar(WInterrupts.c.o)
                0x000882c0                PIOA_Handler
 .text.PIOB_Handler
                0x000882f8       0x38 arduino.ar(WInterrupts.c.o)
                0x000882f8                PIOB_Handler
 .text.PIOC_Handler
                0x00088330       0x38 arduino.ar(WInterrupts.c.o)
                0x00088330                PIOC_Handler
 .text.PIOD_Handler
                0x00088368       0x38 arduino.ar(WInterrupts.c.o)
                0x00088368                PIOD_Handler
 .text.__halt   0x000883a0        0x2 arduino.ar(cortex_handlers.c.o)
                0x000883a0                DACC_Handler
                0x000883a0                DebugMon_Handler
                0x000883a0                DMAC_Handler
                0x000883a0                TRNG_Handler
                0x000883a0                HardFault_Handler
                0x000883a0                TC2_Handler
                0x000883a0                TWI1_Handler
                0x000883a0                NMI_Handler
                0x000883a0                TC7_Handler
                0x000883a0                ADC_Handler
                0x000883a0                SMC_Handler
                0x000883a0                RTT_Handler
                0x000883a0                EFC1_Handler
                0x000883a0                RTC_Handler
                0x000883a0                UsageFault_Handler
                0x000883a0                TC6_Handler
                0x000883a0                WDT_Handler
                0x000883a0                CAN0_Handler
                0x000883a0                TC1_Handler
                0x000883a0                HSMCI_Handler
                0x000883a0                TWI0_Handler
                0x000883a0                SSC_Handler
                0x000883a0                EFC0_Handler
                0x000883a0                PMC_Handler
                0x000883a0                PWM_Handler
                0x000883a0                CAN1_Handler
                0x000883a0                MemManage_Handler
                0x000883a0                SUPC_Handler
                0x000883a0                TC8_Handler
                0x000883a0                USART2_Handler
                0x000883a0                EMAC_Handler
                0x000883a0                BusFault_Handler
                0x000883a0                RSTC_Handler
                0x000883a0                TC0_Handler
                0x000883a0                TC5_Handler
                0x000883a0                SPI0_Handler
 .text.SVC_Handler
                0x000883a2        0x4 arduino.ar(cortex_handlers.c.o)
                0x000883a2                SVC_Handler
 .text.PendSV_Handler
                0x000883a6        0x4 arduino.ar(cortex_handlers.c.o)
                0x000883a6                PendSV_Handler
 .text.SysTick_Handler
                0x000883aa       0x16 arduino.ar(cortex_handlers.c.o)
                0x000883aa                SysTick_Handler
 .text.cos      0x000883c0       0x8c c:/users/roberto/eclipse/arduinoplugin/tools/arduino/arm-none-eabi-gcc/4.8.3-2014q1/bin/../lib/gcc/arm-none-eabi/4.8.3/../../../../arm-none-eabi/lib/armv7-m\libm.a(lib_a-s_cos.o)
                0x000883c0                cos
 *fill*         0x0008844c        0x4 
 .text.floor    0x00088450      0x120 c:/users/roberto/eclipse/arduinoplugin/tools/arduino/arm-none-eabi-gcc/4.8.3-2014q1/bin/../lib/gcc/arm-none-eabi/4.8.3/../../../../arm-none-eabi/lib/armv7-m\libm.a(lib_a-s_floor.o)
                0x00088450                floor
 .text.__fpclassifyd
                0x00088570       0x50 c:/users/roberto/eclipse/arduinoplugin/tools/arduino/arm-none-eabi-gcc/4.8.3-2014q1/bin/../lib/gcc/arm-none-eabi/4.8.3/../../../../arm-none-eabi/lib/armv7-m\libm.a(lib_a-s_fpclassify.o)
                0x00088570                __fpclassifyd
 .text.sin      0x000885c0       0x94 c:/users/roberto/eclipse/arduinoplugin/tools/arduino/arm-none-eabi-gcc/4.8.3-2014q1/bin/../lib/gcc/arm-none-eabi/4.8.3/../../../../arm-none-eabi/lib/armv7-m\libm.a(lib_a-s_sin.o)
                0x000885c0                sin
 *fill*         0x00088654        0x4 
 .text.__ieee754_rem_pio2
                0x00088658      0x440 c:/users/roberto/eclipse/arduinoplugin/tools/arduino/arm-none-eabi-gcc/4.8.3-2014q1/bin/../lib/gcc/arm-none-eabi/4.8.3/../../../../arm-none-eabi/lib/armv7-m\libm.a(lib_a-e_rem_pio2.o)
                0x00088658                __ieee754_rem_pio2
 .text.__kernel_cos
                0x00088a98      0x248 c:/users/roberto/eclipse/arduinoplugin/tools/arduino/arm-none-eabi-gcc/4.8.3-2014q1/bin/../lib/gcc/arm-none-eabi/4.8.3/../../../../arm-none-eabi/lib/armv7-m\libm.a(lib_a-k_cos.o)
                0x00088a98                __kernel_cos
 .text.__kernel_rem_pio2
                0x00088ce0      0x7bc c:/users/roberto/eclipse/arduinoplugin/tools/arduino/arm-none-eabi-gcc/4.8.3-2014q1/bin/../lib/gcc/arm-none-eabi/4.8.3/../../../../arm-none-eabi/lib/armv7-m\libm.a(lib_a-k_rem_pio2.o)
                0x00088ce0                __kernel_rem_pio2
 *fill*         0x0008949c        0x4 
 .text.__kernel_sin
                0x000894a0      0x170 c:/users/roberto/eclipse/arduinoplugin/tools/arduino/arm-none-eabi-gcc/4.8.3-2014q1/bin/../lib/gcc/arm-none-eabi/4.8.3/../../../../arm-none-eabi/lib/armv7-m\libm.a(lib_a-k_sin.o)
                0x000894a0                __kernel_sin
 .text.fabs     0x00089610        0x8 c:/users/roberto/eclipse/arduinoplugin/tools/arduino/arm-none-eabi-gcc/4.8.3-2014q1/bin/../lib/gcc/arm-none-eabi/4.8.3/../../../../arm-none-eabi/lib/armv7-m\libm.a(lib_a-s_fabs.o)
                0x00089610                fabs
 .text.scalbn   0x00089618      0x100 c:/users/roberto/eclipse/arduinoplugin/tools/arduino/arm-none-eabi-gcc/4.8.3-2014q1/bin/../lib/gcc/arm-none-eabi/4.8.3/../../../../arm-none-eabi/lib/armv7-m\libm.a(lib_a-s_scalbn.o)
                0x00089618                scalbn
 .text.copysign
                0x00089718       0x14 c:/users/roberto/eclipse/arduinoplugin/tools/arduino/arm-none-eabi-gcc/4.8.3-2014q1/bin/../lib/gcc/arm-none-eabi/4.8.3/../../../../arm-none-eabi/lib/armv7-m\libm.a(lib_a-s_copysign.o)
                0x00089718                copysign
 .text          0x0008972c      0x370 c:/users/roberto/eclipse/arduinoplugin/tools/arduino/arm-none-eabi-gcc/4.8.3-2014q1/bin/../lib/gcc/arm-none-eabi/4.8.3/armv7-m\libgcc.a(_arm_addsubdf3.o)
                0x0008972c                __aeabi_drsub
                0x00089734                __aeabi_dsub
                0x00089734                __subdf3
                0x00089738                __aeabi_dadd
                0x00089738                __adddf3
                0x000899b0                __floatunsidf
                0x000899b0                __aeabi_ui2d
                0x000899d0                __floatsidf
                0x000899d0                __aeabi_i2d
                0x000899f4                __aeabi_f2d
                0x000899f4                __extendsfdf2
                0x00089a30                __floatundidf
                0x00089a30                __aeabi_ul2d
                0x00089a40                __floatdidf
                0x00089a40                __aeabi_l2d
 .text          0x00089a9c      0x424 c:/users/roberto/eclipse/arduinoplugin/tools/arduino/arm-none-eabi-gcc/4.8.3-2014q1/bin/../lib/gcc/arm-none-eabi/4.8.3/armv7-m\libgcc.a(_arm_muldivdf3.o)
                0x00089a9c                __aeabi_dmul
                0x00089a9c                __muldf3
                0x00089cf0                __divdf3
                0x00089cf0                __aeabi_ddiv
 .text          0x00089ec0      0x110 c:/users/roberto/eclipse/arduinoplugin/tools/arduino/arm-none-eabi-gcc/4.8.3-2014q1/bin/../lib/gcc/arm-none-eabi/4.8.3/armv7-m\libgcc.a(_arm_cmpdf2.o)
                0x00089ec0                __gtdf2
                0x00089ec0                __gedf2
                0x00089ec8                __ltdf2
                0x00089ec8                __ledf2
                0x00089ed0                __nedf2
                0x00089ed0                __eqdf2
                0x00089ed0                __cmpdf2
                0x00089f4c                __aeabi_cdrcmple
                0x00089f5c                __aeabi_cdcmpeq
                0x00089f5c                __aeabi_cdcmple
                0x00089f6c                __aeabi_dcmpeq
                0x00089f80                __aeabi_dcmplt
                0x00089f94                __aeabi_dcmple
                0x00089fa8                __aeabi_dcmpge
                0x00089fbc                __aeabi_dcmpgt
 .text          0x00089fd0       0x50 c:/users/roberto/eclipse/arduinoplugin/tools/arduino/arm-none-eabi-gcc/4.8.3-2014q1/bin/../lib/gcc/arm-none-eabi/4.8.3/armv7-m\libgcc.a(_arm_fixdfsi.o)
                0x00089fd0                __aeabi_d2iz
                0x00089fd0                __fixdfsi
 .text          0x0008a020       0xa0 c:/users/roberto/eclipse/arduinoplugin/tools/arduino/arm-none-eabi-gcc/4.8.3-2014q1/bin/../lib/gcc/arm-none-eabi/4.8.3/armv7-m\libgcc.a(_arm_truncdfsf2.o)
                0x0008a020                __truncdfsf2
                0x0008a020                __aeabi_d2f
 .text          0x0008a0c0      0x21c c:/users/roberto/eclipse/arduinoplugin/tools/arduino/arm-none-eabi-gcc/4.8.3-2014q1/bin/../lib/gcc/arm-none-eabi/4.8.3/armv7-m\libgcc.a(_arm_addsubsf3.o)
                0x0008a0c0                __aeabi_frsub
                0x0008a0c8                __subsf3
                0x0008a0c8                __aeabi_fsub
                0x0008a0cc                __aeabi_fadd
                0x0008a0cc                __addsf3
                0x0008a22c                __aeabi_ui2f
                0x0008a22c                __floatunsisf
                0x0008a234                __aeabi_i2f
                0x0008a234                __floatsisf
                0x0008a250                __aeabi_ul2f
                0x0008a250                __floatundisf
                0x0008a260                __aeabi_l2f
                0x0008a260                __floatdisf
 .text          0x0008a2dc      0x2a0 c:/users/roberto/eclipse/arduinoplugin/tools/arduino/arm-none-eabi-gcc/4.8.3-2014q1/bin/../lib/gcc/arm-none-eabi/4.8.3/armv7-m\libgcc.a(_arm_muldivsf3.o)
                0x0008a2dc                __mulsf3
                0x0008a2dc                __aeabi_fmul
                0x0008a444                __aeabi_fdiv
                0x0008a444                __divsf3
 .text          0x0008a57c       0xec c:/users/roberto/eclipse/arduinoplugin/tools/arduino/arm-none-eabi-gcc/4.8.3-2014q1/bin/../lib/gcc/arm-none-eabi/4.8.3/armv7-m\libgcc.a(_arm_cmpsf2.o)
                0x0008a57c                __gesf2
                0x0008a57c                __gtsf2
                0x0008a584                __lesf2
                0x0008a584                __ltsf2
                0x0008a58c                __nesf2
                0x0008a58c                __eqsf2
                0x0008a58c                __cmpsf2
                0x0008a5ec                __aeabi_cfrcmple
                0x0008a5f4                __aeabi_cfcmpeq
                0x0008a5f4                __aeabi_cfcmple
                0x0008a604                __aeabi_fcmpeq
                0x0008a618                __aeabi_fcmplt
                0x0008a62c                __aeabi_fcmple
                0x0008a640                __aeabi_fcmpge
                0x0008a654                __aeabi_fcmpgt
 .text.__aeabi_atexit
                0x0008a668        0xc c:/users/roberto/eclipse/arduinoplugin/tools/arduino/arm-none-eabi-gcc/4.8.3-2014q1/bin/../lib/gcc/arm-none-eabi/4.8.3/../../../../arm-none-eabi/lib/armv7-m\libg.a(lib_a-aeabi_atexit.o)
                0x0008a668                __aeabi_atexit
 .text.__assert_func
                0x0008a674       0x3c c:/users/roberto/eclipse/arduinoplugin/tools/arduino/arm-none-eabi-gcc/4.8.3-2014q1/bin/../lib/gcc/arm-none-eabi/4.8.3/../../../../arm-none-eabi/lib/armv7-m\libg.a(lib_a-assert.o)
                0x0008a674                __assert_func
 .text.__cxa_atexit
                0x0008a6b0       0x14 c:/users/roberto/eclipse/arduinoplugin/tools/arduino/arm-none-eabi-gcc/4.8.3-2014q1/bin/../lib/gcc/arm-none-eabi/4.8.3/../../../../arm-none-eabi/lib/armv7-m\libg.a(lib_a-cxa_atexit.o)
                0x0008a6b0                __cxa_atexit
 .text.fiprintf
                0x0008a6c4       0x28 c:/users/roberto/eclipse/arduinoplugin/tools/arduino/arm-none-eabi-gcc/4.8.3-2014q1/bin/../lib/gcc/arm-none-eabi/4.8.3/../../../../arm-none-eabi/lib/armv7-m\libg.a(lib_a-fiprintf.o)
                0x0008a6c4                fiprintf
 .text.__libc_init_array
                0x0008a6ec       0x50 c:/users/roberto/eclipse/arduinoplugin/tools/arduino/arm-none-eabi-gcc/4.8.3-2014q1/bin/../lib/gcc/arm-none-eabi/4.8.3/../../../../arm-none-eabi/lib/armv7-m\libg.a(lib_a-init.o)
                0x0008a6ec                __libc_init_array
 .text.iprintf  0x0008a73c       0x28 c:/users/roberto/eclipse/arduinoplugin/tools/arduino/arm-none-eabi-gcc/4.8.3-2014q1/bin/../lib/gcc/arm-none-eabi/4.8.3/../../../../arm-none-eabi/lib/armv7-m\libg.a(lib_a-iprintf.o)
                0x0008a73c                iprintf
 .text.malloc   0x0008a764       0x10 c:/users/roberto/eclipse/arduinoplugin/tools/arduino/arm-none-eabi-gcc/4.8.3-2014q1/bin/../lib/gcc/arm-none-eabi/4.8.3/../../../../arm-none-eabi/lib/armv7-m\libg.a(lib_a-malloc.o)
                0x0008a764                malloc
 .text.free     0x0008a774       0x10 c:/users/roberto/eclipse/arduinoplugin/tools/arduino/arm-none-eabi-gcc/4.8.3-2014q1/bin/../lib/gcc/arm-none-eabi/4.8.3/../../../../arm-none-eabi/lib/armv7-m\libg.a(lib_a-malloc.o)
                0x0008a774                free
 .text._malloc_r
                0x0008a784      0x538 c:/users/roberto/eclipse/arduinoplugin/tools/arduino/arm-none-eabi-gcc/4.8.3-2014q1/bin/../lib/gcc/arm-none-eabi/4.8.3/../../../../arm-none-eabi/lib/armv7-m\libg.a(lib_a-mallocr.o)
                0x0008a784                _malloc_r
 .text          0x0008acbc       0xec c:/users/roberto/eclipse/arduinoplugin/tools/arduino/arm-none-eabi-gcc/4.8.3-2014q1/bin/../lib/gcc/arm-none-eabi/4.8.3/../../../../arm-none-eabi/lib/armv7-m\libg.a(lib_a-memcpy.o)
                0x0008acbc                memcpy
 .text.memmove  0x0008ada8       0xcc c:/users/roberto/eclipse/arduinoplugin/tools/arduino/arm-none-eabi-gcc/4.8.3-2014q1/bin/../lib/gcc/arm-none-eabi/4.8.3/../../../../arm-none-eabi/lib/armv7-m\libg.a(lib_a-memmove.o)
                0x0008ada8                memmove
 .text.memset   0x0008ae74       0x94 c:/users/roberto/eclipse/arduinoplugin/tools/arduino/arm-none-eabi-gcc/4.8.3-2014q1/bin/../lib/gcc/arm-none-eabi/4.8.3/../../../../arm-none-eabi/lib/armv7-m\libg.a(lib_a-memset.o)
                0x0008ae74                memset
 .text.__malloc_lock
                0x0008af08        0x4 c:/users/roberto/eclipse/arduinoplugin/tools/arduino/arm-none-eabi-gcc/4.8.3-2014q1/bin/../lib/gcc/arm-none-eabi/4.8.3/../../../../arm-none-eabi/lib/armv7-m\libg.a(lib_a-mlock.o)
                0x0008af08                __malloc_lock
 .text.__malloc_unlock
                0x0008af0c        0x4 c:/users/roberto/eclipse/arduinoplugin/tools/arduino/arm-none-eabi-gcc/4.8.3-2014q1/bin/../lib/gcc/arm-none-eabi/4.8.3/../../../../arm-none-eabi/lib/armv7-m\libg.a(lib_a-mlock.o)
                0x0008af0c                __malloc_unlock
 .text.realloc  0x0008af10       0x10 c:/users/roberto/eclipse/arduinoplugin/tools/arduino/arm-none-eabi-gcc/4.8.3-2014q1/bin/../lib/gcc/arm-none-eabi/4.8.3/../../../../arm-none-eabi/lib/armv7-m\libg.a(lib_a-realloc.o)
                0x0008af10                realloc
 .text._realloc_r
                0x0008af20      0x3c0 c:/users/roberto/eclipse/arduinoplugin/tools/arduino/arm-none-eabi-gcc/4.8.3-2014q1/bin/../lib/gcc/arm-none-eabi/4.8.3/../../../../arm-none-eabi/lib/armv7-m\libg.a(lib_a-reallocr.o)
                0x0008af20                _realloc_r
 .text._sbrk_r  0x0008b2e0       0x24 c:/users/roberto/eclipse/arduinoplugin/tools/arduino/arm-none-eabi-gcc/4.8.3-2014q1/bin/../lib/gcc/arm-none-eabi/4.8.3/../../../../arm-none-eabi/lib/armv7-m\libg.a(lib_a-sbrkr.o)
                0x0008b2e0                _sbrk_r
 .text.sprintf  0x0008b304       0x4c c:/users/roberto/eclipse/arduinoplugin/tools/arduino/arm-none-eabi-gcc/4.8.3-2014q1/bin/../lib/gcc/arm-none-eabi/4.8.3/../../../../arm-none-eabi/lib/armv7-m\libg.a(lib_a-sprintf.o)
                0x0008b304                sprintf
 .text.strcpy   0x0008b350       0xbc c:/users/roberto/eclipse/arduinoplugin/tools/arduino/arm-none-eabi-gcc/4.8.3-2014q1/bin/../lib/gcc/arm-none-eabi/4.8.3/../../../../arm-none-eabi/lib/armv7-m\libg.a(lib_a-strcpy.o)
                0x0008b350                strcpy
 .text.strlen   0x0008b40c       0x60 c:/users/roberto/eclipse/arduinoplugin/tools/arduino/arm-none-eabi-gcc/4.8.3-2014q1/bin/../lib/gcc/arm-none-eabi/4.8.3/../../../../arm-none-eabi/lib/armv7-m\libg.a(lib_a-strlen.o)
                0x0008b40c                strlen
 .text.strncpy  0x0008b46c       0x64 c:/users/roberto/eclipse/arduinoplugin/tools/arduino/arm-none-eabi-gcc/4.8.3-2014q1/bin/../lib/gcc/arm-none-eabi/4.8.3/../../../../arm-none-eabi/lib/armv7-m\libg.a(lib_a-strncpy.o)
                0x0008b46c                strncpy
 .text._svfprintf_r
                0x0008b4d0     0x14e0 c:/users/roberto/eclipse/arduinoplugin/tools/arduino/arm-none-eabi-gcc/4.8.3-2014q1/bin/../lib/gcc/arm-none-eabi/4.8.3/../../../../arm-none-eabi/lib/armv7-m\libg.a(lib_a-svfprintf.o)
                0x0008b4d0                _svfprintf_r
 .text.__sprint_r.part.0
                0x0008c9b0       0x78 c:/users/roberto/eclipse/arduinoplugin/tools/arduino/arm-none-eabi-gcc/4.8.3-2014q1/bin/../lib/gcc/arm-none-eabi/4.8.3/../../../../arm-none-eabi/lib/armv7-m\libg.a(lib_a-vfiprintf.o)
 .text._vfiprintf_r
                0x0008ca28      0xc54 c:/users/roberto/eclipse/arduinoplugin/tools/arduino/arm-none-eabi-gcc/4.8.3-2014q1/bin/../lib/gcc/arm-none-eabi/4.8.3/../../../../arm-none-eabi/lib/armv7-m\libg.a(lib_a-vfiprintf.o)
                0x0008ca28                _vfiprintf_r
 .text.__sbprintf
                0x0008d67c       0x7c c:/users/roberto/eclipse/arduinoplugin/tools/arduino/arm-none-eabi-gcc/4.8.3-2014q1/bin/../lib/gcc/arm-none-eabi/4.8.3/../../../../arm-none-eabi/lib/armv7-m\libg.a(lib_a-vfiprintf.o)
 .text.__swsetup_r
                0x0008d6f8       0xc4 c:/users/roberto/eclipse/arduinoplugin/tools/arduino/arm-none-eabi-gcc/4.8.3-2014q1/bin/../lib/gcc/arm-none-eabi/4.8.3/../../../../arm-none-eabi/lib/armv7-m\libg.a(lib_a-wsetup.o)
                0x0008d6f8                __swsetup_r
 .text.__register_exitproc
                0x0008d7bc       0xa8 c:/users/roberto/eclipse/arduinoplugin/tools/arduino/arm-none-eabi-gcc/4.8.3-2014q1/bin/../lib/gcc/arm-none-eabi/4.8.3/../../../../arm-none-eabi/lib/armv7-m\libg.a(lib_a-__atexit.o)
                0x0008d7bc                __register_exitproc
 .text.startup.register_fini
                0x0008d864       0x14 c:/users/roberto/eclipse/arduinoplugin/tools/arduino/arm-none-eabi-gcc/4.8.3-2014q1/bin/../lib/gcc/arm-none-eabi/4.8.3/../../../../arm-none-eabi/lib/armv7-m\libg.a(lib_a-__call_atexit.o)
 .text.abort    0x0008d878       0x10 c:/users/roberto/eclipse/arduinoplugin/tools/arduino/arm-none-eabi-gcc/4.8.3-2014q1/bin/../lib/gcc/arm-none-eabi/4.8.3/../../../../arm-none-eabi/lib/armv7-m\libg.a(lib_a-abort.o)
                0x0008d878                abort
 .text.atexit   0x0008d888        0xc c:/users/roberto/eclipse/arduinoplugin/tools/arduino/arm-none-eabi-gcc/4.8.3-2014q1/bin/../lib/gcc/arm-none-eabi/4.8.3/../../../../arm-none-eabi/lib/armv7-m\libg.a(lib_a-atexit.o)
                0x0008d888                atexit
 .text.quorem   0x0008d894      0x134 c:/users/roberto/eclipse/arduinoplugin/tools/arduino/arm-none-eabi-gcc/4.8.3-2014q1/bin/../lib/gcc/arm-none-eabi/4.8.3/../../../../arm-none-eabi/lib/armv7-m\libg.a(lib_a-dtoa.o)
 .text._dtoa_r  0x0008d9c8      0xe38 c:/users/roberto/eclipse/arduinoplugin/tools/arduino/arm-none-eabi-gcc/4.8.3-2014q1/bin/../lib/gcc/arm-none-eabi/4.8.3/../../../../arm-none-eabi/lib/armv7-m\libg.a(lib_a-dtoa.o)
                0x0008d9c8                _dtoa_r
 .text.__sflush_r
                0x0008e800      0x148 c:/users/roberto/eclipse/arduinoplugin/tools/arduino/arm-none-eabi-gcc/4.8.3-2014q1/bin/../lib/gcc/arm-none-eabi/4.8.3/../../../../arm-none-eabi/lib/armv7-m\libg.a(lib_a-fflush.o)
                0x0008e800                __sflush_r
 .text._fflush_r
                0x0008e948       0x2c c:/users/roberto/eclipse/arduinoplugin/tools/arduino/arm-none-eabi-gcc/4.8.3-2014q1/bin/../lib/gcc/arm-none-eabi/4.8.3/../../../../arm-none-eabi/lib/armv7-m\libg.a(lib_a-fflush.o)
                0x0008e948                _fflush_r
 .text._cleanup_r
                0x0008e974        0xc c:/users/roberto/eclipse/arduinoplugin/tools/arduino/arm-none-eabi-gcc/4.8.3-2014q1/bin/../lib/gcc/arm-none-eabi/4.8.3/../../../../arm-none-eabi/lib/armv7-m\libg.a(lib_a-findfp.o)
                0x0008e974                _cleanup_r
 .text.__sinit  0x0008e980       0xf4 c:/users/roberto/eclipse/arduinoplugin/tools/arduino/arm-none-eabi-gcc/4.8.3-2014q1/bin/../lib/gcc/arm-none-eabi/4.8.3/../../../../arm-none-eabi/lib/armv7-m\libg.a(lib_a-findfp.o)
                0x0008e980                __sinit
 .text.__sfp_lock_acquire
                0x0008ea74        0x4 c:/users/roberto/eclipse/arduinoplugin/tools/arduino/arm-none-eabi-gcc/4.8.3-2014q1/bin/../lib/gcc/arm-none-eabi/4.8.3/../../../../arm-none-eabi/lib/armv7-m\libg.a(lib_a-findfp.o)
                0x0008ea74                __sfp_lock_acquire
 .text.__sfp_lock_release
                0x0008ea78        0x4 c:/users/roberto/eclipse/arduinoplugin/tools/arduino/arm-none-eabi-gcc/4.8.3-2014q1/bin/../lib/gcc/arm-none-eabi/4.8.3/../../../../arm-none-eabi/lib/armv7-m\libg.a(lib_a-findfp.o)
                0x0008ea78                __sfp_lock_release
 .text.__libc_fini_array
                0x0008ea7c       0x30 c:/users/roberto/eclipse/arduinoplugin/tools/arduino/arm-none-eabi-gcc/4.8.3-2014q1/bin/../lib/gcc/arm-none-eabi/4.8.3/../../../../arm-none-eabi/lib/armv7-m\libg.a(lib_a-fini.o)
                0x0008ea7c                __libc_fini_array
 .text._fputwc_r
                0x0008eaac       0xc0 c:/users/roberto/eclipse/arduinoplugin/tools/arduino/arm-none-eabi-gcc/4.8.3-2014q1/bin/../lib/gcc/arm-none-eabi/4.8.3/../../../../arm-none-eabi/lib/armv7-m\libg.a(lib_a-fputwc.o)
                0x0008eaac                _fputwc_r
 .text._malloc_trim_r
                0x0008eb6c       0x9c c:/users/roberto/eclipse/arduinoplugin/tools/arduino/arm-none-eabi-gcc/4.8.3-2014q1/bin/../lib/gcc/arm-none-eabi/4.8.3/../../../../arm-none-eabi/lib/armv7-m\libg.a(lib_a-freer.o)
                0x0008eb6c                _malloc_trim_r
 .text._free_r  0x0008ec08      0x198 c:/users/roberto/eclipse/arduinoplugin/tools/arduino/arm-none-eabi-gcc/4.8.3-2014q1/bin/../lib/gcc/arm-none-eabi/4.8.3/../../../../arm-none-eabi/lib/armv7-m\libg.a(lib_a-freer.o)
                0x0008ec08                _free_r
 .text.__sfvwrite_r
                0x0008eda0      0x314 c:/users/roberto/eclipse/arduinoplugin/tools/arduino/arm-none-eabi-gcc/4.8.3-2014q1/bin/../lib/gcc/arm-none-eabi/4.8.3/../../../../arm-none-eabi/lib/armv7-m\libg.a(lib_a-fvwrite.o)
                0x0008eda0                __sfvwrite_r
 .text._fwalk   0x0008f0b4       0x48 c:/users/roberto/eclipse/arduinoplugin/tools/arduino/arm-none-eabi-gcc/4.8.3-2014q1/bin/../lib/gcc/arm-none-eabi/4.8.3/../../../../arm-none-eabi/lib/armv7-m\libg.a(lib_a-fwalk.o)
                0x0008f0b4                _fwalk
 .text.__locale_charset
                0x0008f0fc        0x8 c:/users/roberto/eclipse/arduinoplugin/tools/arduino/arm-none-eabi-gcc/4.8.3-2014q1/bin/../lib/gcc/arm-none-eabi/4.8.3/../../../../arm-none-eabi/lib/armv7-m\libg.a(lib_a-locale.o)
                0x0008f0fc                __locale_charset
 .text.__locale_mb_cur_max
                0x0008f104        0xc c:/users/roberto/eclipse/arduinoplugin/tools/arduino/arm-none-eabi-gcc/4.8.3-2014q1/bin/../lib/gcc/arm-none-eabi/4.8.3/../../../../arm-none-eabi/lib/armv7-m\libg.a(lib_a-locale.o)
                0x0008f104                __locale_mb_cur_max
 .text._localeconv_r
                0x0008f110        0x8 c:/users/roberto/eclipse/arduinoplugin/tools/arduino/arm-none-eabi-gcc/4.8.3-2014q1/bin/../lib/gcc/arm-none-eabi/4.8.3/../../../../arm-none-eabi/lib/armv7-m\libg.a(lib_a-locale.o)
                0x0008f110                _localeconv_r
 .text.__smakebuf_r
                0x0008f118       0xe0 c:/users/roberto/eclipse/arduinoplugin/tools/arduino/arm-none-eabi-gcc/4.8.3-2014q1/bin/../lib/gcc/arm-none-eabi/4.8.3/../../../../arm-none-eabi/lib/armv7-m\libg.a(lib_a-makebuf.o)
                0x0008f118                __smakebuf_r
 .text.memchr   0x0008f1f8       0x94 c:/users/roberto/eclipse/arduinoplugin/tools/arduino/arm-none-eabi-gcc/4.8.3-2014q1/bin/../lib/gcc/arm-none-eabi/4.8.3/../../../../arm-none-eabi/lib/armv7-m\libg.a(lib_a-memchr-stub.o)
                0x0008f1f8                memchr
 .text._Balloc  0x0008f28c       0x4c c:/users/roberto/eclipse/arduinoplugin/tools/arduino/arm-none-eabi-gcc/4.8.3-2014q1/bin/../lib/gcc/arm-none-eabi/4.8.3/../../../../arm-none-eabi/lib/armv7-m\libg.a(lib_a-mprec.o)
                0x0008f28c                _Balloc
 .text._Bfree   0x0008f2d8       0x14 c:/users/roberto/eclipse/arduinoplugin/tools/arduino/arm-none-eabi-gcc/4.8.3-2014q1/bin/../lib/gcc/arm-none-eabi/4.8.3/../../../../arm-none-eabi/lib/armv7-m\libg.a(lib_a-mprec.o)
                0x0008f2d8                _Bfree
 .text.__multadd
                0x0008f2ec       0x94 c:/users/roberto/eclipse/arduinoplugin/tools/arduino/arm-none-eabi-gcc/4.8.3-2014q1/bin/../lib/gcc/arm-none-eabi/4.8.3/../../../../arm-none-eabi/lib/armv7-m\libg.a(lib_a-mprec.o)
                0x0008f2ec                __multadd
 .text.__hi0bits
                0x0008f380       0x40 c:/users/roberto/eclipse/arduinoplugin/tools/arduino/arm-none-eabi-gcc/4.8.3-2014q1/bin/../lib/gcc/arm-none-eabi/4.8.3/../../../../arm-none-eabi/lib/armv7-m\libg.a(lib_a-mprec.o)
                0x0008f380                __hi0bits
 .text.__lo0bits
                0x0008f3c0       0x5c c:/users/roberto/eclipse/arduinoplugin/tools/arduino/arm-none-eabi-gcc/4.8.3-2014q1/bin/../lib/gcc/arm-none-eabi/4.8.3/../../../../arm-none-eabi/lib/armv7-m\libg.a(lib_a-mprec.o)
                0x0008f3c0                __lo0bits
 .text.__i2b    0x0008f41c       0x14 c:/users/roberto/eclipse/arduinoplugin/tools/arduino/arm-none-eabi-gcc/4.8.3-2014q1/bin/../lib/gcc/arm-none-eabi/4.8.3/../../../../arm-none-eabi/lib/armv7-m\libg.a(lib_a-mprec.o)
                0x0008f41c                __i2b
 .text.__multiply
                0x0008f430      0x13c c:/users/roberto/eclipse/arduinoplugin/tools/arduino/arm-none-eabi-gcc/4.8.3-2014q1/bin/../lib/gcc/arm-none-eabi/4.8.3/../../../../arm-none-eabi/lib/armv7-m\libg.a(lib_a-mprec.o)
                0x0008f430                __multiply
 .text.__pow5mult
                0x0008f56c       0x9c c:/users/roberto/eclipse/arduinoplugin/tools/arduino/arm-none-eabi-gcc/4.8.3-2014q1/bin/../lib/gcc/arm-none-eabi/4.8.3/../../../../arm-none-eabi/lib/armv7-m\libg.a(lib_a-mprec.o)
                0x0008f56c                __pow5mult
 .text.__lshift
                0x0008f608       0xbc c:/users/roberto/eclipse/arduinoplugin/tools/arduino/arm-none-eabi-gcc/4.8.3-2014q1/bin/../lib/gcc/arm-none-eabi/4.8.3/../../../../arm-none-eabi/lib/armv7-m\libg.a(lib_a-mprec.o)
                0x0008f608                __lshift
 .text.__mcmp   0x0008f6c4       0x48 c:/users/roberto/eclipse/arduinoplugin/tools/arduino/arm-none-eabi-gcc/4.8.3-2014q1/bin/../lib/gcc/arm-none-eabi/4.8.3/../../../../arm-none-eabi/lib/armv7-m\libg.a(lib_a-mprec.o)
                0x0008f6c4                __mcmp
 .text.__mdiff  0x0008f70c       0xd8 c:/users/roberto/eclipse/arduinoplugin/tools/arduino/arm-none-eabi-gcc/4.8.3-2014q1/bin/../lib/gcc/arm-none-eabi/4.8.3/../../../../arm-none-eabi/lib/armv7-m\libg.a(lib_a-mprec.o)
                0x0008f70c                __mdiff
 .text.__d2b    0x0008f7e4       0xbc c:/users/roberto/eclipse/arduinoplugin/tools/arduino/arm-none-eabi-gcc/4.8.3-2014q1/bin/../lib/gcc/arm-none-eabi/4.8.3/../../../../arm-none-eabi/lib/armv7-m\libg.a(lib_a-mprec.o)
                0x0008f7e4                __d2b
 .text._raise_r
                0x0008f8a0       0x58 c:/users/roberto/eclipse/arduinoplugin/tools/arduino/arm-none-eabi-gcc/4.8.3-2014q1/bin/../lib/gcc/arm-none-eabi/4.8.3/../../../../arm-none-eabi/lib/armv7-m\libg.a(lib_a-signal.o)
                0x0008f8a0                _raise_r
 .text.raise    0x0008f8f8       0x10 c:/users/roberto/eclipse/arduinoplugin/tools/arduino/arm-none-eabi-gcc/4.8.3-2014q1/bin/../lib/gcc/arm-none-eabi/4.8.3/../../../../arm-none-eabi/lib/armv7-m\libg.a(lib_a-signal.o)
                0x0008f8f8                raise
 .text._kill_r  0x0008f908       0x28 c:/users/roberto/eclipse/arduinoplugin/tools/arduino/arm-none-eabi-gcc/4.8.3-2014q1/bin/../lib/gcc/arm-none-eabi/4.8.3/../../../../arm-none-eabi/lib/armv7-m\libg.a(lib_a-signalr.o)
                0x0008f908                _kill_r
 .text._getpid_r
                0x0008f930        0x4 c:/users/roberto/eclipse/arduinoplugin/tools/arduino/arm-none-eabi-gcc/4.8.3-2014q1/bin/../lib/gcc/arm-none-eabi/4.8.3/../../../../arm-none-eabi/lib/armv7-m\libg.a(lib_a-signalr.o)
                0x0008f930                _getpid_r
 .text.__sread  0x0008f934       0x24 c:/users/roberto/eclipse/arduinoplugin/tools/arduino/arm-none-eabi-gcc/4.8.3-2014q1/bin/../lib/gcc/arm-none-eabi/4.8.3/../../../../arm-none-eabi/lib/armv7-m\libg.a(lib_a-stdio.o)
                0x0008f934                __sread
 .text.__swrite
                0x0008f958       0x38 c:/users/roberto/eclipse/arduinoplugin/tools/arduino/arm-none-eabi-gcc/4.8.3-2014q1/bin/../lib/gcc/arm-none-eabi/4.8.3/../../../../arm-none-eabi/lib/armv7-m\libg.a(lib_a-stdio.o)
                0x0008f958                __swrite
 .text.__sseek  0x0008f990       0x20 c:/users/roberto/eclipse/arduinoplugin/tools/arduino/arm-none-eabi-gcc/4.8.3-2014q1/bin/../lib/gcc/arm-none-eabi/4.8.3/../../../../arm-none-eabi/lib/armv7-m\libg.a(lib_a-stdio.o)
                0x0008f990                __sseek
 .text.__sclose
                0x0008f9b0        0x8 c:/users/roberto/eclipse/arduinoplugin/tools/arduino/arm-none-eabi-gcc/4.8.3-2014q1/bin/../lib/gcc/arm-none-eabi/4.8.3/../../../../arm-none-eabi/lib/armv7-m\libg.a(lib_a-stdio.o)
                0x0008f9b0                __sclose
 .text.__ssprint_r
                0x0008f9b8      0x100 c:/users/roberto/eclipse/arduinoplugin/tools/arduino/arm-none-eabi-gcc/4.8.3-2014q1/bin/../lib/gcc/arm-none-eabi/4.8.3/../../../../arm-none-eabi/lib/armv7-m\libg.a(lib_a-svfiprintf.o)
                0x0008f9b8                __ssprint_r
 .text.__swbuf_r
                0x0008fab8       0xa8 c:/users/roberto/eclipse/arduinoplugin/tools/arduino/arm-none-eabi-gcc/4.8.3-2014q1/bin/../lib/gcc/arm-none-eabi/4.8.3/../../../../arm-none-eabi/lib/armv7-m\libg.a(lib_a-wbuf.o)
                0x0008fab8                __swbuf_r
 .text._wcrtomb_r
                0x0008fb60       0x50 c:/users/roberto/eclipse/arduinoplugin/tools/arduino/arm-none-eabi-gcc/4.8.3-2014q1/bin/../lib/gcc/arm-none-eabi/4.8.3/../../../../arm-none-eabi/lib/armv7-m\libg.a(lib_a-wcrtomb.o)
                0x0008fb60                _wcrtomb_r
 .text.__ascii_wctomb
                0x0008fbb0       0x1c c:/users/roberto/eclipse/arduinoplugin/tools/arduino/arm-none-eabi-gcc/4.8.3-2014q1/bin/../lib/gcc/arm-none-eabi/4.8.3/../../../../arm-none-eabi/lib/armv7-m\libg.a(lib_a-wctomb_r.o)
                0x0008fbb0                __ascii_wctomb
 .text._write_r
                0x0008fbcc       0x28 c:/users/roberto/eclipse/arduinoplugin/tools/arduino/arm-none-eabi-gcc/4.8.3-2014q1/bin/../lib/gcc/arm-none-eabi/4.8.3/../../../../arm-none-eabi/lib/armv7-m\libg.a(lib_a-writer.o)
                0x0008fbcc                _write_r
 .text._calloc_r
                0x0008fbf4       0x60 c:/users/roberto/eclipse/arduinoplugin/tools/arduino/arm-none-eabi-gcc/4.8.3-2014q1/bin/../lib/gcc/arm-none-eabi/4.8.3/../../../../arm-none-eabi/lib/armv7-m\libg.a(lib_a-callocr.o)
                0x0008fbf4                _calloc_r
 .text._close_r
                0x0008fc54       0x24 c:/users/roberto/eclipse/arduinoplugin/tools/arduino/arm-none-eabi-gcc/4.8.3-2014q1/bin/../lib/gcc/arm-none-eabi/4.8.3/../../../../arm-none-eabi/lib/armv7-m\libg.a(lib_a-closer.o)
                0x0008fc54                _close_r
 .text._fclose_r
                0x0008fc78       0x80 c:/users/roberto/eclipse/arduinoplugin/tools/arduino/arm-none-eabi-gcc/4.8.3-2014q1/bin/../lib/gcc/arm-none-eabi/4.8.3/../../../../arm-none-eabi/lib/armv7-m\libg.a(lib_a-fclose.o)
                0x0008fc78                _fclose_r